Archive member included to satisfy reference by file (symbol)

/usr/lib/gcc/arm-none-eabi/13.2.1/thumb/v6-m/nofp/libgcc.a(_dvmd_tls.o)
                              CMakeFiles/onboard_temperature.dir/home/umetsu/HDD2/pico/pico-sdk/src/rp2_common/pico_divider/divider_hardware.S.obj (__aeabi_idiv0)
/usr/lib/gcc/arm-none-eabi/13.2.1/../../../arm-none-eabi/lib/thumb/v6-m/nofp/libg.a(libc_a-calloc.o)
                              CMakeFiles/onboard_temperature.dir/home/umetsu/HDD2/pico/pico-sdk/src/rp2_common/pico_malloc/malloc.c.obj (calloc)
/usr/lib/gcc/arm-none-eabi/13.2.1/../../../arm-none-eabi/lib/thumb/v6-m/nofp/libg.a(libc_a-impure.o)
                              /usr/lib/gcc/arm-none-eabi/13.2.1/../../../arm-none-eabi/lib/thumb/v6-m/nofp/libg.a(libc_a-calloc.o) (_impure_ptr)
/usr/lib/gcc/arm-none-eabi/13.2.1/../../../arm-none-eabi/lib/thumb/v6-m/nofp/libg.a(libc_a-callocr.o)
                              /usr/lib/gcc/arm-none-eabi/13.2.1/../../../arm-none-eabi/lib/thumb/v6-m/nofp/libg.a(libc_a-calloc.o) (_calloc_r)
/usr/lib/gcc/arm-none-eabi/13.2.1/../../../arm-none-eabi/lib/thumb/v6-m/nofp/libg.a(libc_a-realloc.o)
                              CMakeFiles/onboard_temperature.dir/home/umetsu/HDD2/pico/pico-sdk/src/rp2_common/pico_malloc/malloc.c.obj (realloc)
/usr/lib/gcc/arm-none-eabi/13.2.1/../../../arm-none-eabi/lib/thumb/v6-m/nofp/libg.a(libc_a-mallocr.o)
                              /usr/lib/gcc/arm-none-eabi/13.2.1/../../../arm-none-eabi/lib/thumb/v6-m/nofp/libg.a(libc_a-callocr.o) (_malloc_r)
/usr/lib/gcc/arm-none-eabi/13.2.1/../../../arm-none-eabi/lib/thumb/v6-m/nofp/libg.a(libc_a-freer.o)
                              /usr/lib/gcc/arm-none-eabi/13.2.1/../../../arm-none-eabi/lib/thumb/v6-m/nofp/libg.a(libc_a-mallocr.o) (_free_r)
/usr/lib/gcc/arm-none-eabi/13.2.1/../../../arm-none-eabi/lib/thumb/v6-m/nofp/libg.a(libc_a-memcmp.o)
                              CMakeFiles/onboard_temperature.dir/home/umetsu/HDD2/pico/pico-sdk/src/rp2_common/pico_atomic/atomic.c.obj (memcmp)
/usr/lib/gcc/arm-none-eabi/13.2.1/../../../arm-none-eabi/lib/thumb/v6-m/nofp/libg.a(libc_a-malloc.o)
                              CMakeFiles/onboard_temperature.dir/home/umetsu/HDD2/pico/pico-sdk/src/rp2_common/pico_malloc/malloc.c.obj (malloc)
/usr/lib/gcc/arm-none-eabi/13.2.1/../../../arm-none-eabi/lib/thumb/v6-m/nofp/libg.a(libc_a-sysconf.o)
                              /usr/lib/gcc/arm-none-eabi/13.2.1/../../../arm-none-eabi/lib/thumb/v6-m/nofp/libg.a(libc_a-mallocr.o) (sysconf)
/usr/lib/gcc/arm-none-eabi/13.2.1/../../../arm-none-eabi/lib/thumb/v6-m/nofp/libg.a(libc_a-init.o)
                              /usr/lib/gcc/arm-none-eabi/13.2.1/../../../arm-none-eabi/lib/thumb/v6-m/nofp/crt0.o (__libc_init_array)
/usr/lib/gcc/arm-none-eabi/13.2.1/../../../arm-none-eabi/lib/thumb/v6-m/nofp/libg.a(libc_a-reallocr.o)
                              /usr/lib/gcc/arm-none-eabi/13.2.1/../../../arm-none-eabi/lib/thumb/v6-m/nofp/libg.a(libc_a-realloc.o) (_realloc_r)
/usr/lib/gcc/arm-none-eabi/13.2.1/../../../arm-none-eabi/lib/thumb/v6-m/nofp/libg.a(libc_a-mktime.o)
                              CMakeFiles/onboard_temperature.dir/home/umetsu/HDD2/pico/pico-sdk/src/common/pico_util/datetime.c.obj (mktime)
/usr/lib/gcc/arm-none-eabi/13.2.1/../../../arm-none-eabi/lib/thumb/v6-m/nofp/libg.a(libc_a-mlock.o)
                              /usr/lib/gcc/arm-none-eabi/13.2.1/../../../arm-none-eabi/lib/thumb/v6-m/nofp/libg.a(libc_a-mallocr.o) (__malloc_lock)
/usr/lib/gcc/arm-none-eabi/13.2.1/../../../arm-none-eabi/lib/thumb/v6-m/nofp/libg.a(libc_a-findfp.o)
                              /usr/lib/gcc/arm-none-eabi/13.2.1/../../../arm-none-eabi/lib/thumb/v6-m/nofp/libg.a(libc_a-impure.o) (__sf)
/usr/lib/gcc/arm-none-eabi/13.2.1/../../../arm-none-eabi/lib/thumb/v6-m/nofp/libg.a(libc_a-tzlock.o)
                              /usr/lib/gcc/arm-none-eabi/13.2.1/../../../arm-none-eabi/lib/thumb/v6-m/nofp/libg.a(libc_a-mktime.o) (__tz_lock)
/usr/lib/gcc/arm-none-eabi/13.2.1/../../../arm-none-eabi/lib/thumb/v6-m/nofp/libg.a(libc_a-atexit.o)
                              /usr/lib/gcc/arm-none-eabi/13.2.1/../../../arm-none-eabi/lib/thumb/v6-m/nofp/crt0.o (atexit)
/usr/lib/gcc/arm-none-eabi/13.2.1/../../../arm-none-eabi/lib/thumb/v6-m/nofp/libg.a(libc_a-lcltime_r.o)
                              CMakeFiles/onboard_temperature.dir/home/umetsu/HDD2/pico/pico-sdk/src/common/pico_util/datetime.c.obj (localtime_r)
/usr/lib/gcc/arm-none-eabi/13.2.1/../../../arm-none-eabi/lib/thumb/v6-m/nofp/libg.a(libc_a-strlen-stub.o)
                              CMakeFiles/onboard_temperature.dir/home/umetsu/HDD2/pico/pico-sdk/src/rp2_common/pico_stdio/stdio.c.obj (strlen)
/usr/lib/gcc/arm-none-eabi/13.2.1/../../../arm-none-eabi/lib/thumb/v6-m/nofp/libg.a(libc_a-sbrkr.o)
                              /usr/lib/gcc/arm-none-eabi/13.2.1/../../../arm-none-eabi/lib/thumb/v6-m/nofp/libg.a(libc_a-mallocr.o) (_sbrk_r)
[...]
Memory Configuration

Name             Origin             Length             Attributes
FLASH            0x10000000         0x00200000         xr
RAM              0x20000000         0x00040000         xrw
SCRATCH_X        0x20040000         0x00001000         xrw
SCRATCH_Y        0x20041000         0x00001000         xrw
*default*        0x00000000         0xffffffff

Linker script and memory map

LOAD /usr/lib/gcc/arm-none-eabi/13.2.1/thumb/v6-m/nofp/crti.o
LOAD /usr/lib/gcc/arm-none-eabi/13.2.1/thumb/v6-m/nofp/crtbegin.o
LOAD /usr/lib/gcc/arm-none-eabi/13.2.1/../../../arm-none-eabi/lib/thumb/v6-m/nofp/crt0.o

.flash_begin    0x10000000        0x0
                0x10000000                        __flash_binary_start = .

.boot2          0x10000000      0x100
                0x10000000                        __boot2_start__ = .
 *(.boot2)
 .boot2         0x10000000      0x100 /tmp/ccmEWKBe.o
                0x10000100                        __boot2_end__ = .
                0x00000001                        ASSERT (((__boot2_end__ - __boot2_start__) == 0x100), ERROR: Pico second stage bootloader must be 256 bytes in size)

.text           0x10000100     0x3f34
                0x10000100                        __logical_binary_start = .
 *(.vectors)
 .vectors       0x10000100       0xd4 CMakeFiles/onboard_temperature.dir/home/umetsu/HDD2/pico/pico-sdk/src/rp2_common/pico_crt0/crt0.S.obj
                0x10000100                __vectors
                0x10000100                __VECTOR_TABLE
                0x100001c0                isr_invalid
                0x100001c0                __default_isrs_start
                0x100001c2                isr_nmi
                0x100001c4                isr_hardfault
                0x100001c6                isr_svcall
                0x100001c8                isr_pendsv
                0x100001ca                isr_systick
                0x100001cc                isr_irq30
                0x100001cc                __unhandled_user_irq
                0x100001cc                isr_irq13
                0x100001cc                isr_irq27
                0x100001cc                isr_irq31
                0x100001cc                isr_irq5
                0x100001cc                isr_irq11
                0x100001cc                isr_irq23
                0x100001cc                isr_irq18
                0x100001cc                isr_irq28
                0x100001cc                isr_irq19
                0x100001cc                isr_irq0
                0x100001cc                isr_irq6
                0x100001cc                isr_irq22
                0x100001cc                isr_irq17
                0x100001cc                isr_irq14
                0x100001cc                isr_irq2
                0x100001cc                isr_irq10
                0x100001cc                isr_irq8
                0x100001cc                isr_irq24
                0x100001cc                isr_irq1
                0x100001cc                isr_irq7
                0x100001cc                isr_irq21
                0x100001cc                isr_irq20
                0x100001cc                isr_irq15
                0x100001cc                isr_irq25
                0x100001cc                isr_irq4
                0x100001cc                isr_irq16
                0x100001cc                isr_irq29
                0x100001cc                isr_irq26
                0x100001cc                __default_isrs_end
                0x100001cc                isr_irq3
                0x100001cc                isr_irq12
                0x100001cc                isr_irq9
                0x100001d2                unhandled_user_irq_num_in_r0
 *(.binary_info_header)
 .binary_info_header
                0x100001d4       0x14 CMakeFiles/onboard_temperature.dir/home/umetsu/HDD2/pico/pico-sdk/src/rp2_common/pico_crt0/crt0.S.obj
                0x100001e8                        __binary_info_header_end = .
 *(.embedded_block)
                0x100001e8                        __embedded_block_end = .
 *(.reset)
 .reset         0x100001e8       0x9c CMakeFiles/onboard_temperature.dir/home/umetsu/HDD2/pico/pico-sdk/src/rp2_common/pico_crt0/crt0.S.obj
                0x100001e8                _entry_point
 *(.init)
 .init          0x10000284        0x4 /usr/lib/gcc/arm-none-eabi/13.2.1/thumb/v6-m/nofp/crti.o
                0x10000284                _init
 *(EXCLUDE_FILE(*libm.a: *libc.a:*lib_a-mem*.o *libgcc.a:) .text*)
 .text          0x10000288       0x98 /usr/lib/gcc/arm-none-eabi/13.2.1/thumb/v6-m/nofp/crtbegin.o
 .text.read_onboard_temperature
                0x10000320       0x7c CMakeFiles/onboard_temperature.dir/onboard_temperature.c.obj
                0x10000320                read_onboard_temperature
 .text.main     0x1000039c       0x7c CMakeFiles/onboard_temperature.dir/onboard_temperature.c.obj
                0x1000039c                main
 .text.gpio_set_function
                0x10000418       0x34 CMakeFiles/onboard_temperature.dir/home/umetsu/HDD2/pico/pico-sdk/src/rp2_common/hardware_gpio/gpio.c.obj
                0x10000418                gpio_set_function
 .text.gpio_init
                0x1000044c       0x16 CMakeFiles/onboard_temperature.dir/home/umetsu/HDD2/pico/pico-sdk/src/rp2_common/hardware_gpio/gpio.c.obj
                0x1000044c                gpio_init
 *fill*         0x10000462        0x2 
 .text.panic    0x10000464       0x30 CMakeFiles/onboard_temperature.dir/home/umetsu/HDD2/pico/pico-sdk/src/rp2_common/pico_platform_panic/panic.c.obj
                0x10000464                panic
 .text.hw_claim_lock
                0x10000494       0x18 CMakeFiles/onboard_temperature.dir/home/umetsu/HDD2/pico/pico-sdk/src/common/hardware_claim/claim.c.obj
                0x10000494                hw_claim_lock
 .text.hw_claim_unlock
                0x100004ac       0x14 CMakeFiles/onboard_temperature.dir/home/umetsu/HDD2/pico/pico-sdk/src/common/hardware_claim/claim.c.obj
                0x100004ac                hw_claim_unlock
 .text.hw_claim_or_assert
                0x100004c0       0x32 CMakeFiles/onboard_temperature.dir/home/umetsu/HDD2/pico/pico-sdk/src/common/hardware_claim/claim.c.obj
                0x100004c0                hw_claim_or_assert
 *fill*         0x100004f2        0x2 
 .text.next_striped_spin_lock_num
                0x100004f4       0x1c CMakeFiles/onboard_temperature.dir/home/umetsu/HDD2/pico/pico-sdk/src/rp2_common/hardware_sync/sync.c.obj
                0x100004f4                next_striped_spin_lock_num
 .text.spin_locks_reset
                0x10000510       0x20 CMakeFiles/onboard_temperature.dir/home/umetsu/HDD2/pico/pico-sdk/src/rp2_common/hardware_sync_spin_lock/sync_spin_lock.c.obj
                0x10000510                spin_locks_reset
 .text.set_raw_irq_handler_and_unlock
                0x10000530       0x28 CMakeFiles/onboard_temperature.dir/home/umetsu/HDD2/pico/pico-sdk/src/rp2_common/hardware_irq/irq.c.obj
 .text.nvic_ipr0
                0x10000558        0x8 CMakeFiles/onboard_temperature.dir/home/umetsu/HDD2/pico/pico-sdk/src/rp2_common/hardware_irq/irq.c.obj
 .text.runtime_init_per_core_irq_priorities
                0x10000560       0x1c CMakeFiles/onboard_temperature.dir/home/umetsu/HDD2/pico/pico-sdk/src/rp2_common/hardware_irq/irq.c.obj
                0x10000560                runtime_init_per_core_irq_priorities
 .text.resolve_j_16
                0x1000057c       0x30 CMakeFiles/onboard_temperature.dir/home/umetsu/HDD2/pico/pico-sdk/src/rp2_common/hardware_irq/irq.c.obj
 .text.make_j_16
                0x100005ac       0x48 CMakeFiles/onboard_temperature.dir/home/umetsu/HDD2/pico/pico-sdk/src/rp2_common/hardware_irq/irq.c.obj
 .text.insert_bl_32
                0x100005f4       0x40 CMakeFiles/onboard_temperature.dir/home/umetsu/HDD2/pico/pico-sdk/src/rp2_common/hardware_irq/irq.c.obj
 .text.irq_is_enabled
                0x10000634       0x18 CMakeFiles/onboard_temperature.dir/home/umetsu/HDD2/pico/pico-sdk/src/rp2_common/hardware_irq/irq.c.obj
                0x10000634                irq_is_enabled
 .text.irq_set_mask_n_enabled
                0x1000064c       0x1c CMakeFiles/onboard_temperature.dir/home/umetsu/HDD2/pico/pico-sdk/src/rp2_common/hardware_irq/irq.c.obj
                0x1000064c                irq_set_mask_n_enabled
 .text.irq_set_enabled
                0x10000668       0x14 CMakeFiles/onboard_temperature.dir/home/umetsu/HDD2/pico/pico-sdk/src/rp2_common/hardware_irq/irq.c.obj
                0x10000668                irq_set_enabled
 .text.irq_get_vtable_handler
                0x1000067c       0x10 CMakeFiles/onboard_temperature.dir/home/umetsu/HDD2/pico/pico-sdk/src/rp2_common/hardware_irq/irq.c.obj
                0x1000067c                irq_get_vtable_handler
 .text.irq_set_exclusive_handler
                0x1000068c       0x54 CMakeFiles/onboard_temperature.dir/home/umetsu/HDD2/pico/pico-sdk/src/rp2_common/hardware_irq/irq.c.obj
                0x1000068c                irq_set_exclusive_handler
 .text.irq_remove_handler
                0x100006e0      0x18c CMakeFiles/onboard_temperature.dir/home/umetsu/HDD2/pico/pico-sdk/src/rp2_common/hardware_irq/irq.c.obj
                0x100006e0                irq_remove_handler
 .text.irq_add_tail_to_free_list
                0x1000086c       0xf4 CMakeFiles/onboard_temperature.dir/home/umetsu/HDD2/pico/pico-sdk/src/rp2_common/hardware_irq/irq.c.obj
                0x1000086c                irq_add_tail_to_free_list
 .text.lock_init
                0x10000960       0x10 CMakeFiles/onboard_temperature.dir/home/umetsu/HDD2/pico/pico-sdk/src/common/pico_sync/lock_core.c.obj
                0x10000960                lock_init
 .text.mutex_init
                0x10000970       0x1a CMakeFiles/onboard_temperature.dir/home/umetsu/HDD2/pico/pico-sdk/src/common/pico_sync/mutex.c.obj
                0x10000970                mutex_init
 .text.recursive_mutex_init
                0x1000098a       0x1e CMakeFiles/onboard_temperature.dir/home/umetsu/HDD2/pico/pico-sdk/src/common/pico_sync/mutex.c.obj
                0x1000098a                recursive_mutex_init
 .text.runtime_init_mutex
                0x100009a8       0x4c CMakeFiles/onboard_temperature.dir/home/umetsu/HDD2/pico/pico-sdk/src/common/pico_sync/mutex.c.obj
                0x100009a8                runtime_init_mutex
 .text.make_alarm_id
                0x100009f4        0x6 CMakeFiles/onboard_temperature.dir/home/umetsu/HDD2/pico/pico-sdk/src/common/pico_time/time.c.obj
 *fill*         0x100009fa        0x2 
 .text.sleep_until_callback
                0x100009fc       0x30 CMakeFiles/onboard_temperature.dir/home/umetsu/HDD2/pico/pico-sdk/src/common/pico_time/time.c.obj
 .text.alarm_pool_irq_handler
                0x10000a2c      0x2e0 CMakeFiles/onboard_temperature.dir/home/umetsu/HDD2/pico/pico-sdk/src/common/pico_time/time.c.obj
 .text.ta_enable_irq_handler
                0x10000d0c       0x2c CMakeFiles/onboard_temperature.dir/home/umetsu/HDD2/pico/pico-sdk/src/common/pico_time/time.c.obj
 .text.alarm_pool_post_alloc_init
                0x10000d38       0x78 CMakeFiles/onboard_temperature.dir/home/umetsu/HDD2/pico/pico-sdk/src/common/pico_time/time.c.obj
 .text.alarm_pool_get_default
                0x10000db0       0x2c CMakeFiles/onboard_temperature.dir/home/umetsu/HDD2/pico/pico-sdk/src/common/pico_time/time.c.obj
                0x10000db0                alarm_pool_get_default
 .text.alarm_pool_add_alarm_at_force_in_context
                0x10000ddc       0xa4 CMakeFiles/onboard_temperature.dir/home/umetsu/HDD2/pico/pico-sdk/src/common/pico_time/time.c.obj
                0x10000ddc                alarm_pool_add_alarm_at_force_in_context
 .text.alarm_pool_add_alarm_at
                0x10000e80       0x3c CMakeFiles/onboard_temperature.dir/home/umetsu/HDD2/pico/pico-sdk/src/common/pico_time/time.c.obj
                0x10000e80                alarm_pool_add_alarm_at
 .text.add_alarm_at
                0x10000ebc       0x2e CMakeFiles/onboard_temperature.dir/home/umetsu/HDD2/pico/pico-sdk/src/common/pico_time/time.c.obj
 *fill*         0x10000eea        0x2 
 .text.alarm_pool_cancel_alarm
                0x10000eec       0x78 CMakeFiles/onboard_temperature.dir/home/umetsu/HDD2/pico/pico-sdk/src/common/pico_time/time.c.obj
                0x10000eec                alarm_pool_cancel_alarm
 .text.cancel_alarm
                0x10000f64       0x10 CMakeFiles/onboard_temperature.dir/home/umetsu/HDD2/pico/pico-sdk/src/common/pico_time/time.c.obj
 .text.sleep_until
                0x10000f74       0xc0 CMakeFiles/onboard_temperature.dir/home/umetsu/HDD2/pico/pico-sdk/src/common/pico_time/time.c.obj
                0x10000f74                sleep_until
 .text.sleep_us
                0x10001034       0x24 CMakeFiles/onboard_temperature.dir/home/umetsu/HDD2/pico/pico-sdk/src/common/pico_time/time.c.obj
                0x10001034                sleep_us
 .text.sleep_ms
                0x10001058       0x14 CMakeFiles/onboard_temperature.dir/home/umetsu/HDD2/pico/pico-sdk/src/common/pico_time/time.c.obj
                0x10001058                sleep_ms
 .text.best_effort_wfe_or_timeout
                0x1000106c       0xc4 CMakeFiles/onboard_temperature.dir/home/umetsu/HDD2/pico/pico-sdk/src/common/pico_time/time.c.obj
                0x1000106c                best_effort_wfe_or_timeout
 .text.alarm_pool_get_default_timer
                0x10001130        0x8 CMakeFiles/onboard_temperature.dir/home/umetsu/HDD2/pico/pico-sdk/src/common/pico_time/time.c.obj
                0x10001130                alarm_pool_get_default_timer
 .text.runtime_init_default_alarm_pool
                0x10001138       0x38 CMakeFiles/onboard_temperature.dir/home/umetsu/HDD2/pico/pico-sdk/src/common/pico_time/time.c.obj
                0x10001138                runtime_init_default_alarm_pool
 .text.timer_hardware_alarm_claim
                0x10001170       0x14 CMakeFiles/onboard_temperature.dir/home/umetsu/HDD2/pico/pico-sdk/src/rp2_common/hardware_timer/timer.c.obj
                0x10001170                timer_hardware_alarm_claim
 .text.timer_time_us_64
                0x10001184       0x10 CMakeFiles/onboard_temperature.dir/home/umetsu/HDD2/pico/pico-sdk/src/rp2_common/hardware_timer/timer.c.obj
                0x10001184                timer_time_us_64
 .text.timer_busy_wait_until
                0x10001194       0x1a CMakeFiles/onboard_temperature.dir/home/umetsu/HDD2/pico/pico-sdk/src/rp2_common/hardware_timer/timer.c.obj
                0x10001194                timer_busy_wait_until
 .text.timer_busy_wait_us
                0x100011ae       0x38 CMakeFiles/onboard_temperature.dir/home/umetsu/HDD2/pico/pico-sdk/src/rp2_common/hardware_timer/timer.c.obj
                0x100011ae                timer_busy_wait_us
 *fill*         0x100011e6        0x2 
 .text.time_us_64
                0x100011e8       0x10 CMakeFiles/onboard_temperature.dir/home/umetsu/HDD2/pico/pico-sdk/src/rp2_common/hardware_timer/timer.c.obj
                0x100011e8                time_us_64
 .text.busy_wait_us
                0x100011f8       0x14 CMakeFiles/onboard_temperature.dir/home/umetsu/HDD2/pico/pico-sdk/src/rp2_common/hardware_timer/timer.c.obj
                0x100011f8                busy_wait_us
 .text.busy_wait_until
                0x1000120c       0x14 CMakeFiles/onboard_temperature.dir/home/umetsu/HDD2/pico/pico-sdk/src/rp2_common/hardware_timer/timer.c.obj
                0x1000120c                busy_wait_until
 .text.uart_unreset
                0x10001220       0x2c CMakeFiles/onboard_temperature.dir/home/umetsu/HDD2/pico/pico-sdk/src/rp2_common/hardware_uart/uart.c.obj
 .text.uart_disable_before_lcr_write
                0x1000124c       0x48 CMakeFiles/onboard_temperature.dir/home/umetsu/HDD2/pico/pico-sdk/src/rp2_common/hardware_uart/uart.c.obj
 .text.uart_write_lcr_bits_masked
                0x10001294       0x20 CMakeFiles/onboard_temperature.dir/home/umetsu/HDD2/pico/pico-sdk/src/rp2_common/hardware_uart/uart.c.obj
 .text.uart_set_baudrate
                0x100012b4       0x5c CMakeFiles/onboard_temperature.dir/home/umetsu/HDD2/pico/pico-sdk/src/rp2_common/hardware_uart/uart.c.obj
                0x100012b4                uart_set_baudrate
 .text.uart_set_translate_crlf
                0x10001310       0x28 CMakeFiles/onboard_temperature.dir/home/umetsu/HDD2/pico/pico-sdk/src/rp2_common/hardware_uart/uart.c.obj
                0x10001310                uart_set_translate_crlf
 .text.uart_init
                0x10001338       0x64 CMakeFiles/onboard_temperature.dir/home/umetsu/HDD2/pico/pico-sdk/src/rp2_common/hardware_uart/uart.c.obj
                0x10001338                uart_init
 .text.clock_configure_internal
                0x1000139c       0xc4 CMakeFiles/onboard_temperature.dir/home/umetsu/HDD2/pico/pico-sdk/src/rp2_common/hardware_clocks/clocks.c.obj
 .text.clock_configure_int_divider
                0x10001460       0x28 CMakeFiles/onboard_temperature.dir/home/umetsu/HDD2/pico/pico-sdk/src/rp2_common/hardware_clocks/clocks.c.obj
                0x10001460                clock_configure_int_divider
 .text.clock_configure_undivided
                0x10001488       0x12 CMakeFiles/onboard_temperature.dir/home/umetsu/HDD2/pico/pico-sdk/src/rp2_common/hardware_clocks/clocks.c.obj
                0x10001488                clock_configure_undivided
 *fill*         0x1000149a        0x2 
 .text.clock_get_hz
                0x1000149c        0xc CMakeFiles/onboard_temperature.dir/home/umetsu/HDD2/pico/pico-sdk/src/rp2_common/hardware_clocks/clocks.c.obj
                0x1000149c                clock_get_hz
 .text.pll_init
                0x100014a8      0x124 CMakeFiles/onboard_temperature.dir/home/umetsu/HDD2/pico/pico-sdk/src/rp2_common/hardware_pll/pll.c.obj
                0x100014a8                pll_init
 .text.tick_start
                0x100015cc       0x10 CMakeFiles/onboard_temperature.dir/home/umetsu/HDD2/pico/pico-sdk/src/rp2_common/hardware_ticks/ticks.c.obj
                0x100015cc                tick_start
 .text.xosc_init
                0x100015dc       0x28 CMakeFiles/onboard_temperature.dir/home/umetsu/HDD2/pico/pico-sdk/src/rp2_common/hardware_xosc/xosc.c.obj
                0x100015dc                xosc_init
 .text.runtime_run_initializers_from
                0x10001604       0x18 CMakeFiles/onboard_temperature.dir/home/umetsu/HDD2/pico/pico-sdk/src/rp2_common/pico_runtime/runtime.c.obj
 .text.first_per_core_initializer
                0x1000161c        0x2 CMakeFiles/onboard_temperature.dir/home/umetsu/HDD2/pico/pico-sdk/src/rp2_common/pico_runtime/runtime.c.obj
 *fill*         0x1000161e        0x2 
 .text.runtime_run_initializers
                0x10001620       0x10 CMakeFiles/onboard_temperature.dir/home/umetsu/HDD2/pico/pico-sdk/src/rp2_common/pico_runtime/runtime.c.obj
                0x10001620                runtime_run_initializers
 .text.runtime_init_early_resets
                0x10001630       0x2c CMakeFiles/onboard_temperature.dir/home/umetsu/HDD2/pico/pico-sdk/src/rp2_common/pico_runtime_init/runtime_init.c.obj
                0x10001630                runtime_init_early_resets
 .text.runtime_init_usb_power_down
                0x1000165c       0x1c CMakeFiles/onboard_temperature.dir/home/umetsu/HDD2/pico/pico-sdk/src/rp2_common/pico_runtime_init/runtime_init.c.obj
                0x1000165c                runtime_init_usb_power_down
 .text.runtime_init_post_clock_resets
                0x10001678       0x20 CMakeFiles/onboard_temperature.dir/home/umetsu/HDD2/pico/pico-sdk/src/rp2_common/pico_runtime_init/runtime_init.c.obj
                0x10001678                runtime_init_post_clock_resets
 .text.runtime_init_rp2040_gpio_ie_disable
                0x10001698       0x14 CMakeFiles/onboard_temperature.dir/home/umetsu/HDD2/pico/pico-sdk/src/rp2_common/pico_runtime_init/runtime_init.c.obj
                0x10001698                runtime_init_rp2040_gpio_ie_disable
 .text.runtime_init_spin_locks_reset
                0x100016ac        0x8 CMakeFiles/onboard_temperature.dir/home/umetsu/HDD2/pico/pico-sdk/src/rp2_common/pico_runtime_init/runtime_init.c.obj
                0x100016ac                runtime_init_spin_locks_reset
 .text.runtime_init_install_ram_vector_table
                0x100016b4       0x1c CMakeFiles/onboard_temperature.dir/home/umetsu/HDD2/pico/pico-sdk/src/rp2_common/pico_runtime_init/runtime_init.c.obj
                0x100016b4                runtime_init_install_ram_vector_table
 .text.start_all_ticks
                0x100016d0       0x28 CMakeFiles/onboard_temperature.dir/home/umetsu/HDD2/pico/pico-sdk/src/rp2_common/pico_runtime_init/runtime_init_clocks.c.obj
 .text.runtime_init_clocks
                0x100016f8       0xcc CMakeFiles/onboard_temperature.dir/home/umetsu/HDD2/pico/pico-sdk/src/rp2_common/pico_runtime_init/runtime_init_clocks.c.obj
                0x100016f8                runtime_init_clocks
 .text          0x100017c4       0x10 CMakeFiles/onboard_temperature.dir/home/umetsu/HDD2/pico/pico-sdk/src/rp2_common/pico_bit_ops/bit_ops_aeabi.S.obj
 .text.rom_func_lookup
                0x100017d4       0x10 CMakeFiles/onboard_temperature.dir/home/umetsu/HDD2/pico/pico-sdk/src/rp2_common/pico_bootrom/bootrom.c.obj
                0x100017d4                rom_func_lookup
 .text.rom_data_lookup
                0x100017e4       0x10 CMakeFiles/onboard_temperature.dir/home/umetsu/HDD2/pico/pico-sdk/src/rp2_common/pico_bootrom/bootrom.c.obj
                0x100017e4                rom_data_lookup
 .text.rom_funcs_lookup
                0x100017f4       0x36 CMakeFiles/onboard_temperature.dir/home/umetsu/HDD2/pico/pico-sdk/src/rp2_common/pico_bootrom/bootrom.c.obj
                0x100017f4                rom_funcs_lookup
 *fill*         0x1000182a        0x2 
 .text.__wrap___aeabi_idiv
                0x1000182c       0x50 CMakeFiles/onboard_temperature.dir/home/umetsu/HDD2/pico/pico-sdk/src/rp2_common/pico_divider/divider_hardware.S.obj
                0x1000182c                __wrap___aeabi_idivmod
                0x1000182c                divmod_s32s32
                0x1000182c                div_s32s32
                0x1000182c                __wrap___aeabi_idiv
                0x10001834                divmod_s32s32_unsafe
                0x10001860                divmod_s32s32_savestate
 .text.__wrap___aeabi_uidiv
                0x1000187c       0x4c CMakeFiles/onboard_temperature.dir/home/umetsu/HDD2/pico/pico-sdk/src/rp2_common/pico_divider/divider_hardware.S.obj
                0x1000187c                __wrap___aeabi_uidiv
                0x1000187c                __wrap___aeabi_uidivmod
                0x1000187c                div_u32u32
                0x1000187c                divmod_u32u32
                0x10001884                divmod_u32u32_unsafe
                0x100018ac                divmod_u32u32_savestate
 .text.__wrap___aeabi_ldiv
                0x100018c8      0x424 CMakeFiles/onboard_temperature.dir/home/umetsu/HDD2/pico/pico-sdk/src/rp2_common/pico_divider/divider_hardware.S.obj
                0x100018c8                div_s64s64
                0x100018c8                divmod_s64s64
                0x100018c8                __wrap___aeabi_ldivmod
                0x100018f8                div_u64u64
                0x100018f8                divmod_u64u64
                0x100018f8                __wrap___aeabi_uldivmod
                0x10001908                divmod_u64u64_savestate
                0x10001928                divmod_s64s64_unsafe
                0x100019b0                divmod_u64u64_unsafe
 .text.__wrap___aeabi_darithmetic
                0x10001cec       0x80 CMakeFiles/onboard_temperature.dir/home/umetsu/HDD2/pico/pico-sdk/src/rp2_common/pico_double/double_aeabi_rp2040.S.obj
                0x10001cec                __wrap___aeabi_drsub
                0x10001cf2                __wrap___aeabi_dsub
                0x10001d04                __wrap___aeabi_dadd
                0x10001d16                __wrap___aeabi_ddiv
                0x10001d52                __wrap___aeabi_dmul
 .text.__wrap___aeabi_cdcmple
                0x10001d6c       0x6c CMakeFiles/onboard_temperature.dir/home/umetsu/HDD2/pico/pico-sdk/src/rp2_common/pico_double/double_aeabi_rp2040.S.obj
                0x10001d6c                __wrap___aeabi_cdrcmple
                0x10001d7c                __wrap___aeabi_cdcmple
                0x10001d7c                __wrap___aeabi_cdcmpeq
 .text.__wrap___aeabi_dcmplt
                0x10001dd8        0xc CMakeFiles/onboard_temperature.dir/home/umetsu/HDD2/pico/pico-sdk/src/rp2_common/pico_double/double_aeabi_rp2040.S.obj
                0x10001dd8                __wrap___aeabi_dcmplt
 .text.__wrap___aeabi_dcmple
                0x10001de4       0x10 CMakeFiles/onboard_temperature.dir/home/umetsu/HDD2/pico/pico-sdk/src/rp2_common/pico_double/double_aeabi_rp2040.S.obj
                0x10001de4                __wrap___aeabi_dcmple
 .text.__wrap___aeabi_dcmpge
                0x10001df4       0x10 CMakeFiles/onboard_temperature.dir/home/umetsu/HDD2/pico/pico-sdk/src/rp2_common/pico_double/double_aeabi_rp2040.S.obj
                0x10001df4                __wrap___aeabi_dcmpge
 .text.__wrap___aeabi_dcmpgt
                0x10001e04        0xa CMakeFiles/onboard_temperature.dir/home/umetsu/HDD2/pico/pico-sdk/src/rp2_common/pico_double/double_aeabi_rp2040.S.obj
                0x10001e04                __wrap___aeabi_dcmpgt
 .text.__wrap___aeabi_dcmpun
                0x10001e0e       0x18 CMakeFiles/onboard_temperature.dir/home/umetsu/HDD2/pico/pico-sdk/src/rp2_common/pico_double/double_aeabi_rp2040.S.obj
                0x10001e0e                __wrap___aeabi_dcmpun
 *fill*         0x10001e26        0x2 
 .text.__wrap___aeabi_i2d
                0x10001e28       0x38 CMakeFiles/onboard_temperature.dir/home/umetsu/HDD2/pico/pico-sdk/src/rp2_common/pico_double/double_aeabi_rp2040.S.obj
                0x10001e28                __wrap___aeabi_ui2d
                0x10001e30                __wrap___aeabi_i2d
 .text.__wrap___aeabi_d2iz
                0x10001e60       0x48 CMakeFiles/onboard_temperature.dir/home/umetsu/HDD2/pico/pico-sdk/src/rp2_common/pico_double/double_aeabi_rp2040.S.obj
                0x10001e60                __wrap___aeabi_d2iz
                0x10001e60                double2int_z
 .text.__wrap___aeabi_d2uiz
                0x10001ea8       0x18 CMakeFiles/onboard_temperature.dir/home/umetsu/HDD2/pico/pico-sdk/src/rp2_common/pico_double/double_aeabi_rp2040.S.obj
                0x10001ea8                double2uint
                0x10001ea8                __wrap___aeabi_d2uiz
 .text.__aeabi_double_init
                0x10001ec0       0xcc CMakeFiles/onboard_temperature.dir/home/umetsu/HDD2/pico/pico-sdk/src/rp2_common/pico_double/double_init_rom_rp2040.c.obj
                0x10001ec0                __aeabi_double_init
 .text.double_table_shim_on_use_helper
                0x10001f8c       0x34 CMakeFiles/onboard_temperature.dir/home/umetsu/HDD2/pico/pico-sdk/src/rp2_common/pico_double/double_v1_rom_shim_rp2040.S.obj
                0x10001f8c                double_table_shim_on_use_helper
 .text.__wrap___aeabi_dsub
                0x10001fc0       0x10 CMakeFiles/onboard_temperature.dir/home/umetsu/HDD2/pico/pico-sdk/src/rp2_common/pico_double/double_v1_rom_shim_rp2040.S.obj
                0x10001fc0                drsub_shim
                0x10001fc6                dsub_shim
 .text.dadd_shim
                0x10001fd0      0x15c CMakeFiles/onboard_temperature.dir/home/umetsu/HDD2/pico/pico-sdk/src/rp2_common/pico_double/double_v1_rom_shim_rp2040.S.obj
                0x10001fd0                dadd_shim
 .text.dmul_shim
                0x1000212c      0x15c CMakeFiles/onboard_temperature.dir/home/umetsu/HDD2/pico/pico-sdk/src/rp2_common/pico_double/double_v1_rom_shim_rp2040.S.obj
                0x1000212c                dmul_shim
 .text.ddiv_shim
                0x10002288      0x1b0 CMakeFiles/onboard_temperature.dir/home/umetsu/HDD2/pico/pico-sdk/src/rp2_common/pico_double/double_v1_rom_shim_rp2040.S.obj
                0x10002288                ddiv_shim
 .text.double2uint_shim
                0x10002438        0xe CMakeFiles/onboard_temperature.dir/home/umetsu/HDD2/pico/pico-sdk/src/rp2_common/pico_double/double_v1_rom_shim_rp2040.S.obj
                0x10002438                double2uint_shim
                0x1000243a                double2ufix_shim
 *fill*         0x10002446        0x2 
 .text.double2uint64_shim
                0x10002448       0x70 CMakeFiles/onboard_temperature.dir/home/umetsu/HDD2/pico/pico-sdk/src/rp2_common/pico_double/double_v1_rom_shim_rp2040.S.obj
                0x10002448                double2uint64_shim
                0x1000244a                double2ufix64_shim
                0x1000246a                d2fix_a
 .text.dunpacks
                0x100024b8       0x3c CMakeFiles/onboard_temperature.dir/home/umetsu/HDD2/pico/pico-sdk/src/rp2_common/pico_double/double_v1_rom_shim_rp2040.S.obj
                0x100024b8                dunpacks
 .text.__aeabi_lmul
                0x100024f4       0x32 CMakeFiles/onboard_temperature.dir/home/umetsu/HDD2/pico/pico-sdk/src/rp2_common/pico_int64_ops/pico_int64_ops_aeabi.S.obj
                0x100024f4                __wrap___aeabi_lmul
 *fill*         0x10002526        0x2 
 .text.__wrap___aeabi_farithmetic
                0x10002528       0x58 CMakeFiles/onboard_temperature.dir/home/umetsu/HDD2/pico/pico-sdk/src/rp2_common/pico_float/float_aeabi_rp2040.S.obj
                0x10002528                __wrap___aeabi_frsub
                0x1000252e                __wrap___aeabi_fsub
                0x10002538                __wrap___aeabi_fadd
                0x10002542                __wrap___aeabi_fdiv
                0x1000256e                __wrap___aeabi_fmul
 .text.__wrap___aeabi_ui2f
                0x10002580        0xa CMakeFiles/onboard_temperature.dir/home/umetsu/HDD2/pico/pico-sdk/src/rp2_common/pico_float/float_aeabi_rp2040.S.obj
                0x10002580                uint2float
                0x10002580                __wrap___aeabi_ui2f
 *fill*         0x1000258a        0x2 
 .text.__wrap___aeabi_i2f
                0x1000258c       0x44 CMakeFiles/onboard_temperature.dir/home/umetsu/HDD2/pico/pico-sdk/src/rp2_common/pico_float/float_aeabi_rp2040.S.obj
                0x1000258c                int2float
                0x1000258c                __wrap___aeabi_i2f
 .text.__wrap___aeabi_f2d
                0x100025d0       0x14 CMakeFiles/onboard_temperature.dir/home/umetsu/HDD2/pico/pico-sdk/src/rp2_common/pico_float/float_aeabi_rp2040.S.obj
                0x100025d0                __wrap___aeabi_f2d
 .text.__aeabi_float_init
                0x100025e4       0xfc CMakeFiles/onboard_temperature.dir/home/umetsu/HDD2/pico/pico-sdk/src/rp2_common/pico_float/float_init_rom_rp2040.c.obj
                0x100025e4                __aeabi_float_init
 .text.float_table_shim_on_use_helper
                0x100026e0       0x34 CMakeFiles/onboard_temperature.dir/home/umetsu/HDD2/pico/pico-sdk/src/rp2_common/pico_float/float_v1_rom_shim_rp2040.S.obj
                0x100026e0                float_table_shim_on_use_helper
 .text.float2double_shim
                0x10002714       0x30 CMakeFiles/onboard_temperature.dir/home/umetsu/HDD2/pico/pico-sdk/src/rp2_common/pico_float/float_v1_rom_shim_rp2040.S.obj
                0x10002714                float2double_shim
 .text          0x10002744       0x10 CMakeFiles/onboard_temperature.dir/home/umetsu/HDD2/pico/pico-sdk/src/rp2_common/pico_mem_ops/mem_ops_aeabi.S.obj
                0x10002744                __aeabi_mem_init
 .text.memcpy   0x10002754        0xc CMakeFiles/onboard_temperature.dir/home/umetsu/HDD2/pico/pico-sdk/src/rp2_common/pico_mem_ops/mem_ops_aeabi.S.obj
                0x10002754                __wrap___aeabi_memcpy
                0x10002754                __wrap_memcpy
 .text._out_null
                0x10002760        0x2 CMakeFiles/onboard_temperature.dir/home/umetsu/HDD2/pico/pico-sdk/src/rp2_common/pico_printf/printf.c.obj
 .text._out_fct
                0x10002762        0xe CMakeFiles/onboard_temperature.dir/home/umetsu/HDD2/pico/pico-sdk/src/rp2_common/pico_printf/printf.c.obj
 .text._atoi    0x10002770       0x24 CMakeFiles/onboard_temperature.dir/home/umetsu/HDD2/pico/pico-sdk/src/rp2_common/pico_printf/printf.c.obj
 .text._out_rev
                0x10002794       0xae CMakeFiles/onboard_temperature.dir/home/umetsu/HDD2/pico/pico-sdk/src/rp2_common/pico_printf/printf.c.obj
 .text._ntoa_format
                0x10002842      0x110 CMakeFiles/onboard_temperature.dir/home/umetsu/HDD2/pico/pico-sdk/src/rp2_common/pico_printf/printf.c.obj
 .text._ntoa_long
                0x10002952       0xbc CMakeFiles/onboard_temperature.dir/home/umetsu/HDD2/pico/pico-sdk/src/rp2_common/pico_printf/printf.c.obj
 .text._ntoa_long_long
                0x10002a0e      0x10e CMakeFiles/onboard_temperature.dir/home/umetsu/HDD2/pico/pico-sdk/src/rp2_common/pico_printf/printf.c.obj
 .text._etoa    0x10002b1c      0x420 CMakeFiles/onboard_temperature.dir/home/umetsu/HDD2/pico/pico-sdk/src/rp2_common/pico_printf/printf.c.obj
 .text._ftoa    0x10002f3c      0x354 CMakeFiles/onboard_temperature.dir/home/umetsu/HDD2/pico/pico-sdk/src/rp2_common/pico_printf/printf.c.obj
 .text._vsnprintf
                0x10003290      0x668 CMakeFiles/onboard_temperature.dir/home/umetsu/HDD2/pico/pico-sdk/src/rp2_common/pico_printf/printf.c.obj
 .text.vfctprintf
                0x100038f8       0x20 CMakeFiles/onboard_temperature.dir/home/umetsu/HDD2/pico/pico-sdk/src/rp2_common/pico_printf/printf.c.obj
                0x100038f8                vfctprintf
 .text._exit    0x10003918        0x4 CMakeFiles/onboard_temperature.dir/home/umetsu/HDD2/pico/pico-sdk/src/rp2_common/pico_clib_interface/newlib_interface.c.obj
                0x10003918                _exit
 .text.exit     0x1000391c        0x6 CMakeFiles/onboard_temperature.dir/home/umetsu/HDD2/pico/pico-sdk/src/rp2_common/pico_clib_interface/newlib_interface.c.obj
                0x1000391c                exit
 *fill*         0x10003922        0x2 
 .text.__assert_func
                0x10003924       0x38 CMakeFiles/onboard_temperature.dir/home/umetsu/HDD2/pico/pico-sdk/src/rp2_common/pico_clib_interface/newlib_interface.c.obj
                0x10003924                __assert_func
 .text.runtime_init
                0x1000395c       0x28 CMakeFiles/onboard_temperature.dir/home/umetsu/HDD2/pico/pico-sdk/src/rp2_common/pico_clib_interface/newlib_interface.c.obj
                0x1000395c                runtime_init
 .text.stdio_out_chars_no_crlf
                0x10003984        0xe CMakeFiles/onboard_temperature.dir/home/umetsu/HDD2/pico/pico-sdk/src/rp2_common/pico_stdio/stdio.c.obj
 *fill*         0x10003992        0x2 
 .text.stdio_out_chars_crlf
                0x10003994       0x80 CMakeFiles/onboard_temperature.dir/home/umetsu/HDD2/pico/pico-sdk/src/rp2_common/pico_stdio/stdio.c.obj
 .text.stdio_stack_buffer_flush
                0x10003a14       0x44 CMakeFiles/onboard_temperature.dir/home/umetsu/HDD2/pico/pico-sdk/src/rp2_common/pico_stdio/stdio.c.obj
 .text.stdio_buffered_printer
                0x10003a58       0x20 CMakeFiles/onboard_temperature.dir/home/umetsu/HDD2/pico/pico-sdk/src/rp2_common/pico_stdio/stdio.c.obj
 .text.stdout_serialize_begin
                0x10003a78       0x30 CMakeFiles/onboard_temperature.dir/home/umetsu/HDD2/pico/pico-sdk/src/rp2_common/pico_stdio/stdio.c.obj
                0x10003a78                stdout_serialize_begin
 .text.stdout_serialize_end
                0x10003aa8       0x10 CMakeFiles/onboard_temperature.dir/home/umetsu/HDD2/pico/pico-sdk/src/rp2_common/pico_stdio/stdio.c.obj
                0x10003aa8                stdout_serialize_end
 .text.stdio_put_string
                0x10003ab8       0x94 CMakeFiles/onboard_temperature.dir/home/umetsu/HDD2/pico/pico-sdk/src/rp2_common/pico_stdio/stdio.c.obj
                0x10003ab8                stdio_put_string
 .text.stdio_set_driver_enabled
                0x10003b4c       0x2c CMakeFiles/onboard_temperature.dir/home/umetsu/HDD2/pico/pico-sdk/src/rp2_common/pico_stdio/stdio.c.obj
                0x10003b4c                stdio_set_driver_enabled
 .text.stdio_flush
                0x10003b78       0x20 CMakeFiles/onboard_temperature.dir/home/umetsu/HDD2/pico/pico-sdk/src/rp2_common/pico_stdio/stdio.c.obj
                0x10003b78                stdio_flush
 .text.stdio_init_all
                0x10003b98        0xa CMakeFiles/onboard_temperature.dir/home/umetsu/HDD2/pico/pico-sdk/src/rp2_common/pico_stdio/stdio.c.obj
                0x10003b98                stdio_init_all
 .text.__wrap_puts
                0x10003ba2       0x1e CMakeFiles/onboard_temperature.dir/home/umetsu/HDD2/pico/pico-sdk/src/rp2_common/pico_stdio/stdio.c.obj
                0x10003ba2                __wrap_puts
                0x10003ba2                stdio_puts
 .text.__wrap_vprintf
                0x10003bc0       0x40 CMakeFiles/onboard_temperature.dir/home/umetsu/HDD2/pico/pico-sdk/src/rp2_common/pico_stdio/stdio.c.obj
                0x10003bc0                __wrap_vprintf
                0x10003bc0                stdio_vprintf
 .text.__wrap_printf
                0x10003c00       0x18 CMakeFiles/onboard_temperature.dir/home/umetsu/HDD2/pico/pico-sdk/src/rp2_common/pico_stdio/stdio.c.obj
                0x10003c00                stdio_printf
                0x10003c00                __wrap_printf
 .text.uart_putc
                0x10003c18       0x60 CMakeFiles/onboard_temperature.dir/home/umetsu/HDD2/pico/pico-sdk/src/rp2_common/pico_stdio_uart/stdio_uart.c.obj
 .text.uart_getc
                0x10003c78       0x24 CMakeFiles/onboard_temperature.dir/home/umetsu/HDD2/pico/pico-sdk/src/rp2_common/pico_stdio_uart/stdio_uart.c.obj
 .text.stdio_uart_out_chars
                0x10003c9c       0x20 CMakeFiles/onboard_temperature.dir/home/umetsu/HDD2/pico/pico-sdk/src/rp2_common/pico_stdio_uart/stdio_uart.c.obj
 .text.stdio_uart_in_chars
                0x10003cbc       0x5c CMakeFiles/onboard_temperature.dir/home/umetsu/HDD2/pico/pico-sdk/src/rp2_common/pico_stdio_uart/stdio_uart.c.obj
                0x10003cbc                stdio_uart_in_chars
 .text.on_uart_rx
                0x10003d18       0x28 CMakeFiles/onboard_temperature.dir/home/umetsu/HDD2/pico/pico-sdk/src/rp2_common/pico_stdio_uart/stdio_uart.c.obj
 .text.stdio_uart_out_flush
                0x10003d40       0x10 CMakeFiles/onboard_temperature.dir/home/umetsu/HDD2/pico/pico-sdk/src/rp2_common/pico_stdio_uart/stdio_uart.c.obj
 .text.stdio_uart_set_chars_available_callback
                0x10003d50       0x8c CMakeFiles/onboard_temperature.dir/home/umetsu/HDD2/pico/pico-sdk/src/rp2_common/pico_stdio_uart/stdio_uart.c.obj
 .text.stdio_uart_init_full
                0x10003ddc       0x44 CMakeFiles/onboard_temperature.dir/home/umetsu/HDD2/pico/pico-sdk/src/rp2_common/pico_stdio_uart/stdio_uart.c.obj
                0x10003ddc                stdio_uart_init_full
 .text.stdio_uart_init
                0x10003e20       0x30 CMakeFiles/onboard_temperature.dir/home/umetsu/HDD2/pico/pico-sdk/src/rp2_common/pico_stdio_uart/stdio_uart.c.obj
                0x10003e20                stdio_uart_init
 .text.adc_init
                0x10003e50       0x34 CMakeFiles/onboard_temperature.dir/home/umetsu/HDD2/pico/pico-sdk/src/rp2_common/hardware_adc/adc.c.obj
                0x10003e50                adc_init
 .text          0x10003e84       0x10 /usr/lib/gcc/arm-none-eabi/13.2.1/../../../arm-none-eabi/lib/thumb/v6-m/nofp/libg.a(libc_a-atexit.o)
                0x10003e84                atexit
 .text          0x10003e94       0x5c /usr/lib/gcc/arm-none-eabi/13.2.1/../../../arm-none-eabi/lib/thumb/v6-m/nofp/libg.a(libc_a-strlen-stub.o)
                0x10003e94                strlen
 .text          0x10003ef0       0x28 /usr/lib/gcc/arm-none-eabi/13.2.1/../../../arm-none-eabi/lib/thumb/v6-m/nofp/libg.a(libc_a-fini.o)
                0x10003ef0                __libc_fini_array
 .text          0x10003f18       0x78 /usr/lib/gcc/arm-none-eabi/13.2.1/../../../arm-none-eabi/lib/thumb/v6-m/nofp/libg.a(libc_a-__atexit.o)
                0x10003f18                __register_exitproc
 .text.startup  0x10003f90       0x18 /usr/lib/gcc/arm-none-eabi/13.2.1/../../../arm-none-eabi/lib/thumb/v6-m/nofp/libg.a(libc_a-__call_atexit.o)
 *(.fini)
 .fini          0x10003fa8        0x4 /usr/lib/gcc/arm-none-eabi/13.2.1/thumb/v6-m/nofp/crti.o
                0x10003fa8                _fini
 *fill*         0x10003fac        0x4 
 .fini.__stub   0x10003fb0       0x40 linker stubs
 *crtbegin.o(.ctors)
 *crtbegin?.o(.ctors)
 *(EXCLUDE_FILE(*crtend.o *crtend?.o) .ctors)
 *(SORT_BY_NAME(.ctors.*))
 *(.ctors)
 *crtbegin.o(.dtors)
 *crtbegin?.o(.dtors)
 *(EXCLUDE_FILE(*crtend.o *crtend?.o) .dtors)
 *(SORT_BY_NAME(.dtors.*))
 *(.dtors)
                0x10003ff0                        . = ALIGN (0x4)
                0x10003ff0                        PROVIDE (__preinit_array_start = .)
 *(SORT_BY_NAME(.preinit_array.*))
 .preinit_array.00100
                0x10003ff0        0x4 CMakeFiles/onboard_temperature.dir/home/umetsu/HDD2/pico/pico-sdk/src/rp2_common/pico_runtime_init/runtime_init.c.obj
                0x10003ff0                __pre_init_runtime_init_early_resets
 .preinit_array.00101
                0x10003ff4        0x4 CMakeFiles/onboard_temperature.dir/home/umetsu/HDD2/pico/pico-sdk/src/rp2_common/pico_runtime_init/runtime_init.c.obj
                0x10003ff4                __pre_init_runtime_init_usb_power_down
 .preinit_array.00275
                0x10003ff8        0x4 CMakeFiles/onboard_temperature.dir/home/umetsu/HDD2/pico/pico-sdk/src/rp2_common/pico_bit_ops/bit_ops_aeabi.S.obj
 .preinit_array.00300
                0x10003ffc        0x4 CMakeFiles/onboard_temperature.dir/home/umetsu/HDD2/pico/pico-sdk/src/rp2_common/pico_mem_ops/mem_ops_aeabi.S.obj
 .preinit_array.00350
                0x10004000        0x4 CMakeFiles/onboard_temperature.dir/home/umetsu/HDD2/pico/pico-sdk/src/rp2_common/pico_double/double_aeabi_rp2040.S.obj
 .preinit_array.00350
                0x10004004        0x4 CMakeFiles/onboard_temperature.dir/home/umetsu/HDD2/pico/pico-sdk/src/rp2_common/pico_float/float_aeabi_rp2040.S.obj
 .preinit_array.00500
                0x10004008        0x4 CMakeFiles/onboard_temperature.dir/home/umetsu/HDD2/pico/pico-sdk/src/rp2_common/pico_runtime_init/runtime_init.c.obj
                0x10004008                __pre_init_runtime_init_clocks
 .preinit_array.00600
                0x1000400c        0x4 CMakeFiles/onboard_temperature.dir/home/umetsu/HDD2/pico/pico-sdk/src/rp2_common/pico_runtime_init/runtime_init.c.obj
                0x1000400c                __pre_init_runtime_init_post_clock_resets
 .preinit_array.00700
                0x10004010        0x4 CMakeFiles/onboard_temperature.dir/home/umetsu/HDD2/pico/pico-sdk/src/rp2_common/pico_runtime_init/runtime_init.c.obj
                0x10004010                __pre_init_runtime_init_rp2040_gpio_ie_disable
 .preinit_array.01000
                0x10004014        0x4 CMakeFiles/onboard_temperature.dir/home/umetsu/HDD2/pico/pico-sdk/src/rp2_common/pico_runtime_init/runtime_init.c.obj
                0x10004014                __pre_init_runtime_init_spin_locks_reset
 .preinit_array.01100
                0x10004018        0x4 CMakeFiles/onboard_temperature.dir/home/umetsu/HDD2/pico/pico-sdk/src/common/pico_sync/mutex.c.obj
                0x10004018                __pre_init_runtime_init_mutex
 .preinit_array.10080
                0x1000401c        0x4 CMakeFiles/onboard_temperature.dir/home/umetsu/HDD2/pico/pico-sdk/src/rp2_common/pico_runtime_init/runtime_init.c.obj
                0x1000401c                __pre_init_runtime_init_install_ram_vector_table
 .preinit_array.11000
                0x10004020        0x4 CMakeFiles/onboard_temperature.dir/home/umetsu/HDD2/pico/pico-sdk/src/common/pico_time/time.c.obj
                0x10004020                __pre_init_runtime_init_default_alarm_pool
 .preinit_array.YYYYY
                0x10004024        0x4 CMakeFiles/onboard_temperature.dir/home/umetsu/HDD2/pico/pico-sdk/src/rp2_common/pico_runtime/runtime.c.obj
                0x10004024                __pre_init_first_per_core_initializer
 .preinit_array.ZZZZZ.01200
                0x10004028        0x4 CMakeFiles/onboard_temperature.dir/home/umetsu/HDD2/pico/pico-sdk/src/rp2_common/hardware_irq/irq.c.obj
                0x10004028                __pre_init_runtime_init_per_core_irq_priorities
 *(.preinit_array)
                0x1000402c                        PROVIDE (__preinit_array_end = .)
                0x1000402c                        . = ALIGN (0x4)
                0x1000402c                        PROVIDE (__init_array_start = .)
 *(SORT_BY_NAME(.init_array.*))
 .init_array.00000
                0x1000402c        0x4 /usr/lib/gcc/arm-none-eabi/13.2.1/../../../arm-none-eabi/lib/thumb/v6-m/nofp/libg.a(libc_a-__call_atexit.o)
 *(.init_array)
 .init_array    0x10004030        0x4 /usr/lib/gcc/arm-none-eabi/13.2.1/thumb/v6-m/nofp/crtbegin.o
                0x10004034                        PROVIDE (__init_array_end = .)
                0x10004034                        . = ALIGN (0x4)
                0x10004034                        PROVIDE (__fini_array_start = .)
 *(SORT_BY_NAME(.fini_array.*))
 *(.fini_array)
                0x10004034                        PROVIDE (__fini_array_end = .)
 *(.eh_frame*)
 .eh_frame      0x10004034        0x0 /usr/lib/gcc/arm-none-eabi/13.2.1/thumb/v6-m/nofp/crtbegin.o
                0x10004034                        . = ALIGN (0x4)

.glue_7         0x10004034        0x0
 .glue_7        0x10004034        0x0 linker stubs

.glue_7t        0x10004034        0x0
 .glue_7t       0x10004034        0x0 linker stubs

.vfp11_veneer   0x10004034        0x0
 .vfp11_veneer  0x10004034        0x0 linker stubs

.v4_bx          0x10004034        0x0
 .v4_bx         0x10004034        0x0 linker stubs

.iplt           0x10004034        0x0
 .iplt          0x10004034        0x0 /usr/lib/gcc/arm-none-eabi/13.2.1/thumb/v6-m/nofp/crtbegin.o

.rodata         0x10004038      0x9f0
 *(EXCLUDE_FILE(*libm.a: *libc.a:*lib_a-mem*.o *libgcc.a:) .rodata*)
 .rodata.main.str1.4
                0x10004038      0x678 CMakeFiles/onboard_temperature.dir/onboard_temperature.c.obj
                                 0x20 (size before relaxing)
 .rodata.panic.str1.4
                0x100046b0       0x12 CMakeFiles/onboard_temperature.dir/home/umetsu/HDD2/pico/pico-sdk/src/rp2_common/pico_platform_panic/panic.c.obj
 .rodata.resolve_j_16.str1.4
                0x100046b0       0x5a CMakeFiles/onboard_temperature.dir/home/umetsu/HDD2/pico/pico-sdk/src/rp2_common/hardware_irq/irq.c.obj
 .rodata.make_j_16.str1.4
                0x100046b0       0x30 CMakeFiles/onboard_temperature.dir/home/umetsu/HDD2/pico/pico-sdk/src/rp2_common/hardware_irq/irq.c.obj
 .rodata.insert_bl_32.str1.4
                0x100046b0       0x10 CMakeFiles/onboard_temperature.dir/home/umetsu/HDD2/pico/pico-sdk/src/rp2_common/hardware_irq/irq.c.obj
 .rodata.irq_set_exclusive_handler.str1.4
                0x100046b0       0x36 CMakeFiles/onboard_temperature.dir/home/umetsu/HDD2/pico/pico-sdk/src/rp2_common/hardware_irq/irq.c.obj
 .rodata.irq_remove_handler.str1.4
                0x100046b0       0x3a CMakeFiles/onboard_temperature.dir/home/umetsu/HDD2/pico/pico-sdk/src/rp2_common/hardware_irq/irq.c.obj
 .rodata.irq_add_tail_to_free_list.str1.4
                0x100046b0       0x3a CMakeFiles/onboard_temperature.dir/home/umetsu/HDD2/pico/pico-sdk/src/rp2_common/hardware_irq/irq.c.obj
 .rodata.__func__.0
                0x100046b0       0x1a CMakeFiles/onboard_temperature.dir/home/umetsu/HDD2/pico/pico-sdk/src/rp2_common/hardware_irq/irq.c.obj
 *fill*         0x100046ca        0x2 
 .rodata.__func__.1
                0x100046cc        0xd CMakeFiles/onboard_temperature.dir/home/umetsu/HDD2/pico/pico-sdk/src/rp2_common/hardware_irq/irq.c.obj
 *fill*         0x100046d9        0x3 
 .rodata.__func__.2
                0x100046dc       0x13 CMakeFiles/onboard_temperature.dir/home/umetsu/HDD2/pico/pico-sdk/src/rp2_common/hardware_irq/irq.c.obj
 *fill*         0x100046ef        0x1 
 .rodata.__func__.3
                0x100046f0        0xa CMakeFiles/onboard_temperature.dir/home/umetsu/HDD2/pico/pico-sdk/src/rp2_common/hardware_irq/irq.c.obj
 *fill*         0x100046fa        0x2 
 .rodata.__func__.4
                0x100046fc        0xd CMakeFiles/onboard_temperature.dir/home/umetsu/HDD2/pico/pico-sdk/src/rp2_common/hardware_irq/irq.c.obj
 *fill*         0x10004709        0x3 
 .rodata.__func__.6
                0x1000470c       0x1a CMakeFiles/onboard_temperature.dir/home/umetsu/HDD2/pico/pico-sdk/src/rp2_common/hardware_irq/irq.c.obj
 .rodata.runtime_init_mutex.str1.4
                0x10004726       0x5d CMakeFiles/onboard_temperature.dir/home/umetsu/HDD2/pico/pico-sdk/src/common/pico_sync/mutex.c.obj
 .rodata.str1.4
                0x10004726       0x51 CMakeFiles/onboard_temperature.dir/home/umetsu/HDD2/pico/pico-sdk/src/common/pico_sync/mutex.c.obj
 *fill*         0x10004726        0x2 
 .rodata.__func__.1
                0x10004728        0xb CMakeFiles/onboard_temperature.dir/home/umetsu/HDD2/pico/pico-sdk/src/common/pico_sync/mutex.c.obj
 *fill*         0x10004733        0x1 
 .rodata.__func__.3
                0x10004734       0x18 CMakeFiles/onboard_temperature.dir/home/umetsu/HDD2/pico/pico-sdk/src/common/pico_sync/mutex.c.obj
 .rodata.__func__.6
                0x1000474c       0x13 CMakeFiles/onboard_temperature.dir/home/umetsu/HDD2/pico/pico-sdk/src/common/pico_sync/mutex.c.obj
 .rodata.alarm_pool_irq_handler.str1.4
                0x1000475f       0x68 CMakeFiles/onboard_temperature.dir/home/umetsu/HDD2/pico/pico-sdk/src/common/pico_time/time.c.obj
 .rodata.alarm_pool_get_default.str1.4
                0x1000475f       0x21 CMakeFiles/onboard_temperature.dir/home/umetsu/HDD2/pico/pico-sdk/src/common/pico_time/time.c.obj
 .rodata.sleep_until.str1.4
                0x1000475f       0x4d CMakeFiles/onboard_temperature.dir/home/umetsu/HDD2/pico/pico-sdk/src/common/pico_time/time.c.obj
 *fill*         0x1000475f        0x1 
 .rodata.__func__.1
                0x10004760       0x17 CMakeFiles/onboard_temperature.dir/home/umetsu/HDD2/pico/pico-sdk/src/common/pico_time/time.c.obj
 *fill*         0x10004777        0x1 
 .rodata.__func__.2
                0x10004778       0x17 CMakeFiles/onboard_temperature.dir/home/umetsu/HDD2/pico/pico-sdk/src/common/pico_time/time.c.obj
 .rodata.timer_hardware_alarm_claim.str1.4
                0x1000478f       0x22 CMakeFiles/onboard_temperature.dir/home/umetsu/HDD2/pico/pico-sdk/src/rp2_common/hardware_timer/timer.c.obj
 .rodata.pll_init.str1.4
                0x1000478f      0x118 CMakeFiles/onboard_temperature.dir/home/umetsu/HDD2/pico/pico-sdk/src/rp2_common/hardware_pll/pll.c.obj
 *fill*         0x1000478f        0x1 
 .rodata.__func__.0
                0x10004790        0x9 CMakeFiles/onboard_temperature.dir/home/umetsu/HDD2/pico/pico-sdk/src/rp2_common/hardware_pll/pll.c.obj
 .rodata.__aeabi_double_init.str1.4
                0x10004799       0x98 CMakeFiles/onboard_temperature.dir/home/umetsu/HDD2/pico/pico-sdk/src/rp2_common/pico_double/double_init_rom_rp2040.c.obj
 *fill*         0x10004799        0x3 
 .rodata.__func__.0
                0x1000479c       0x14 CMakeFiles/onboard_temperature.dir/home/umetsu/HDD2/pico/pico-sdk/src/rp2_common/pico_double/double_init_rom_rp2040.c.obj
 .rodata.__aeabi_float_init.str1.4
                0x100047b0       0x8a CMakeFiles/onboard_temperature.dir/home/umetsu/HDD2/pico/pico-sdk/src/rp2_common/pico_float/float_init_rom_rp2040.c.obj
 .rodata.__func__.0
                0x100047b0       0x13 CMakeFiles/onboard_temperature.dir/home/umetsu/HDD2/pico/pico-sdk/src/rp2_common/pico_float/float_init_rom_rp2040.c.obj
 .rodata.str1.4
                0x100047c3       0x88 CMakeFiles/onboard_temperature.dir/home/umetsu/HDD2/pico/pico-sdk/src/rp2_common/pico_standard_binary_info/standard_binary_info.c.obj
 *fill*         0x100047c3        0x1 
 .rodata.__bi_84
                0x100047c4        0xc CMakeFiles/onboard_temperature.dir/home/umetsu/HDD2/pico/pico-sdk/src/rp2_common/pico_standard_binary_info/standard_binary_info.c.obj
 .rodata.__bi_72
                0x100047d0        0xc CMakeFiles/onboard_temperature.dir/home/umetsu/HDD2/pico/pico-sdk/src/rp2_common/pico_standard_binary_info/standard_binary_info.c.obj
 .rodata.__bi_54
                0x100047dc        0xc CMakeFiles/onboard_temperature.dir/home/umetsu/HDD2/pico/pico-sdk/src/rp2_common/pico_standard_binary_info/standard_binary_info.c.obj
 .rodata.__bi_48
                0x100047e8        0xc CMakeFiles/onboard_temperature.dir/home/umetsu/HDD2/pico/pico-sdk/src/rp2_common/pico_standard_binary_info/standard_binary_info.c.obj
 .rodata.__bi_42
                0x100047f4        0xc CMakeFiles/onboard_temperature.dir/home/umetsu/HDD2/pico/pico-sdk/src/rp2_common/pico_standard_binary_info/standard_binary_info.c.obj
 .rodata.__bi_34
                0x10004800        0xc CMakeFiles/onboard_temperature.dir/home/umetsu/HDD2/pico/pico-sdk/src/rp2_common/pico_standard_binary_info/standard_binary_info.c.obj
 .rodata.__bi_26
                0x1000480c        0xc CMakeFiles/onboard_temperature.dir/home/umetsu/HDD2/pico/pico-sdk/src/rp2_common/pico_standard_binary_info/standard_binary_info.c.obj
 .rodata._ftoa.str1.4
                0x10004818       0x15 CMakeFiles/onboard_temperature.dir/home/umetsu/HDD2/pico/pico-sdk/src/rp2_common/pico_printf/printf.c.obj
 .rodata._vsnprintf
                0x10004818      0x19c CMakeFiles/onboard_temperature.dir/home/umetsu/HDD2/pico/pico-sdk/src/rp2_common/pico_printf/printf.c.obj
 *fill*         0x100049b4        0x4 
 .rodata.pow10.0
                0x100049b8       0x50 CMakeFiles/onboard_temperature.dir/home/umetsu/HDD2/pico/pico-sdk/src/rp2_common/pico_printf/printf.c.obj
 .rodata.__assert_func.str1.4
                0x10004a08       0x43 CMakeFiles/onboard_temperature.dir/home/umetsu/HDD2/pico/pico-sdk/src/rp2_common/pico_clib_interface/newlib_interface.c.obj
 .rodata.crlf_str.0
                0x10004a08        0x2 CMakeFiles/onboard_temperature.dir/home/umetsu/HDD2/pico/pico-sdk/src/rp2_common/pico_stdio/stdio.c.obj
 .rodata.str1.4
                0x10004a0a       0x2c CMakeFiles/onboard_temperature.dir/home/umetsu/HDD2/pico/pico-sdk/src/rp2_common/pico_stdio_uart/stdio_uart.c.obj
 *fill*         0x10004a0a        0x2 
 .rodata.__bi_45.4
                0x10004a0c        0xc CMakeFiles/onboard_temperature.dir/home/umetsu/HDD2/pico/pico-sdk/src/rp2_common/pico_stdio_uart/stdio_uart.c.obj
 .rodata.__bi_49.5
                0x10004a18        0x8 CMakeFiles/onboard_temperature.dir/home/umetsu/HDD2/pico/pico-sdk/src/rp2_common/pico_stdio_uart/stdio_uart.c.obj
 .rodata.__bi_50.6
                0x10004a20        0x8 CMakeFiles/onboard_temperature.dir/home/umetsu/HDD2/pico/pico-sdk/src/rp2_common/pico_stdio_uart/stdio_uart.c.obj
                0x10004a28                        . = ALIGN (0x4)
 *(SORT_BY_ALIGNMENT(SORT_BY_NAME(.flashdata*)))
                0x10004a28                        . = ALIGN (0x4)

.ARM.extab
 *(.ARM.extab* .gnu.linkonce.armextab.*)
                0x10004a28                        __exidx_start = .

.ARM.exidx
 *(.ARM.exidx* .gnu.linkonce.armexidx.*)
                0x10004a28                        __exidx_end = .
                0x10004a28                        . = ALIGN (0x4)
                0x10004a28                        __binary_info_start = .

.binary_info    0x10004a28       0x28
 *(.binary_info.keep.*)
 .binary_info.keep.__bi_ptr84
                0x10004a28        0x4 CMakeFiles/onboard_temperature.dir/home/umetsu/HDD2/pico/pico-sdk/src/rp2_common/pico_standard_binary_info/standard_binary_info.c.obj
 .binary_info.keep.__bi_ptr72
                0x10004a2c        0x4 CMakeFiles/onboard_temperature.dir/home/umetsu/HDD2/pico/pico-sdk/src/rp2_common/pico_standard_binary_info/standard_binary_info.c.obj
 .binary_info.keep.__bi_ptr54
                0x10004a30        0x4 CMakeFiles/onboard_temperature.dir/home/umetsu/HDD2/pico/pico-sdk/src/rp2_common/pico_standard_binary_info/standard_binary_info.c.obj
 .binary_info.keep.__bi_ptr48
                0x10004a34        0x4 CMakeFiles/onboard_temperature.dir/home/umetsu/HDD2/pico/pico-sdk/src/rp2_common/pico_standard_binary_info/standard_binary_info.c.obj
 .binary_info.keep.__bi_ptr42
                0x10004a38        0x4 CMakeFiles/onboard_temperature.dir/home/umetsu/HDD2/pico/pico-sdk/src/rp2_common/pico_standard_binary_info/standard_binary_info.c.obj
 .binary_info.keep.__bi_ptr34
                0x10004a3c        0x4 CMakeFiles/onboard_temperature.dir/home/umetsu/HDD2/pico/pico-sdk/src/rp2_common/pico_standard_binary_info/standard_binary_info.c.obj
 .binary_info.keep.__bi_ptr26
                0x10004a40        0x4 CMakeFiles/onboard_temperature.dir/home/umetsu/HDD2/pico/pico-sdk/src/rp2_common/pico_standard_binary_info/standard_binary_info.c.obj
 *(.binary_info.*)
 .binary_info.__bi_ptr50
                0x10004a44        0x4 CMakeFiles/onboard_temperature.dir/home/umetsu/HDD2/pico/pico-sdk/src/rp2_common/pico_stdio_uart/stdio_uart.c.obj
 .binary_info.__bi_ptr49
                0x10004a48        0x4 CMakeFiles/onboard_temperature.dir/home/umetsu/HDD2/pico/pico-sdk/src/rp2_common/pico_stdio_uart/stdio_uart.c.obj
 .binary_info.__bi_ptr45
                0x10004a4c        0x4 CMakeFiles/onboard_temperature.dir/home/umetsu/HDD2/pico/pico-sdk/src/rp2_common/pico_stdio_uart/stdio_uart.c.obj
                0x10004a50                        __binary_info_end = .

.rel.dyn        0x10004a50        0x0
 .rel.iplt      0x10004a50        0x0 /usr/lib/gcc/arm-none-eabi/13.2.1/thumb/v6-m/nofp/crtbegin.o
                0x10004a50                        . = ALIGN (0x4)

.ram_vector_table
                0x20000000       0xc0
 *(.ram_vector_table)
 .ram_vector_table
                0x20000000       0xc0 CMakeFiles/onboard_temperature.dir/home/umetsu/HDD2/pico/pico-sdk/src/rp2_common/pico_runtime_init/runtime_init.c.obj
                0x20000000                ram_vector_table

.uninitialized_data
                0x200000c0        0x0
                0x200000c0                        . = ALIGN (0x4)
 *(.uninitialized_data*)

.data           0x200000c0      0x230 load address 0x10004a50
                0x200000c0                        __data_start__ = .
 *(vtable)
 *(.time_critical*)
 .time_critical.mutex_try_enter
                0x200000c0       0x48 CMakeFiles/onboard_temperature.dir/home/umetsu/HDD2/pico/pico-sdk/src/common/pico_sync/mutex.c.obj
                0x200000c0                mutex_try_enter
 .time_critical.mutex_enter_block_until
                0x20000108       0x90 CMakeFiles/onboard_temperature.dir/home/umetsu/HDD2/pico/pico-sdk/src/common/pico_sync/mutex.c.obj
                0x20000108                mutex_enter_block_until
 .time_critical.mutex_try_enter_block_until
                0x20000198       0x34 CMakeFiles/onboard_temperature.dir/home/umetsu/HDD2/pico/pico-sdk/src/common/pico_sync/mutex.c.obj
                0x20000198                mutex_try_enter_block_until
 .time_critical.mutex_exit
                0x200001cc       0x4c CMakeFiles/onboard_temperature.dir/home/umetsu/HDD2/pico/pico-sdk/src/common/pico_sync/mutex.c.obj
                0x200001cc                mutex_exit
 *(.text*)
 .text          0x20000218        0x4 /usr/lib/gcc/arm-none-eabi/13.2.1/thumb/v6-m/nofp/libgcc.a(_dvmd_tls.o)
                0x20000218                __aeabi_ldiv0
                0x20000218                __aeabi_idiv0
 *fill*         0x2000021c        0x4 
 .text.__stub   0x20000220       0x20 linker stubs
                0x20000240                        . = ALIGN (0x4)
 *(.rodata*)
                0x20000240                        . = ALIGN (0x4)
 *(.data*)
 .data.striped_spin_lock_num
                0x20000240        0x1 CMakeFiles/onboard_temperature.dir/home/umetsu/HDD2/pico/pico-sdk/src/rp2_common/hardware_sync/sync.c.obj
 *fill*         0x20000241        0x3 
 .data          0x20000244       0x48 CMakeFiles/onboard_temperature.dir/home/umetsu/HDD2/pico/pico-sdk/src/rp2_common/hardware_irq/irq_handler_chain.S.obj
                0x20000244                irq_handler_chain_slots
                0x20000274                irq_handler_chain_first_slot
                0x2000027e                irq_handler_chain_remove_tail
 .data.default_alarm_pool
                0x2000028c       0x18 CMakeFiles/onboard_temperature.dir/home/umetsu/HDD2/pico/pico-sdk/src/common/pico_time/time.c.obj
 *fill*         0x200002a4        0xc 
 .data.aeabi_bits_funcs
                0x200002b0       0x10 CMakeFiles/onboard_temperature.dir/home/umetsu/HDD2/pico/pico-sdk/src/rp2_common/pico_bit_ops/bit_ops_aeabi.S.obj
                0x200002b0                aeabi_bits_funcs
                0x200002c0                aeabi_bits_funcs_end
 .data.aeabi_mem_funcs
                0x200002c0       0x10 CMakeFiles/onboard_temperature.dir/home/umetsu/HDD2/pico/pico-sdk/src/rp2_common/pico_mem_ops/mem_ops_aeabi.S.obj
                0x200002c0                aeabi_mem_funcs
                0x200002d0                aeabi_mem_funcs_end
 .data.stdio_uart
                0x200002d0       0x18 CMakeFiles/onboard_temperature.dir/home/umetsu/HDD2/pico/pico-sdk/src/rp2_common/pico_stdio_uart/stdio_uart.c.obj
                0x200002d0                stdio_uart
                0x200002e8                        . = ALIGN (0x4)
 *(.after_data.*)
                0x200002e8                        . = ALIGN (0x4)
                0x200002e8                        PROVIDE (__mutex_array_start = .)
 *(SORT_BY_NAME(.mutex_array.*))
 *(.mutex_array)
 .mutex_array   0x200002e8        0x8 CMakeFiles/onboard_temperature.dir/home/umetsu/HDD2/pico/pico-sdk/src/rp2_common/pico_stdio/stdio.c.obj
                0x200002f0                        PROVIDE (__mutex_array_end = .)
                0x200002f0                        . = ALIGN (0x4)
 *(.jcr)
                0x200002f0                        . = ALIGN (0x4)

.tm_clone_table
                0x200002f0        0x0 load address 0x10004c80
 .tm_clone_table
                0x200002f0        0x0 /usr/lib/gcc/arm-none-eabi/13.2.1/thumb/v6-m/nofp/crtbegin.o
 .tm_clone_table
                0x200002f0        0x0 /usr/lib/gcc/arm-none-eabi/13.2.1/thumb/v6-m/nofp/crtend.o

.igot.plt       0x200002f0        0x0 load address 0x10004c80
 .igot.plt      0x200002f0        0x0 /usr/lib/gcc/arm-none-eabi/13.2.1/thumb/v6-m/nofp/crtbegin.o

.tdata          0x200002f0        0x0 load address 0x10004c80
                0x200002f0                        . = ALIGN (0x4)
 *(.tdata .tdata.* .gnu.linkonce.td.*)
                0x200002f0                        __tdata_end = .
                0x200002f0                        PROVIDE (__data_end__ = .)
                0x10004a50                        __etext = LOADADDR (.data)

.tbss           0x200002f0        0x0 load address 0x10004c80
                0x200002f0                        . = ALIGN (0x4)
                0x200002f0                        __bss_start__ = .
                0x200002f0                        __tls_base = .
 *(.tbss .tbss.* .gnu.linkonce.tb.*)
 *(.tcommon)
                0x200002f0                        __tls_end = .

.bss            0x200002f0      0x590 load address 0x10004c80
                0x200002f0                        . = ALIGN (0x4)
                0x200002f0                        __tbss_end = .
 *(SORT_BY_ALIGNMENT(SORT_BY_NAME(.bss*)))
 .bss.default_alarm_pool_entries
                0x200002f0      0x180 CMakeFiles/onboard_temperature.dir/home/umetsu/HDD2/pico/pico-sdk/src/common/pico_time/time.c.obj
 .bss           0x20000470       0x1c /usr/lib/gcc/arm-none-eabi/13.2.1/thumb/v6-m/nofp/crtbegin.o
 .bss           0x2000048c      0x190 /usr/lib/gcc/arm-none-eabi/13.2.1/../../../arm-none-eabi/lib/thumb/v6-m/nofp/libg.a(libc_a-__atexit.o)
                0x2000048c                __atexit0
 .bss           0x2000061c        0x4 /usr/lib/gcc/arm-none-eabi/13.2.1/../../../arm-none-eabi/lib/thumb/v6-m/nofp/libg.a(libc_a-__call_atexit.o)
                0x2000061c                __atexit
 .bss.chars_available_callback
                0x20000620        0x4 CMakeFiles/onboard_temperature.dir/home/umetsu/HDD2/pico/pico-sdk/src/rp2_common/pico_stdio_uart/stdio_uart.c.obj
 .bss.chars_available_param
                0x20000624        0x4 CMakeFiles/onboard_temperature.dir/home/umetsu/HDD2/pico/pico-sdk/src/rp2_common/pico_stdio_uart/stdio_uart.c.obj
 .bss.claimed   0x20000628        0x1 CMakeFiles/onboard_temperature.dir/home/umetsu/HDD2/pico/pico-sdk/src/rp2_common/hardware_timer/timer.c.obj
 *fill*         0x20000629        0x3 
 .bss.configured_freq
                0x2000062c       0x28 CMakeFiles/onboard_temperature.dir/home/umetsu/HDD2/pico/pico-sdk/src/rp2_common/hardware_clocks/clocks.c.obj
 .bss.drivers   0x20000654        0x4 CMakeFiles/onboard_temperature.dir/home/umetsu/HDD2/pico/pico-sdk/src/rp2_common/pico_stdio/stdio.c.obj
 .bss.filter    0x20000658        0x4 CMakeFiles/onboard_temperature.dir/home/umetsu/HDD2/pico/pico-sdk/src/rp2_common/pico_stdio/stdio.c.obj
 .bss.pools     0x2000065c       0x10 CMakeFiles/onboard_temperature.dir/home/umetsu/HDD2/pico/pico-sdk/src/common/pico_time/time.c.obj
 .bss.sd_table  0x2000066c      0x100 CMakeFiles/onboard_temperature.dir/home/umetsu/HDD2/pico/pico-sdk/src/rp2_common/pico_double/double_init_rom_rp2040.c.obj
                0x2000066c                sd_table
 .bss.sf_clz_func
                0x2000076c        0x4 CMakeFiles/onboard_temperature.dir/home/umetsu/HDD2/pico/pico-sdk/src/rp2_common/pico_double/double_init_rom_rp2040.c.obj
                0x2000076c                sf_clz_func
 .bss.sf_table  0x20000770      0x100 CMakeFiles/onboard_temperature.dir/home/umetsu/HDD2/pico/pico-sdk/src/rp2_common/pico_float/float_init_rom_rp2040.c.obj
                0x20000770                sf_table
 .bss.sleep_notifier
                0x20000870        0x4 CMakeFiles/onboard_temperature.dir/home/umetsu/HDD2/pico/pico-sdk/src/common/pico_time/time.c.obj
 .bss.uart_char_to_line_feed
                0x20000874        0x4 CMakeFiles/onboard_temperature.dir/home/umetsu/HDD2/pico/pico-sdk/src/rp2_common/hardware_uart/uart.c.obj
                0x20000874                uart_char_to_line_feed
 .bss.uart_instance
                0x20000878        0x4 CMakeFiles/onboard_temperature.dir/home/umetsu/HDD2/pico/pico-sdk/src/rp2_common/pico_stdio_uart/stdio_uart.c.obj
 .bss.irq_handler_chain_free_slot_head
                0x2000087c        0x1 CMakeFiles/onboard_temperature.dir/home/umetsu/HDD2/pico/pico-sdk/src/rp2_common/hardware_irq/irq.c.obj
 *(COMMON)
                0x20000880                        . = ALIGN (0x4)
 *fill*         0x2000087d        0x3 
                0x20000880                        __bss_end__ = .

.heap           0x20000880    0x3f780 load address 0x10004c80
                0x20000880                        __end__ = .
                0x20000880                        end = __end__
 *(.heap*)
 .heap          0x20000880      0x800 CMakeFiles/onboard_temperature.dir/home/umetsu/HDD2/pico/pico-sdk/src/rp2_common/pico_crt0/crt0.S.obj
                0x20040000                        . = (ORIGIN (RAM) + LENGTH (RAM))
 *fill*         0x20001080    0x3ef80 
                0x20040000                        __HeapLimit = .

.scratch_x      0x20040000        0x0 load address 0x10004c80
                0x20040000                        __scratch_x_start__ = .
 *(.scratch_x.*)
                0x20040000                        . = ALIGN (0x4)
                0x20040000                        __scratch_x_end__ = .
                0x10004c80                        __scratch_x_source__ = LOADADDR (.scratch_x)

.scratch_y      0x20041000        0x0 load address 0x10004c80
                0x20041000                        __scratch_y_start__ = .
 *(.scratch_y.*)
                0x20041000                        . = ALIGN (0x4)
                0x20041000                        __scratch_y_end__ = .
                0x10004c80                        __scratch_y_source__ = LOADADDR (.scratch_y)

.stack1_dummy
 *(.stack1*)

.stack_dummy    0x20041000      0x800
 *(.stack*)
 .stack         0x20041000      0x800 CMakeFiles/onboard_temperature.dir/home/umetsu/HDD2/pico/pico-sdk/src/rp2_common/pico_crt0/crt0.S.obj

.flash_end      0x10004c80        0x0
 *(.embedded_end_block*)
                0x10004c80                        PROVIDE (__flash_binary_end = .)
                0x20040000                        __StackLimit = (ORIGIN (RAM) + LENGTH (RAM))
                0x20041000                        __StackOneTop = (ORIGIN (SCRATCH_X) + LENGTH (SCRATCH_X))
                0x20042000                        __StackTop = (ORIGIN (SCRATCH_Y) + LENGTH (SCRATCH_Y))
                0x20041000                        __StackOneBottom = (__StackOneTop - SIZEOF (.stack1_dummy))
                0x20041800                        __StackBottom = (__StackTop - SIZEOF (.stack_dummy))
                0x20042000                        PROVIDE (__stack = __StackTop)
                [!provide]                        PROVIDE (__heap_start = __end__)
                [!provide]                        PROVIDE (__heap_end = __HeapLimit)
                [!provide]                        PROVIDE (__tls_align = MAX (ALIGNOF (.tdata), ALIGNOF (.tbss)))
                [!provide]                        PROVIDE (__tls_size_align = (((__tls_size + __tls_align) - 0x1) & ~ ((__tls_align - 0x1))))
                [!provide]                        PROVIDE (__arm32_tls_tcb_offset = MAX (0x8, __tls_align))
                [!provide]                        PROVIDE (_end = __end__)
                [!provide]                        PROVIDE (__llvm_libc_heap_limit = __HeapLimit)
                0x00000001                        ASSERT ((__StackLimit >= __HeapLimit), region RAM overflowed)
                0x00000001                        ASSERT (((__binary_info_header_end - __logical_binary_start) <= 0x100), Binary info must be in first 256 bytes of the binary)
LOAD CMakeFiles/onboard_temperature.dir/onboard_temperature.c.obj
LOAD CMakeFiles/onboard_temperature.dir/home/umetsu/HDD2/pico/pico-sdk/src/rp2_common/pico_stdlib/stdlib.c.obj
LOAD CMakeFiles/onboard_temperature.dir/home/umetsu/HDD2/pico/pico-sdk/src/rp2_common/hardware_gpio/gpio.c.obj
LOAD CMakeFiles/onboard_temperature.dir/home/umetsu/HDD2/pico/pico-sdk/src/rp2040/pico_platform/platform.c.obj
LOAD CMakeFiles/onboard_temperature.dir/home/umetsu/HDD2/pico/pico-sdk/src/rp2_common/pico_platform_panic/panic.c.obj
LOAD CMakeFiles/onboard_temperature.dir/home/umetsu/HDD2/pico/pico-sdk/src/common/hardware_claim/claim.c.obj
LOAD CMakeFiles/onboard_temperature.dir/home/umetsu/HDD2/pico/pico-sdk/src/rp2_common/hardware_sync/sync.c.obj
LOAD CMakeFiles/onboard_temperature.dir/home/umetsu/HDD2/pico/pico-sdk/src/rp2_common/hardware_sync_spin_lock/sync_spin_lock.c.obj
LOAD CMakeFiles/onboard_temperature.dir/home/umetsu/HDD2/pico/pico-sdk/src/rp2_common/hardware_irq/irq.c.obj
LOAD CMakeFiles/onboard_temperature.dir/home/umetsu/HDD2/pico/pico-sdk/src/rp2_common/hardware_irq/irq_handler_chain.S.obj
LOAD CMakeFiles/onboard_temperature.dir/home/umetsu/HDD2/pico/pico-sdk/src/common/pico_sync/sem.c.obj
LOAD CMakeFiles/onboard_temperature.dir/home/umetsu/HDD2/pico/pico-sdk/src/common/pico_sync/lock_core.c.obj
LOAD CMakeFiles/onboard_temperature.dir/home/umetsu/HDD2/pico/pico-sdk/src/common/pico_sync/mutex.c.obj
LOAD CMakeFiles/onboard_temperature.dir/home/umetsu/HDD2/pico/pico-sdk/src/common/pico_sync/critical_section.c.obj
LOAD CMakeFiles/onboard_temperature.dir/home/umetsu/HDD2/pico/pico-sdk/src/common/pico_time/time.c.obj
LOAD CMakeFiles/onboard_temperature.dir/home/umetsu/HDD2/pico/pico-sdk/src/common/pico_time/timeout_helper.c.obj
LOAD CMakeFiles/onboard_temperature.dir/home/umetsu/HDD2/pico/pico-sdk/src/rp2_common/hardware_timer/timer.c.obj
LOAD CMakeFiles/onboard_temperature.dir/home/umetsu/HDD2/pico/pico-sdk/src/common/pico_util/datetime.c.obj
LOAD CMakeFiles/onboard_temperature.dir/home/umetsu/HDD2/pico/pico-sdk/src/common/pico_util/pheap.c.obj
LOAD CMakeFiles/onboard_temperature.dir/home/umetsu/HDD2/pico/pico-sdk/src/common/pico_util/queue.c.obj
LOAD CMakeFiles/onboard_temperature.dir/home/umetsu/HDD2/pico/pico-sdk/src/rp2_common/hardware_uart/uart.c.obj
LOAD CMakeFiles/onboard_temperature.dir/home/umetsu/HDD2/pico/pico-sdk/src/rp2_common/hardware_clocks/clocks.c.obj
LOAD CMakeFiles/onboard_temperature.dir/home/umetsu/HDD2/pico/pico-sdk/src/rp2_common/hardware_pll/pll.c.obj
LOAD CMakeFiles/onboard_temperature.dir/home/umetsu/HDD2/pico/pico-sdk/src/rp2_common/hardware_vreg/vreg.c.obj
LOAD CMakeFiles/onboard_temperature.dir/home/umetsu/HDD2/pico/pico-sdk/src/rp2_common/hardware_watchdog/watchdog.c.obj
LOAD CMakeFiles/onboard_temperature.dir/home/umetsu/HDD2/pico/pico-sdk/src/rp2_common/hardware_ticks/ticks.c.obj
LOAD CMakeFiles/onboard_temperature.dir/home/umetsu/HDD2/pico/pico-sdk/src/rp2_common/hardware_xosc/xosc.c.obj
LOAD CMakeFiles/onboard_temperature.dir/home/umetsu/HDD2/pico/pico-sdk/src/rp2_common/hardware_divider/divider.S.obj
LOAD CMakeFiles/onboard_temperature.dir/home/umetsu/HDD2/pico/pico-sdk/src/rp2_common/pico_runtime/runtime.c.obj
LOAD CMakeFiles/onboard_temperature.dir/home/umetsu/HDD2/pico/pico-sdk/src/rp2_common/pico_runtime_init/runtime_init.c.obj
LOAD CMakeFiles/onboard_temperature.dir/home/umetsu/HDD2/pico/pico-sdk/src/rp2_common/pico_runtime_init/runtime_init_clocks.c.obj
LOAD CMakeFiles/onboard_temperature.dir/home/umetsu/HDD2/pico/pico-sdk/src/rp2_common/pico_runtime_init/runtime_init_stack_guard.c.obj
LOAD CMakeFiles/onboard_temperature.dir/home/umetsu/HDD2/pico/pico-sdk/src/rp2_common/pico_bit_ops/bit_ops_aeabi.S.obj
LOAD CMakeFiles/onboard_temperature.dir/home/umetsu/HDD2/pico/pico-sdk/src/rp2_common/pico_bootrom/bootrom.c.obj
LOAD CMakeFiles/onboard_temperature.dir/home/umetsu/HDD2/pico/pico-sdk/src/rp2_common/pico_bootrom/bootrom_lock.c.obj
LOAD CMakeFiles/onboard_temperature.dir/home/umetsu/HDD2/pico/pico-sdk/src/rp2_common/hardware_boot_lock/boot_lock.c.obj
LOAD CMakeFiles/onboard_temperature.dir/home/umetsu/HDD2/pico/pico-sdk/src/rp2_common/pico_divider/divider_hardware.S.obj
LOAD CMakeFiles/onboard_temperature.dir/home/umetsu/HDD2/pico/pico-sdk/src/rp2_common/pico_double/double_aeabi_rp2040.S.obj
LOAD CMakeFiles/onboard_temperature.dir/home/umetsu/HDD2/pico/pico-sdk/src/rp2_common/pico_double/double_init_rom_rp2040.c.obj
LOAD CMakeFiles/onboard_temperature.dir/home/umetsu/HDD2/pico/pico-sdk/src/rp2_common/pico_double/double_math.c.obj
LOAD CMakeFiles/onboard_temperature.dir/home/umetsu/HDD2/pico/pico-sdk/src/rp2_common/pico_double/double_v1_rom_shim_rp2040.S.obj
LOAD CMakeFiles/onboard_temperature.dir/home/umetsu/HDD2/pico/pico-sdk/src/rp2_common/pico_int64_ops/pico_int64_ops_aeabi.S.obj
LOAD CMakeFiles/onboard_temperature.dir/home/umetsu/HDD2/pico/pico-sdk/src/rp2_common/pico_float/float_aeabi_rp2040.S.obj
LOAD CMakeFiles/onboard_temperature.dir/home/umetsu/HDD2/pico/pico-sdk/src/rp2_common/pico_float/float_init_rom_rp2040.c.obj
LOAD CMakeFiles/onboard_temperature.dir/home/umetsu/HDD2/pico/pico-sdk/src/rp2_common/pico_float/float_math.c.obj
LOAD CMakeFiles/onboard_temperature.dir/home/umetsu/HDD2/pico/pico-sdk/src/rp2_common/pico_float/float_v1_rom_shim_rp2040.S.obj
LOAD CMakeFiles/onboard_temperature.dir/home/umetsu/HDD2/pico/pico-sdk/src/rp2_common/pico_malloc/malloc.c.obj
LOAD CMakeFiles/onboard_temperature.dir/home/umetsu/HDD2/pico/pico-sdk/src/rp2_common/pico_mem_ops/mem_ops_aeabi.S.obj
LOAD CMakeFiles/onboard_temperature.dir/home/umetsu/HDD2/pico/pico-sdk/src/rp2_common/pico_atomic/atomic.c.obj
LOAD CMakeFiles/onboard_temperature.dir/home/umetsu/HDD2/pico/pico-sdk/src/rp2_common/pico_cxx_options/new_delete.cpp.obj
LOAD CMakeFiles/onboard_temperature.dir/home/umetsu/HDD2/pico/pico-sdk/src/rp2_common/pico_standard_binary_info/standard_binary_info.c.obj
LOAD CMakeFiles/onboard_temperature.dir/home/umetsu/HDD2/pico/pico-sdk/src/rp2_common/pico_printf/printf.c.obj
LOAD CMakeFiles/onboard_temperature.dir/home/umetsu/HDD2/pico/pico-sdk/src/rp2_common/pico_crt0/crt0.S.obj
LOAD CMakeFiles/onboard_temperature.dir/home/umetsu/HDD2/pico/pico-sdk/src/rp2_common/pico_clib_interface/newlib_interface.c.obj
LOAD CMakeFiles/onboard_temperature.dir/home/umetsu/HDD2/pico/pico-sdk/src/rp2_common/pico_stdio/stdio.c.obj
LOAD CMakeFiles/onboard_temperature.dir/home/umetsu/HDD2/pico/pico-sdk/src/rp2_common/pico_stdio_uart/stdio_uart.c.obj
LOAD CMakeFiles/onboard_temperature.dir/home/umetsu/HDD2/pico/pico-sdk/src/rp2_common/hardware_adc/adc.c.obj
LOAD /tmp/ccmEWKBe.o
LOAD /usr/lib/gcc/arm-none-eabi/13.2.1/../../../arm-none-eabi/lib/thumb/v6-m/nofp/libstdc++.a
LOAD /usr/lib/gcc/arm-none-eabi/13.2.1/../../../arm-none-eabi/lib/thumb/v6-m/nofp/libm.a
START GROUP
LOAD /usr/lib/gcc/arm-none-eabi/13.2.1/thumb/v6-m/nofp/libgcc.a
LOAD /usr/lib/gcc/arm-none-eabi/13.2.1/../../../arm-none-eabi/lib/thumb/v6-m/nofp/libg.a
LOAD /usr/lib/gcc/arm-none-eabi/13.2.1/../../../arm-none-eabi/lib/thumb/v6-m/nofp/libc.a
END GROUP
START GROUP
LOAD /usr/lib/gcc/arm-none-eabi/13.2.1/thumb/v6-m/nofp/libgcc.a
LOAD /usr/lib/gcc/arm-none-eabi/13.2.1/../../../arm-none-eabi/lib/thumb/v6-m/nofp/libc.a
LOAD /usr/lib/gcc/arm-none-eabi/13.2.1/../../../arm-none-eabi/lib/thumb/v6-m/nofp/libnosys.a
END GROUP
LOAD /usr/lib/gcc/arm-none-eabi/13.2.1/thumb/v6-m/nofp/crtend.o
LOAD /usr/lib/gcc/arm-none-eabi/13.2.1/thumb/v6-m/nofp/crtn.o
OUTPUT(onboard_temperature.elf elf32-littlearm)
LOAD linker stubs

.ARM.attributes
                0x00000000       0x28
 .ARM.attributes
                0x00000000       0x1e /usr/lib/gcc/arm-none-eabi/13.2.1/thumb/v6-m/nofp/crti.o
 .ARM.attributes
                0x0000001e       0x2c /usr/lib/gcc/arm-none-eabi/13.2.1/thumb/v6-m/nofp/crtbegin.o
 .ARM.attributes
                0x0000004a       0x2c CMakeFiles/onboard_temperature.dir/onboard_temperature.c.obj
 .ARM.attributes
                0x00000076       0x2c CMakeFiles/onboard_temperature.dir/home/umetsu/HDD2/pico/pico-sdk/src/rp2_common/hardware_gpio/gpio.c.obj
 .ARM.attributes
                0x000000a2       0x2c CMakeFiles/onboard_temperature.dir/home/umetsu/HDD2/pico/pico-sdk/src/rp2_common/pico_platform_panic/panic.c.obj
 .ARM.attributes
                0x000000ce       0x2c CMakeFiles/onboard_temperature.dir/home/umetsu/HDD2/pico/pico-sdk/src/common/hardware_claim/claim.c.obj
 .ARM.attributes
                0x000000fa       0x2c CMakeFiles/onboard_temperature.dir/home/umetsu/HDD2/pico/pico-sdk/src/rp2_common/hardware_sync/sync.c.obj
 .ARM.attributes
                0x00000126       0x2c CMakeFiles/onboard_temperature.dir/home/umetsu/HDD2/pico/pico-sdk/src/rp2_common/hardware_sync_spin_lock/sync_spin_lock.c.obj
 .ARM.attributes
                0x00000152       0x2c CMakeFiles/onboard_temperature.dir/home/umetsu/HDD2/pico/pico-sdk/src/rp2_common/hardware_irq/irq.c.obj
 .ARM.attributes
                0x0000017e       0x22 CMakeFiles/onboard_temperature.dir/home/umetsu/HDD2/pico/pico-sdk/src/rp2_common/hardware_irq/irq_handler_chain.S.obj
 .ARM.attributes
                0x000001a0       0x2c CMakeFiles/onboard_temperature.dir/home/umetsu/HDD2/pico/pico-sdk/src/common/pico_sync/lock_core.c.obj
 .ARM.attributes
                0x000001cc       0x2c CMakeFiles/onboard_temperature.dir/home/umetsu/HDD2/pico/pico-sdk/src/common/pico_sync/mutex.c.obj
 .ARM.attributes
                0x000001f8       0x2c CMakeFiles/onboard_temperature.dir/home/umetsu/HDD2/pico/pico-sdk/src/common/pico_time/time.c.obj
 .ARM.attributes
                0x00000224       0x2c CMakeFiles/onboard_temperature.dir/home/umetsu/HDD2/pico/pico-sdk/src/rp2_common/hardware_timer/timer.c.obj
 .ARM.attributes
                0x00000250       0x2c CMakeFiles/onboard_temperature.dir/home/umetsu/HDD2/pico/pico-sdk/src/rp2_common/hardware_uart/uart.c.obj
 .ARM.attributes
                0x0000027c       0x2c CMakeFiles/onboard_temperature.dir/home/umetsu/HDD2/pico/pico-sdk/src/rp2_common/hardware_clocks/clocks.c.obj
 .ARM.attributes
                0x000002a8       0x2c CMakeFiles/onboard_temperature.dir/home/umetsu/HDD2/pico/pico-sdk/src/rp2_common/hardware_pll/pll.c.obj
 .ARM.attributes
                0x000002d4       0x2c CMakeFiles/onboard_temperature.dir/home/umetsu/HDD2/pico/pico-sdk/src/rp2_common/hardware_ticks/ticks.c.obj
 .ARM.attributes
                0x00000300       0x2c CMakeFiles/onboard_temperature.dir/home/umetsu/HDD2/pico/pico-sdk/src/rp2_common/hardware_xosc/xosc.c.obj
 .ARM.attributes
                0x0000032c       0x2c CMakeFiles/onboard_temperature.dir/home/umetsu/HDD2/pico/pico-sdk/src/rp2_common/pico_runtime/runtime.c.obj
 .ARM.attributes
                0x00000358       0x2c CMakeFiles/onboard_temperature.dir/home/umetsu/HDD2/pico/pico-sdk/src/rp2_common/pico_runtime_init/runtime_init.c.obj
 .ARM.attributes
                0x00000384       0x2c CMakeFiles/onboard_temperature.dir/home/umetsu/HDD2/pico/pico-sdk/src/rp2_common/pico_runtime_init/runtime_init_clocks.c.obj
 .ARM.attributes
                0x000003b0       0x22 CMakeFiles/onboard_temperature.dir/home/umetsu/HDD2/pico/pico-sdk/src/rp2_common/pico_bit_ops/bit_ops_aeabi.S.obj
 .ARM.attributes
                0x000003d2       0x2c CMakeFiles/onboard_temperature.dir/home/umetsu/HDD2/pico/pico-sdk/src/rp2_common/pico_bootrom/bootrom.c.obj
 .ARM.attributes
                0x000003fe       0x22 CMakeFiles/onboard_temperature.dir/home/umetsu/HDD2/pico/pico-sdk/src/rp2_common/pico_divider/divider_hardware.S.obj
 .ARM.attributes
                0x00000420       0x22 CMakeFiles/onboard_temperature.dir/home/umetsu/HDD2/pico/pico-sdk/src/rp2_common/pico_double/double_aeabi_rp2040.S.obj
 .ARM.attributes
                0x00000442       0x2c CMakeFiles/onboard_temperature.dir/home/umetsu/HDD2/pico/pico-sdk/src/rp2_common/pico_double/double_init_rom_rp2040.c.obj
 .ARM.attributes
                0x0000046e       0x22 CMakeFiles/onboard_temperature.dir/home/umetsu/HDD2/pico/pico-sdk/src/rp2_common/pico_double/double_v1_rom_shim_rp2040.S.obj
 .ARM.attributes
                0x00000490       0x22 CMakeFiles/onboard_temperature.dir/home/umetsu/HDD2/pico/pico-sdk/src/rp2_common/pico_int64_ops/pico_int64_ops_aeabi.S.obj
 .ARM.attributes
                0x000004b2       0x22 CMakeFiles/onboard_temperature.dir/home/umetsu/HDD2/pico/pico-sdk/src/rp2_common/pico_float/float_aeabi_rp2040.S.obj
 .ARM.attributes
                0x000004d4       0x2c CMakeFiles/onboard_temperature.dir/home/umetsu/HDD2/pico/pico-sdk/src/rp2_common/pico_float/float_init_rom_rp2040.c.obj
 .ARM.attributes
                0x00000500       0x22 CMakeFiles/onboard_temperature.dir/home/umetsu/HDD2/pico/pico-sdk/src/rp2_common/pico_float/float_v1_rom_shim_rp2040.S.obj
 .ARM.attributes
                0x00000522       0x22 CMakeFiles/onboard_temperature.dir/home/umetsu/HDD2/pico/pico-sdk/src/rp2_common/pico_mem_ops/mem_ops_aeabi.S.obj
 .ARM.attributes
                0x00000544       0x2c CMakeFiles/onboard_temperature.dir/home/umetsu/HDD2/pico/pico-sdk/src/rp2_common/pico_standard_binary_info/standard_binary_info.c.obj
 .ARM.attributes
                0x00000570       0x2c CMakeFiles/onboard_temperature.dir/home/umetsu/HDD2/pico/pico-sdk/src/rp2_common/pico_printf/printf.c.obj
 .ARM.attributes
                0x0000059c       0x22 CMakeFiles/onboard_temperature.dir/home/umetsu/HDD2/pico/pico-sdk/src/rp2_common/pico_crt0/crt0.S.obj
 .ARM.attributes
                0x000005be       0x2c CMakeFiles/onboard_temperature.dir/home/umetsu/HDD2/pico/pico-sdk/src/rp2_common/pico_clib_interface/newlib_interface.c.obj
 .ARM.attributes
                0x000005ea       0x2c CMakeFiles/onboard_temperature.dir/home/umetsu/HDD2/pico/pico-sdk/src/rp2_common/pico_stdio/stdio.c.obj
 .ARM.attributes
                0x00000616       0x2c CMakeFiles/onboard_temperature.dir/home/umetsu/HDD2/pico/pico-sdk/src/rp2_common/pico_stdio_uart/stdio_uart.c.obj
 .ARM.attributes
                0x00000642       0x2c CMakeFiles/onboard_temperature.dir/home/umetsu/HDD2/pico/pico-sdk/src/rp2_common/hardware_adc/adc.c.obj
 .ARM.attributes
                0x0000066e       0x22 /tmp/ccmEWKBe.o
 .ARM.attributes
                0x00000690       0x1e /usr/lib/gcc/arm-none-eabi/13.2.1/thumb/v6-m/nofp/libgcc.a(_dvmd_tls.o)
 .ARM.attributes
                0x000006ae       0x2c /usr/lib/gcc/arm-none-eabi/13.2.1/../../../arm-none-eabi/lib/thumb/v6-m/nofp/libg.a(libc_a-atexit.o)
 .ARM.attributes
                0x000006da       0x2c /usr/lib/gcc/arm-none-eabi/13.2.1/../../../arm-none-eabi/lib/thumb/v6-m/nofp/libg.a(libc_a-strlen-stub.o)
 .ARM.attributes
                0x00000706       0x2c /usr/lib/gcc/arm-none-eabi/13.2.1/../../../arm-none-eabi/lib/thumb/v6-m/nofp/libg.a(libc_a-fini.o)
 .ARM.attributes
                0x00000732       0x2c /usr/lib/gcc/arm-none-eabi/13.2.1/../../../arm-none-eabi/lib/thumb/v6-m/nofp/libg.a(libc_a-__atexit.o)
 .ARM.attributes
                0x0000075e       0x2c /usr/lib/gcc/arm-none-eabi/13.2.1/../../../arm-none-eabi/lib/thumb/v6-m/nofp/libg.a(libc_a-__call_atexit.o)
 .ARM.attributes
                0x0000078a       0x2c /usr/lib/gcc/arm-none-eabi/13.2.1/thumb/v6-m/nofp/crtend.o

.comment        0x00000000       0x26
 .comment       0x00000000       0x26 /usr/lib/gcc/arm-none-eabi/13.2.1/thumb/v6-m/nofp/crtbegin.o
                                 0x27 (size before relaxing)
 .comment       0x00000026       0x27 CMakeFiles/onboard_temperature.dir/onboard_temperature.c.obj
 .comment       0x00000026       0x27 CMakeFiles/onboard_temperature.dir/home/umetsu/HDD2/pico/pico-sdk/src/rp2_common/hardware_gpio/gpio.c.obj
 .comment       0x00000026       0x27 CMakeFiles/onboard_temperature.dir/home/umetsu/HDD2/pico/pico-sdk/src/rp2_common/pico_platform_panic/panic.c.obj
 .comment       0x00000026       0x27 CMakeFiles/onboard_temperature.dir/home/umetsu/HDD2/pico/pico-sdk/src/common/hardware_claim/claim.c.obj
 .comment       0x00000026       0x27 CMakeFiles/onboard_temperature.dir/home/umetsu/HDD2/pico/pico-sdk/src/rp2_common/hardware_sync/sync.c.obj
 .comment       0x00000026       0x27 CMakeFiles/onboard_temperature.dir/home/umetsu/HDD2/pico/pico-sdk/src/rp2_common/hardware_sync_spin_lock/sync_spin_lock.c.obj
 .comment       0x00000026       0x27 CMakeFiles/onboard_temperature.dir/home/umetsu/HDD2/pico/pico-sdk/src/rp2_common/hardware_irq/irq.c.obj
 .comment       0x00000026       0x27 CMakeFiles/onboard_temperature.dir/home/umetsu/HDD2/pico/pico-sdk/src/common/pico_sync/lock_core.c.obj
 .comment       0x00000026       0x27 CMakeFiles/onboard_temperature.dir/home/umetsu/HDD2/pico/pico-sdk/src/common/pico_sync/mutex.c.obj
 .comment       0x00000026       0x27 CMakeFiles/onboard_temperature.dir/home/umetsu/HDD2/pico/pico-sdk/src/common/pico_time/time.c.obj
 .comment       0x00000026       0x27 CMakeFiles/onboard_temperature.dir/home/umetsu/HDD2/pico/pico-sdk/src/rp2_common/hardware_timer/timer.c.obj
 .comment       0x00000026       0x27 CMakeFiles/onboard_temperature.dir/home/umetsu/HDD2/pico/pico-sdk/src/rp2_common/hardware_uart/uart.c.obj
 .comment       0x00000026       0x27 CMakeFiles/onboard_temperature.dir/home/umetsu/HDD2/pico/pico-sdk/src/rp2_common/hardware_clocks/clocks.c.obj
 .comment       0x00000026       0x27 CMakeFiles/onboard_temperature.dir/home/umetsu/HDD2/pico/pico-sdk/src/rp2_common/hardware_pll/pll.c.obj
 .comment       0x00000026       0x27 CMakeFiles/onboard_temperature.dir/home/umetsu/HDD2/pico/pico-sdk/src/rp2_common/hardware_ticks/ticks.c.obj
 .comment       0x00000026       0x27 CMakeFiles/onboard_temperature.dir/home/umetsu/HDD2/pico/pico-sdk/src/rp2_common/hardware_xosc/xosc.c.obj
 .comment       0x00000026       0x27 CMakeFiles/onboard_temperature.dir/home/umetsu/HDD2/pico/pico-sdk/src/rp2_common/pico_runtime/runtime.c.obj
 .comment       0x00000026       0x27 CMakeFiles/onboard_temperature.dir/home/umetsu/HDD2/pico/pico-sdk/src/rp2_common/pico_runtime_init/runtime_init.c.obj
 .comment       0x00000026       0x27 CMakeFiles/onboard_temperature.dir/home/umetsu/HDD2/pico/pico-sdk/src/rp2_common/pico_runtime_init/runtime_init_clocks.c.obj
 .comment       0x00000026       0x27 CMakeFiles/onboard_temperature.dir/home/umetsu/HDD2/pico/pico-sdk/src/rp2_common/pico_bootrom/bootrom.c.obj
 .comment       0x00000026       0x27 CMakeFiles/onboard_temperature.dir/home/umetsu/HDD2/pico/pico-sdk/src/rp2_common/pico_double/double_init_rom_rp2040.c.obj
 .comment       0x00000026       0x27 CMakeFiles/onboard_temperature.dir/home/umetsu/HDD2/pico/pico-sdk/src/rp2_common/pico_float/float_init_rom_rp2040.c.obj
 .comment       0x00000026       0x27 CMakeFiles/onboard_temperature.dir/home/umetsu/HDD2/pico/pico-sdk/src/rp2_common/pico_standard_binary_info/standard_binary_info.c.obj
 .comment       0x00000026       0x27 CMakeFiles/onboard_temperature.dir/home/umetsu/HDD2/pico/pico-sdk/src/rp2_common/pico_printf/printf.c.obj
 .comment       0x00000026       0x27 CMakeFiles/onboard_temperature.dir/home/umetsu/HDD2/pico/pico-sdk/src/rp2_common/pico_clib_interface/newlib_interface.c.obj
 .comment       0x00000026       0x27 CMakeFiles/onboard_temperature.dir/home/umetsu/HDD2/pico/pico-sdk/src/rp2_common/pico_stdio/stdio.c.obj
 .comment       0x00000026       0x27 CMakeFiles/onboard_temperature.dir/home/umetsu/HDD2/pico/pico-sdk/src/rp2_common/pico_stdio_uart/stdio_uart.c.obj
 .comment       0x00000026       0x27 CMakeFiles/onboard_temperature.dir/home/umetsu/HDD2/pico/pico-sdk/src/rp2_common/hardware_adc/adc.c.obj
 .comment       0x00000026       0x27 /usr/lib/gcc/arm-none-eabi/13.2.1/../../../arm-none-eabi/lib/thumb/v6-m/nofp/libg.a(libc_a-atexit.o)
 .comment       0x00000026       0x27 /usr/lib/gcc/arm-none-eabi/13.2.1/../../../arm-none-eabi/lib/thumb/v6-m/nofp/libg.a(libc_a-strlen-stub.o)
 .comment       0x00000026       0x27 /usr/lib/gcc/arm-none-eabi/13.2.1/../../../arm-none-eabi/lib/thumb/v6-m/nofp/libg.a(libc_a-fini.o)
 .comment       0x00000026       0x27 /usr/lib/gcc/arm-none-eabi/13.2.1/../../../arm-none-eabi/lib/thumb/v6-m/nofp/libg.a(libc_a-__atexit.o)
 .comment       0x00000026       0x27 /usr/lib/gcc/arm-none-eabi/13.2.1/../../../arm-none-eabi/lib/thumb/v6-m/nofp/libg.a(libc_a-__call_atexit.o)
 .comment       0x00000026       0x27 /usr/lib/gcc/arm-none-eabi/13.2.1/thumb/v6-m/nofp/crtend.o

.debug_info     0x00000000    0x16d46
 .debug_info    0x00000000      0xa5e CMakeFiles/onboard_temperature.dir/onboard_temperature.c.obj
 .debug_info    0x00000a5e     0x1d0f CMakeFiles/onboard_temperature.dir/home/umetsu/HDD2/pico/pico-sdk/src/rp2_common/hardware_gpio/gpio.c.obj
 .debug_info    0x0000276d      0x1b4 CMakeFiles/onboard_temperature.dir/home/umetsu/HDD2/pico/pico-sdk/src/rp2_common/pico_platform_panic/panic.c.obj
 .debug_info    0x00002921      0x699 CMakeFiles/onboard_temperature.dir/home/umetsu/HDD2/pico/pico-sdk/src/common/hardware_claim/claim.c.obj
 .debug_info    0x00002fba      0x44d CMakeFiles/onboard_temperature.dir/home/umetsu/HDD2/pico/pico-sdk/src/rp2_common/hardware_sync/sync.c.obj
 .debug_info    0x00003407      0x2eb CMakeFiles/onboard_temperature.dir/home/umetsu/HDD2/pico/pico-sdk/src/rp2_common/hardware_sync_spin_lock/sync_spin_lock.c.obj
 .debug_info    0x000036f2     0x1fa1 CMakeFiles/onboard_temperature.dir/home/umetsu/HDD2/pico/pico-sdk/src/rp2_common/hardware_irq/irq.c.obj
 .debug_info    0x00005693      0x1a3 CMakeFiles/onboard_temperature.dir/home/umetsu/HDD2/pico/pico-sdk/src/common/pico_sync/lock_core.c.obj
 .debug_info    0x00005836     0x1e34 CMakeFiles/onboard_temperature.dir/home/umetsu/HDD2/pico/pico-sdk/src/common/pico_sync/mutex.c.obj
 .debug_info    0x0000766a     0x32f3 CMakeFiles/onboard_temperature.dir/home/umetsu/HDD2/pico/pico-sdk/src/common/pico_time/time.c.obj
 .debug_info    0x0000a95d     0x1974 CMakeFiles/onboard_temperature.dir/home/umetsu/HDD2/pico/pico-sdk/src/rp2_common/hardware_timer/timer.c.obj
 .debug_info    0x0000c2d1     0x12c1 CMakeFiles/onboard_temperature.dir/home/umetsu/HDD2/pico/pico-sdk/src/rp2_common/hardware_uart/uart.c.obj
 .debug_info    0x0000d592     0x14d9 CMakeFiles/onboard_temperature.dir/home/umetsu/HDD2/pico/pico-sdk/src/rp2_common/hardware_clocks/clocks.c.obj
 .debug_info    0x0000ea6b      0x637 CMakeFiles/onboard_temperature.dir/home/umetsu/HDD2/pico/pico-sdk/src/rp2_common/hardware_pll/pll.c.obj
 .debug_info    0x0000f0a2      0x29a CMakeFiles/onboard_temperature.dir/home/umetsu/HDD2/pico/pico-sdk/src/rp2_common/hardware_ticks/ticks.c.obj
 .debug_info    0x0000f33c      0x1b8 CMakeFiles/onboard_temperature.dir/home/umetsu/HDD2/pico/pico-sdk/src/rp2_common/hardware_xosc/xosc.c.obj
 .debug_info    0x0000f4f4      0x1b0 CMakeFiles/onboard_temperature.dir/home/umetsu/HDD2/pico/pico-sdk/src/rp2_common/pico_runtime/runtime.c.obj
 .debug_info    0x0000f6a4      0x795 CMakeFiles/onboard_temperature.dir/home/umetsu/HDD2/pico/pico-sdk/src/rp2_common/pico_runtime_init/runtime_init.c.obj
 .debug_info    0x0000fe39      0x74d CMakeFiles/onboard_temperature.dir/home/umetsu/HDD2/pico/pico-sdk/src/rp2_common/pico_runtime_init/runtime_init_clocks.c.obj
 .debug_info    0x00010586       0x23 CMakeFiles/onboard_temperature.dir/home/umetsu/HDD2/pico/pico-sdk/src/rp2_common/pico_bit_ops/bit_ops_aeabi.S.obj
 .debug_info    0x000105a9      0x3b2 CMakeFiles/onboard_temperature.dir/home/umetsu/HDD2/pico/pico-sdk/src/rp2_common/pico_bootrom/bootrom.c.obj
 .debug_info    0x0001095b       0x23 CMakeFiles/onboard_temperature.dir/home/umetsu/HDD2/pico/pico-sdk/src/rp2_common/pico_divider/divider_hardware.S.obj
 .debug_info    0x0001097e       0x23 CMakeFiles/onboard_temperature.dir/home/umetsu/HDD2/pico/pico-sdk/src/rp2_common/pico_double/double_aeabi_rp2040.S.obj
 .debug_info    0x000109a1      0x31c CMakeFiles/onboard_temperature.dir/home/umetsu/HDD2/pico/pico-sdk/src/rp2_common/pico_double/double_init_rom_rp2040.c.obj
 .debug_info    0x00010cbd       0x23 CMakeFiles/onboard_temperature.dir/home/umetsu/HDD2/pico/pico-sdk/src/rp2_common/pico_double/double_v1_rom_shim_rp2040.S.obj
 .debug_info    0x00010ce0       0x24 CMakeFiles/onboard_temperature.dir/home/umetsu/HDD2/pico/pico-sdk/src/rp2_common/pico_int64_ops/pico_int64_ops_aeabi.S.obj