Archive member included to satisfy reference by file (symbol)

/usr/lib/gcc/arm-none-eabi/13.2.1/thumb/v6-m/nofp/libgcc.a(_dvmd_tls.o)
                              CMakeFiles/pa1010d_i2c.dir/home/umetsu/HDD2/pico/pico-sdk/src/rp2_common/pico_divider/divider_hardware.S.obj (__aeabi_idiv0)
/usr/lib/gcc/arm-none-eabi/13.2.1/../../../arm-none-eabi/lib/thumb/v6-m/nofp/libg.a(libc_a-strcmp.o)
                              CMakeFiles/pa1010d_i2c.dir/pa1010d_i2c.c.obj (strcmp)
/usr/lib/gcc/arm-none-eabi/13.2.1/../../../arm-none-eabi/lib/thumb/v6-m/nofp/libg.a(libc_a-strstr.o)
                              CMakeFiles/pa1010d_i2c.dir/pa1010d_i2c.c.obj (strstr)
/usr/lib/gcc/arm-none-eabi/13.2.1/../../../arm-none-eabi/lib/thumb/v6-m/nofp/libg.a(libc_a-calloc.o)
                              CMakeFiles/pa1010d_i2c.dir/home/umetsu/HDD2/pico/pico-sdk/src/rp2_common/pico_malloc/malloc.c.obj (calloc)
/usr/lib/gcc/arm-none-eabi/13.2.1/../../../arm-none-eabi/lib/thumb/v6-m/nofp/libg.a(libc_a-impure.o)
                              /usr/lib/gcc/arm-none-eabi/13.2.1/../../../arm-none-eabi/lib/thumb/v6-m/nofp/libg.a(libc_a-calloc.o) (_impure_ptr)
/usr/lib/gcc/arm-none-eabi/13.2.1/../../../arm-none-eabi/lib/thumb/v6-m/nofp/libg.a(libc_a-callocr.o)
                              /usr/lib/gcc/arm-none-eabi/13.2.1/../../../arm-none-eabi/lib/thumb/v6-m/nofp/libg.a(libc_a-calloc.o) (_calloc_r)
/usr/lib/gcc/arm-none-eabi/13.2.1/../../../arm-none-eabi/lib/thumb/v6-m/nofp/libg.a(libc_a-realloc.o)
                              CMakeFiles/pa1010d_i2c.dir/home/umetsu/HDD2/pico/pico-sdk/src/rp2_common/pico_malloc/malloc.c.obj (realloc)
/usr/lib/gcc/arm-none-eabi/13.2.1/../../../arm-none-eabi/lib/thumb/v6-m/nofp/libg.a(libc_a-mallocr.o)
                              /usr/lib/gcc/arm-none-eabi/13.2.1/../../../arm-none-eabi/lib/thumb/v6-m/nofp/libg.a(libc_a-callocr.o) (_malloc_r)
/usr/lib/gcc/arm-none-eabi/13.2.1/../../../arm-none-eabi/lib/thumb/v6-m/nofp/libg.a(libc_a-freer.o)
                              /usr/lib/gcc/arm-none-eabi/13.2.1/../../../arm-none-eabi/lib/thumb/v6-m/nofp/libg.a(libc_a-mallocr.o) (_free_r)
/usr/lib/gcc/arm-none-eabi/13.2.1/../../../arm-none-eabi/lib/thumb/v6-m/nofp/libg.a(libc_a-memcmp.o)
                              CMakeFiles/pa1010d_i2c.dir/home/umetsu/HDD2/pico/pico-sdk/src/rp2_common/pico_atomic/atomic.c.obj (memcmp)
/usr/lib/gcc/arm-none-eabi/13.2.1/../../../arm-none-eabi/lib/thumb/v6-m/nofp/libg.a(libc_a-malloc.o)
                              CMakeFiles/pa1010d_i2c.dir/home/umetsu/HDD2/pico/pico-sdk/src/rp2_common/pico_malloc/malloc.c.obj (malloc)
/usr/lib/gcc/arm-none-eabi/13.2.1/../../../arm-none-eabi/lib/thumb/v6-m/nofp/libg.a(libc_a-sysconf.o)
                              /usr/lib/gcc/arm-none-eabi/13.2.1/../../../arm-none-eabi/lib/thumb/v6-m/nofp/libg.a(libc_a-mallocr.o) (sysconf)
/usr/lib/gcc/arm-none-eabi/13.2.1/../../../arm-none-eabi/lib/thumb/v6-m/nofp/libg.a(libc_a-init.o)
                              /usr/lib/gcc/arm-none-eabi/13.2.1/../../../arm-none-eabi/lib/thumb/v6-m/nofp/crt0.o (__libc_init_array)
/usr/lib/gcc/arm-none-eabi/13.2.1/../../../arm-none-eabi/lib/thumb/v6-m/nofp/libg.a(libc_a-reallocr.o)
                              /usr/lib/gcc/arm-none-eabi/13.2.1/../../../arm-none-eabi/lib/thumb/v6-m/nofp/libg.a(libc_a-realloc.o) (_realloc_r)
/usr/lib/gcc/arm-none-eabi/13.2.1/../../../arm-none-eabi/lib/thumb/v6-m/nofp/libg.a(libc_a-mktime.o)
                              CMakeFiles/pa1010d_i2c.dir/home/umetsu/HDD2/pico/pico-sdk/src/common/pico_util/datetime.c.obj (mktime)
/usr/lib/gcc/arm-none-eabi/13.2.1/../../../arm-none-eabi/lib/thumb/v6-m/nofp/libg.a(libc_a-mlock.o)
                              /usr/lib/gcc/arm-none-eabi/13.2.1/../../../arm-none-eabi/lib/thumb/v6-m/nofp/libg.a(libc_a-mallocr.o) (__malloc_lock)
/usr/lib/gcc/arm-none-eabi/13.2.1/../../../arm-none-eabi/lib/thumb/v6-m/nofp/libg.a(libc_a-findfp.o)
                              /usr/lib/gcc/arm-none-eabi/13.2.1/../../../arm-none-eabi/lib/thumb/v6-m/nofp/libg.a(libc_a-impure.o) (__sf)
/usr/lib/gcc/arm-none-eabi/13.2.1/../../../arm-none-eabi/lib/thumb/v6-m/nofp/libg.a(libc_a-tzlock.o)
                              /usr/lib/gcc/arm-none-eabi/13.2.1/../../../arm-none-eabi/lib/thumb/v6-m/nofp/libg.a(libc_a-mktime.o) (__tz_lock)
/usr/lib/gcc/arm-none-eabi/13.2.1/../../../arm-none-eabi/lib/thumb/v6-m/nofp/libg.a(libc_a-atexit.o)
                              /usr/lib/gcc/arm-none-eabi/13.2.1/../../../arm-none-eabi/lib/thumb/v6-m/nofp/crt0.o (atexit)
/usr/lib/gcc/arm-none-eabi/13.2.1/../../../arm-none-eabi/lib/thumb/v6-m/nofp/libg.a(libc_a-lcltime_r.o)
                              CMakeFiles/pa1010d_i2c.dir/home/umetsu/HDD2/pico/pico-sdk/src/common/pico_util/datetime.c.obj (localtime_r)
/usr/lib/gcc/arm-none-eabi/13.2.1/../../../arm-none-eabi/lib/thumb/v6-m/nofp/libg.a(libc_a-strnlen.o)
                              /usr/lib/gcc/arm-none-eabi/13.2.1/../../../arm-none-eabi/lib/thumb/v6-m/nofp/libg.a(libc_a-strstr.o) (strnlen)
[...]
Memory Configuration

Name             Origin             Length             Attributes
FLASH            0x10000000         0x00200000         xr
RAM              0x20000000         0x00040000         xrw
SCRATCH_X        0x20040000         0x00001000         xrw
SCRATCH_Y        0x20041000         0x00001000         xrw
*default*        0x00000000         0xffffffff

Linker script and memory map

LOAD /usr/lib/gcc/arm-none-eabi/13.2.1/thumb/v6-m/nofp/crti.o
LOAD /usr/lib/gcc/arm-none-eabi/13.2.1/thumb/v6-m/nofp/crtbegin.o
LOAD /usr/lib/gcc/arm-none-eabi/13.2.1/../../../arm-none-eabi/lib/thumb/v6-m/nofp/crt0.o

.flash_begin    0x10000000        0x0
                0x10000000                        __flash_binary_start = .

.boot2          0x10000000      0x100
                0x10000000                        __boot2_start__ = .
 *(.boot2)
 .boot2         0x10000000      0x100 /tmp/ccoiG5Y1.o
                0x10000100                        __boot2_end__ = .
                0x00000001                        ASSERT (((__boot2_end__ - __boot2_start__) == 0x100), ERROR: Pico second stage bootloader must be 256 bytes in size)

.text           0x10000100     0x4b74
                0x10000100                        __logical_binary_start = .
 *(.vectors)
 .vectors       0x10000100       0xd4 CMakeFiles/pa1010d_i2c.dir/home/umetsu/HDD2/pico/pico-sdk/src/rp2_common/pico_crt0/crt0.S.obj
                0x10000100                __vectors
                0x10000100                __VECTOR_TABLE
                0x100001c0                isr_invalid
                0x100001c0                __default_isrs_start
                0x100001c2                isr_nmi
                0x100001c4                isr_hardfault
                0x100001c6                isr_svcall
                0x100001c8                isr_pendsv
                0x100001ca                isr_systick
                0x100001cc                isr_irq30
                0x100001cc                __unhandled_user_irq
                0x100001cc                isr_irq13
                0x100001cc                isr_irq27
                0x100001cc                isr_irq31
                0x100001cc                isr_irq5
                0x100001cc                isr_irq11
                0x100001cc                isr_irq23
                0x100001cc                isr_irq18
                0x100001cc                isr_irq28
                0x100001cc                isr_irq19
                0x100001cc                isr_irq0
                0x100001cc                isr_irq6
                0x100001cc                isr_irq22
                0x100001cc                isr_irq17
                0x100001cc                isr_irq14
                0x100001cc                isr_irq2
                0x100001cc                isr_irq10
                0x100001cc                isr_irq8
                0x100001cc                isr_irq24
                0x100001cc                isr_irq1
                0x100001cc                isr_irq7
                0x100001cc                isr_irq21
                0x100001cc                isr_irq20
                0x100001cc                isr_irq15
                0x100001cc                isr_irq25
                0x100001cc                isr_irq4
                0x100001cc                isr_irq16
                0x100001cc                isr_irq29
                0x100001cc                isr_irq26
                0x100001cc                __default_isrs_end
                0x100001cc                isr_irq3
                0x100001cc                isr_irq12
                0x100001cc                isr_irq9
                0x100001d2                unhandled_user_irq_num_in_r0
 *(.binary_info_header)
 .binary_info_header
                0x100001d4       0x14 CMakeFiles/pa1010d_i2c.dir/home/umetsu/HDD2/pico/pico-sdk/src/rp2_common/pico_crt0/crt0.S.obj
                0x100001e8                        __binary_info_header_end = .
 *(.embedded_block)
                0x100001e8                        __embedded_block_end = .
 *(.reset)
 .reset         0x100001e8       0x9c CMakeFiles/pa1010d_i2c.dir/home/umetsu/HDD2/pico/pico-sdk/src/rp2_common/pico_crt0/crt0.S.obj
                0x100001e8                _entry_point
 *(.init)
 .init          0x10000284        0x4 /usr/lib/gcc/arm-none-eabi/13.2.1/thumb/v6-m/nofp/crti.o
                0x10000284                _init
 *(EXCLUDE_FILE(*libm.a: *libc.a:*lib_a-mem*.o *libgcc.a:) .text*)
 .text          0x10000288       0x98 /usr/lib/gcc/arm-none-eabi/13.2.1/thumb/v6-m/nofp/crtbegin.o
 .text.pa1010d_write_command
                0x10000320       0x48 CMakeFiles/pa1010d_i2c.dir/pa1010d_i2c.c.obj
                0x10000320                pa1010d_write_command
 .text.pa1010d_parse_string
                0x10000368      0x160 CMakeFiles/pa1010d_i2c.dir/pa1010d_i2c.c.obj
                0x10000368                pa1010d_parse_string
 .text.pa1010d_read_raw
                0x100004c8       0x48 CMakeFiles/pa1010d_i2c.dir/pa1010d_i2c.c.obj
                0x100004c8                pa1010d_read_raw
 .text.main     0x10000510       0x9c CMakeFiles/pa1010d_i2c.dir/pa1010d_i2c.c.obj
                0x10000510                main
 .text.gpio_set_function
                0x100005ac       0x34 CMakeFiles/pa1010d_i2c.dir/home/umetsu/HDD2/pico/pico-sdk/src/rp2_common/hardware_gpio/gpio.c.obj
                0x100005ac                gpio_set_function
 .text.gpio_set_pulls
                0x100005e0       0x38 CMakeFiles/pa1010d_i2c.dir/home/umetsu/HDD2/pico/pico-sdk/src/rp2_common/hardware_gpio/gpio.c.obj
                0x100005e0                gpio_set_pulls
 .text.panic    0x10000618       0x30 CMakeFiles/pa1010d_i2c.dir/home/umetsu/HDD2/pico/pico-sdk/src/rp2_common/pico_platform_panic/panic.c.obj
                0x10000618                panic
 .text.hw_claim_lock
                0x10000648       0x18 CMakeFiles/pa1010d_i2c.dir/home/umetsu/HDD2/pico/pico-sdk/src/common/hardware_claim/claim.c.obj
                0x10000648                hw_claim_lock
 .text.hw_claim_unlock
                0x10000660       0x14 CMakeFiles/pa1010d_i2c.dir/home/umetsu/HDD2/pico/pico-sdk/src/common/hardware_claim/claim.c.obj
                0x10000660                hw_claim_unlock
 .text.hw_claim_or_assert
                0x10000674       0x32 CMakeFiles/pa1010d_i2c.dir/home/umetsu/HDD2/pico/pico-sdk/src/common/hardware_claim/claim.c.obj
                0x10000674                hw_claim_or_assert
 *fill*         0x100006a6        0x2 
 .text.next_striped_spin_lock_num
                0x100006a8       0x1c CMakeFiles/pa1010d_i2c.dir/home/umetsu/HDD2/pico/pico-sdk/src/rp2_common/hardware_sync/sync.c.obj
                0x100006a8                next_striped_spin_lock_num
 .text.spin_locks_reset
                0x100006c4       0x20 CMakeFiles/pa1010d_i2c.dir/home/umetsu/HDD2/pico/pico-sdk/src/rp2_common/hardware_sync_spin_lock/sync_spin_lock.c.obj
                0x100006c4                spin_locks_reset
 .text.set_raw_irq_handler_and_unlock
                0x100006e4       0x28 CMakeFiles/pa1010d_i2c.dir/home/umetsu/HDD2/pico/pico-sdk/src/rp2_common/hardware_irq/irq.c.obj
 .text.nvic_ipr0
                0x1000070c        0x8 CMakeFiles/pa1010d_i2c.dir/home/umetsu/HDD2/pico/pico-sdk/src/rp2_common/hardware_irq/irq.c.obj
 .text.runtime_init_per_core_irq_priorities
                0x10000714       0x1c CMakeFiles/pa1010d_i2c.dir/home/umetsu/HDD2/pico/pico-sdk/src/rp2_common/hardware_irq/irq.c.obj
                0x10000714                runtime_init_per_core_irq_priorities
 .text.resolve_j_16
                0x10000730       0x30 CMakeFiles/pa1010d_i2c.dir/home/umetsu/HDD2/pico/pico-sdk/src/rp2_common/hardware_irq/irq.c.obj
 .text.make_j_16
                0x10000760       0x48 CMakeFiles/pa1010d_i2c.dir/home/umetsu/HDD2/pico/pico-sdk/src/rp2_common/hardware_irq/irq.c.obj
 .text.insert_bl_32
                0x100007a8       0x40 CMakeFiles/pa1010d_i2c.dir/home/umetsu/HDD2/pico/pico-sdk/src/rp2_common/hardware_irq/irq.c.obj
 .text.irq_is_enabled
                0x100007e8       0x18 CMakeFiles/pa1010d_i2c.dir/home/umetsu/HDD2/pico/pico-sdk/src/rp2_common/hardware_irq/irq.c.obj
                0x100007e8                irq_is_enabled
 .text.irq_set_mask_n_enabled
                0x10000800       0x1c CMakeFiles/pa1010d_i2c.dir/home/umetsu/HDD2/pico/pico-sdk/src/rp2_common/hardware_irq/irq.c.obj
                0x10000800                irq_set_mask_n_enabled
 .text.irq_set_enabled
                0x1000081c       0x14 CMakeFiles/pa1010d_i2c.dir/home/umetsu/HDD2/pico/pico-sdk/src/rp2_common/hardware_irq/irq.c.obj
                0x1000081c                irq_set_enabled
 .text.irq_get_vtable_handler
                0x10000830       0x10 CMakeFiles/pa1010d_i2c.dir/home/umetsu/HDD2/pico/pico-sdk/src/rp2_common/hardware_irq/irq.c.obj
                0x10000830                irq_get_vtable_handler
 .text.irq_set_exclusive_handler
                0x10000840       0x54 CMakeFiles/pa1010d_i2c.dir/home/umetsu/HDD2/pico/pico-sdk/src/rp2_common/hardware_irq/irq.c.obj
                0x10000840                irq_set_exclusive_handler
 .text.irq_remove_handler
                0x10000894      0x18c CMakeFiles/pa1010d_i2c.dir/home/umetsu/HDD2/pico/pico-sdk/src/rp2_common/hardware_irq/irq.c.obj
                0x10000894                irq_remove_handler
 .text.irq_add_tail_to_free_list
                0x10000a20       0xf4 CMakeFiles/pa1010d_i2c.dir/home/umetsu/HDD2/pico/pico-sdk/src/rp2_common/hardware_irq/irq.c.obj
                0x10000a20                irq_add_tail_to_free_list
 .text.lock_init
                0x10000b14       0x10 CMakeFiles/pa1010d_i2c.dir/home/umetsu/HDD2/pico/pico-sdk/src/common/pico_sync/lock_core.c.obj
                0x10000b14                lock_init
 .text.mutex_init
                0x10000b24       0x1a CMakeFiles/pa1010d_i2c.dir/home/umetsu/HDD2/pico/pico-sdk/src/common/pico_sync/mutex.c.obj
                0x10000b24                mutex_init
 .text.recursive_mutex_init
                0x10000b3e       0x1e CMakeFiles/pa1010d_i2c.dir/home/umetsu/HDD2/pico/pico-sdk/src/common/pico_sync/mutex.c.obj
                0x10000b3e                recursive_mutex_init
 .text.runtime_init_mutex
                0x10000b5c       0x4c CMakeFiles/pa1010d_i2c.dir/home/umetsu/HDD2/pico/pico-sdk/src/common/pico_sync/mutex.c.obj
                0x10000b5c                runtime_init_mutex
 .text.make_alarm_id
                0x10000ba8        0x6 CMakeFiles/pa1010d_i2c.dir/home/umetsu/HDD2/pico/pico-sdk/src/common/pico_time/time.c.obj
 *fill*         0x10000bae        0x2 
 .text.sleep_until_callback
                0x10000bb0       0x30 CMakeFiles/pa1010d_i2c.dir/home/umetsu/HDD2/pico/pico-sdk/src/common/pico_time/time.c.obj
 .text.alarm_pool_irq_handler
                0x10000be0      0x2e0 CMakeFiles/pa1010d_i2c.dir/home/umetsu/HDD2/pico/pico-sdk/src/common/pico_time/time.c.obj
 .text.ta_enable_irq_handler
                0x10000ec0       0x2c CMakeFiles/pa1010d_i2c.dir/home/umetsu/HDD2/pico/pico-sdk/src/common/pico_time/time.c.obj
 .text.alarm_pool_post_alloc_init
                0x10000eec       0x78 CMakeFiles/pa1010d_i2c.dir/home/umetsu/HDD2/pico/pico-sdk/src/common/pico_time/time.c.obj
 .text.alarm_pool_get_default
                0x10000f64       0x2c CMakeFiles/pa1010d_i2c.dir/home/umetsu/HDD2/pico/pico-sdk/src/common/pico_time/time.c.obj
                0x10000f64                alarm_pool_get_default
 .text.alarm_pool_add_alarm_at_force_in_context
                0x10000f90       0xa4 CMakeFiles/pa1010d_i2c.dir/home/umetsu/HDD2/pico/pico-sdk/src/common/pico_time/time.c.obj
                0x10000f90                alarm_pool_add_alarm_at_force_in_context
 .text.alarm_pool_add_alarm_at
                0x10001034       0x3c CMakeFiles/pa1010d_i2c.dir/home/umetsu/HDD2/pico/pico-sdk/src/common/pico_time/time.c.obj
                0x10001034                alarm_pool_add_alarm_at
 .text.add_alarm_at
                0x10001070       0x2e CMakeFiles/pa1010d_i2c.dir/home/umetsu/HDD2/pico/pico-sdk/src/common/pico_time/time.c.obj
 *fill*         0x1000109e        0x2 
 .text.alarm_pool_cancel_alarm
                0x100010a0       0x78 CMakeFiles/pa1010d_i2c.dir/home/umetsu/HDD2/pico/pico-sdk/src/common/pico_time/time.c.obj
                0x100010a0                alarm_pool_cancel_alarm
 .text.cancel_alarm
                0x10001118       0x10 CMakeFiles/pa1010d_i2c.dir/home/umetsu/HDD2/pico/pico-sdk/src/common/pico_time/time.c.obj
 .text.sleep_until
                0x10001128       0xc0 CMakeFiles/pa1010d_i2c.dir/home/umetsu/HDD2/pico/pico-sdk/src/common/pico_time/time.c.obj
                0x10001128                sleep_until
 .text.sleep_us
                0x100011e8       0x24 CMakeFiles/pa1010d_i2c.dir/home/umetsu/HDD2/pico/pico-sdk/src/common/pico_time/time.c.obj
                0x100011e8                sleep_us
 .text.sleep_ms
                0x1000120c       0x14 CMakeFiles/pa1010d_i2c.dir/home/umetsu/HDD2/pico/pico-sdk/src/common/pico_time/time.c.obj
                0x1000120c                sleep_ms
 .text.best_effort_wfe_or_timeout
                0x10001220       0xc4 CMakeFiles/pa1010d_i2c.dir/home/umetsu/HDD2/pico/pico-sdk/src/common/pico_time/time.c.obj
                0x10001220                best_effort_wfe_or_timeout
 .text.alarm_pool_get_default_timer
                0x100012e4        0x8 CMakeFiles/pa1010d_i2c.dir/home/umetsu/HDD2/pico/pico-sdk/src/common/pico_time/time.c.obj
                0x100012e4                alarm_pool_get_default_timer
 .text.runtime_init_default_alarm_pool
                0x100012ec       0x38 CMakeFiles/pa1010d_i2c.dir/home/umetsu/HDD2/pico/pico-sdk/src/common/pico_time/time.c.obj
                0x100012ec                runtime_init_default_alarm_pool
 .text.timer_hardware_alarm_claim
                0x10001324       0x14 CMakeFiles/pa1010d_i2c.dir/home/umetsu/HDD2/pico/pico-sdk/src/rp2_common/hardware_timer/timer.c.obj
                0x10001324                timer_hardware_alarm_claim
 .text.timer_time_us_64
                0x10001338       0x10 CMakeFiles/pa1010d_i2c.dir/home/umetsu/HDD2/pico/pico-sdk/src/rp2_common/hardware_timer/timer.c.obj
                0x10001338                timer_time_us_64
 .text.timer_busy_wait_until
                0x10001348       0x1a CMakeFiles/pa1010d_i2c.dir/home/umetsu/HDD2/pico/pico-sdk/src/rp2_common/hardware_timer/timer.c.obj
                0x10001348                timer_busy_wait_until
 .text.timer_busy_wait_us
                0x10001362       0x38 CMakeFiles/pa1010d_i2c.dir/home/umetsu/HDD2/pico/pico-sdk/src/rp2_common/hardware_timer/timer.c.obj
                0x10001362                timer_busy_wait_us
 *fill*         0x1000139a        0x2 
 .text.time_us_64
                0x1000139c       0x10 CMakeFiles/pa1010d_i2c.dir/home/umetsu/HDD2/pico/pico-sdk/src/rp2_common/hardware_timer/timer.c.obj
                0x1000139c                time_us_64
 .text.busy_wait_us
                0x100013ac       0x14 CMakeFiles/pa1010d_i2c.dir/home/umetsu/HDD2/pico/pico-sdk/src/rp2_common/hardware_timer/timer.c.obj
                0x100013ac                busy_wait_us
 .text.busy_wait_until
                0x100013c0       0x14 CMakeFiles/pa1010d_i2c.dir/home/umetsu/HDD2/pico/pico-sdk/src/rp2_common/hardware_timer/timer.c.obj
                0x100013c0                busy_wait_until
 .text.uart_unreset
                0x100013d4       0x2c CMakeFiles/pa1010d_i2c.dir/home/umetsu/HDD2/pico/pico-sdk/src/rp2_common/hardware_uart/uart.c.obj
 .text.uart_disable_before_lcr_write
                0x10001400       0x48 CMakeFiles/pa1010d_i2c.dir/home/umetsu/HDD2/pico/pico-sdk/src/rp2_common/hardware_uart/uart.c.obj
 .text.uart_write_lcr_bits_masked
                0x10001448       0x20 CMakeFiles/pa1010d_i2c.dir/home/umetsu/HDD2/pico/pico-sdk/src/rp2_common/hardware_uart/uart.c.obj
 .text.uart_set_baudrate
                0x10001468       0x5c CMakeFiles/pa1010d_i2c.dir/home/umetsu/HDD2/pico/pico-sdk/src/rp2_common/hardware_uart/uart.c.obj
                0x10001468                uart_set_baudrate
 .text.uart_set_translate_crlf
                0x100014c4       0x28 CMakeFiles/pa1010d_i2c.dir/home/umetsu/HDD2/pico/pico-sdk/src/rp2_common/hardware_uart/uart.c.obj
                0x100014c4                uart_set_translate_crlf
 .text.uart_init
                0x100014ec       0x64 CMakeFiles/pa1010d_i2c.dir/home/umetsu/HDD2/pico/pico-sdk/src/rp2_common/hardware_uart/uart.c.obj
                0x100014ec                uart_init
 .text.clock_configure_internal
                0x10001550       0xc4 CMakeFiles/pa1010d_i2c.dir/home/umetsu/HDD2/pico/pico-sdk/src/rp2_common/hardware_clocks/clocks.c.obj
 .text.clock_configure_int_divider
                0x10001614       0x28 CMakeFiles/pa1010d_i2c.dir/home/umetsu/HDD2/pico/pico-sdk/src/rp2_common/hardware_clocks/clocks.c.obj
                0x10001614                clock_configure_int_divider
 .text.clock_configure_undivided
                0x1000163c       0x12 CMakeFiles/pa1010d_i2c.dir/home/umetsu/HDD2/pico/pico-sdk/src/rp2_common/hardware_clocks/clocks.c.obj
                0x1000163c                clock_configure_undivided
 *fill*         0x1000164e        0x2 
 .text.clock_get_hz
                0x10001650        0xc CMakeFiles/pa1010d_i2c.dir/home/umetsu/HDD2/pico/pico-sdk/src/rp2_common/hardware_clocks/clocks.c.obj
                0x10001650                clock_get_hz
 .text.pll_init
                0x1000165c      0x124 CMakeFiles/pa1010d_i2c.dir/home/umetsu/HDD2/pico/pico-sdk/src/rp2_common/hardware_pll/pll.c.obj
                0x1000165c                pll_init
 .text.tick_start
                0x10001780       0x10 CMakeFiles/pa1010d_i2c.dir/home/umetsu/HDD2/pico/pico-sdk/src/rp2_common/hardware_ticks/ticks.c.obj
                0x10001780                tick_start
 .text.xosc_init
                0x10001790       0x28 CMakeFiles/pa1010d_i2c.dir/home/umetsu/HDD2/pico/pico-sdk/src/rp2_common/hardware_xosc/xosc.c.obj
                0x10001790                xosc_init
 .text.runtime_run_initializers_from
                0x100017b8       0x18 CMakeFiles/pa1010d_i2c.dir/home/umetsu/HDD2/pico/pico-sdk/src/rp2_common/pico_runtime/runtime.c.obj
 .text.first_per_core_initializer
                0x100017d0        0x2 CMakeFiles/pa1010d_i2c.dir/home/umetsu/HDD2/pico/pico-sdk/src/rp2_common/pico_runtime/runtime.c.obj
 *fill*         0x100017d2        0x2 
 .text.runtime_run_initializers
                0x100017d4       0x10 CMakeFiles/pa1010d_i2c.dir/home/umetsu/HDD2/pico/pico-sdk/src/rp2_common/pico_runtime/runtime.c.obj
                0x100017d4                runtime_run_initializers
 .text.runtime_init_early_resets
                0x100017e4       0x2c CMakeFiles/pa1010d_i2c.dir/home/umetsu/HDD2/pico/pico-sdk/src/rp2_common/pico_runtime_init/runtime_init.c.obj
                0x100017e4                runtime_init_early_resets
 .text.runtime_init_usb_power_down
                0x10001810       0x1c CMakeFiles/pa1010d_i2c.dir/home/umetsu/HDD2/pico/pico-sdk/src/rp2_common/pico_runtime_init/runtime_init.c.obj
                0x10001810                runtime_init_usb_power_down
 .text.runtime_init_post_clock_resets
                0x1000182c       0x20 CMakeFiles/pa1010d_i2c.dir/home/umetsu/HDD2/pico/pico-sdk/src/rp2_common/pico_runtime_init/runtime_init.c.obj
                0x1000182c                runtime_init_post_clock_resets
 .text.runtime_init_rp2040_gpio_ie_disable
                0x1000184c       0x14 CMakeFiles/pa1010d_i2c.dir/home/umetsu/HDD2/pico/pico-sdk/src/rp2_common/pico_runtime_init/runtime_init.c.obj
                0x1000184c                runtime_init_rp2040_gpio_ie_disable
 .text.runtime_init_spin_locks_reset
                0x10001860        0x8 CMakeFiles/pa1010d_i2c.dir/home/umetsu/HDD2/pico/pico-sdk/src/rp2_common/pico_runtime_init/runtime_init.c.obj
                0x10001860                runtime_init_spin_locks_reset
 .text.runtime_init_install_ram_vector_table
                0x10001868       0x1c CMakeFiles/pa1010d_i2c.dir/home/umetsu/HDD2/pico/pico-sdk/src/rp2_common/pico_runtime_init/runtime_init.c.obj
                0x10001868                runtime_init_install_ram_vector_table
 .text.start_all_ticks
                0x10001884       0x28 CMakeFiles/pa1010d_i2c.dir/home/umetsu/HDD2/pico/pico-sdk/src/rp2_common/pico_runtime_init/runtime_init_clocks.c.obj
 .text.runtime_init_clocks
                0x100018ac       0xcc CMakeFiles/pa1010d_i2c.dir/home/umetsu/HDD2/pico/pico-sdk/src/rp2_common/pico_runtime_init/runtime_init_clocks.c.obj
                0x100018ac                runtime_init_clocks
 .text          0x10001978       0x10 CMakeFiles/pa1010d_i2c.dir/home/umetsu/HDD2/pico/pico-sdk/src/rp2_common/pico_bit_ops/bit_ops_aeabi.S.obj
 .text.rom_func_lookup
                0x10001988       0x10 CMakeFiles/pa1010d_i2c.dir/home/umetsu/HDD2/pico/pico-sdk/src/rp2_common/pico_bootrom/bootrom.c.obj
                0x10001988                rom_func_lookup
 .text.rom_data_lookup
                0x10001998       0x10 CMakeFiles/pa1010d_i2c.dir/home/umetsu/HDD2/pico/pico-sdk/src/rp2_common/pico_bootrom/bootrom.c.obj
                0x10001998                rom_data_lookup
 .text.rom_funcs_lookup
                0x100019a8       0x36 CMakeFiles/pa1010d_i2c.dir/home/umetsu/HDD2/pico/pico-sdk/src/rp2_common/pico_bootrom/bootrom.c.obj
                0x100019a8                rom_funcs_lookup
 *fill*         0x100019de        0x2 
 .text.__wrap___aeabi_idiv
                0x100019e0       0x50 CMakeFiles/pa1010d_i2c.dir/home/umetsu/HDD2/pico/pico-sdk/src/rp2_common/pico_divider/divider_hardware.S.obj
                0x100019e0                __wrap___aeabi_idivmod
                0x100019e0                divmod_s32s32
                0x100019e0                div_s32s32
                0x100019e0                __wrap___aeabi_idiv
                0x100019e8                divmod_s32s32_unsafe
                0x10001a14                divmod_s32s32_savestate
 .text.__wrap___aeabi_uidiv
                0x10001a30       0x4c CMakeFiles/pa1010d_i2c.dir/home/umetsu/HDD2/pico/pico-sdk/src/rp2_common/pico_divider/divider_hardware.S.obj
                0x10001a30                __wrap___aeabi_uidiv
                0x10001a30                __wrap___aeabi_uidivmod
                0x10001a30                div_u32u32
                0x10001a30                divmod_u32u32
                0x10001a38                divmod_u32u32_unsafe
                0x10001a60                divmod_u32u32_savestate
 .text.__wrap___aeabi_ldiv
                0x10001a7c      0x424 CMakeFiles/pa1010d_i2c.dir/home/umetsu/HDD2/pico/pico-sdk/src/rp2_common/pico_divider/divider_hardware.S.obj
                0x10001a7c                div_s64s64
                0x10001a7c                divmod_s64s64
                0x10001a7c                __wrap___aeabi_ldivmod
                0x10001aac                div_u64u64
                0x10001aac                divmod_u64u64
                0x10001aac                __wrap___aeabi_uldivmod
                0x10001abc                divmod_u64u64_savestate
                0x10001adc                divmod_s64s64_unsafe
                0x10001b64                divmod_u64u64_unsafe
 .text.__wrap___aeabi_darithmetic
                0x10001ea0       0x80 CMakeFiles/pa1010d_i2c.dir/home/umetsu/HDD2/pico/pico-sdk/src/rp2_common/pico_double/double_aeabi_rp2040.S.obj
                0x10001ea0                __wrap___aeabi_drsub
                0x10001ea6                __wrap___aeabi_dsub
                0x10001eb8                __wrap___aeabi_dadd
                0x10001eca                __wrap___aeabi_ddiv
                0x10001f06                __wrap___aeabi_dmul
 .text.__wrap___aeabi_cdcmple
                0x10001f20       0x6c CMakeFiles/pa1010d_i2c.dir/home/umetsu/HDD2/pico/pico-sdk/src/rp2_common/pico_double/double_aeabi_rp2040.S.obj
                0x10001f20                __wrap___aeabi_cdrcmple
                0x10001f30                __wrap___aeabi_cdcmple
                0x10001f30                __wrap___aeabi_cdcmpeq
 .text.__wrap___aeabi_dcmplt
                0x10001f8c        0xc CMakeFiles/pa1010d_i2c.dir/home/umetsu/HDD2/pico/pico-sdk/src/rp2_common/pico_double/double_aeabi_rp2040.S.obj
                0x10001f8c                __wrap___aeabi_dcmplt
 .text.__wrap___aeabi_dcmple
                0x10001f98       0x10 CMakeFiles/pa1010d_i2c.dir/home/umetsu/HDD2/pico/pico-sdk/src/rp2_common/pico_double/double_aeabi_rp2040.S.obj
                0x10001f98                __wrap___aeabi_dcmple
 .text.__wrap___aeabi_dcmpge
                0x10001fa8       0x10 CMakeFiles/pa1010d_i2c.dir/home/umetsu/HDD2/pico/pico-sdk/src/rp2_common/pico_double/double_aeabi_rp2040.S.obj
                0x10001fa8                __wrap___aeabi_dcmpge
 .text.__wrap___aeabi_dcmpgt
                0x10001fb8        0xa CMakeFiles/pa1010d_i2c.dir/home/umetsu/HDD2/pico/pico-sdk/src/rp2_common/pico_double/double_aeabi_rp2040.S.obj
                0x10001fb8                __wrap___aeabi_dcmpgt
 .text.__wrap___aeabi_dcmpun
                0x10001fc2       0x18 CMakeFiles/pa1010d_i2c.dir/home/umetsu/HDD2/pico/pico-sdk/src/rp2_common/pico_double/double_aeabi_rp2040.S.obj
                0x10001fc2                __wrap___aeabi_dcmpun
 *fill*         0x10001fda        0x2 
 .text.__wrap___aeabi_i2d
                0x10001fdc       0x38 CMakeFiles/pa1010d_i2c.dir/home/umetsu/HDD2/pico/pico-sdk/src/rp2_common/pico_double/double_aeabi_rp2040.S.obj
                0x10001fdc                __wrap___aeabi_ui2d
                0x10001fe4                __wrap___aeabi_i2d
 .text.__wrap___aeabi_d2iz
                0x10002014       0x48 CMakeFiles/pa1010d_i2c.dir/home/umetsu/HDD2/pico/pico-sdk/src/rp2_common/pico_double/double_aeabi_rp2040.S.obj
                0x10002014                __wrap___aeabi_d2iz
                0x10002014                double2int_z
 .text.__wrap___aeabi_d2uiz
                0x1000205c       0x18 CMakeFiles/pa1010d_i2c.dir/home/umetsu/HDD2/pico/pico-sdk/src/rp2_common/pico_double/double_aeabi_rp2040.S.obj
                0x1000205c                double2uint
                0x1000205c                __wrap___aeabi_d2uiz
 .text.__aeabi_double_init
                0x10002074       0xcc CMakeFiles/pa1010d_i2c.dir/home/umetsu/HDD2/pico/pico-sdk/src/rp2_common/pico_double/double_init_rom_rp2040.c.obj
                0x10002074                __aeabi_double_init
 .text.double_table_shim_on_use_helper
                0x10002140       0x34 CMakeFiles/pa1010d_i2c.dir/home/umetsu/HDD2/pico/pico-sdk/src/rp2_common/pico_double/double_v1_rom_shim_rp2040.S.obj
                0x10002140                double_table_shim_on_use_helper
 .text.__wrap___aeabi_dsub
                0x10002174       0x10 CMakeFiles/pa1010d_i2c.dir/home/umetsu/HDD2/pico/pico-sdk/src/rp2_common/pico_double/double_v1_rom_shim_rp2040.S.obj
                0x10002174                drsub_shim
                0x1000217a                dsub_shim
 .text.dadd_shim
                0x10002184      0x15c CMakeFiles/pa1010d_i2c.dir/home/umetsu/HDD2/pico/pico-sdk/src/rp2_common/pico_double/double_v1_rom_shim_rp2040.S.obj
                0x10002184                dadd_shim
 .text.dmul_shim
                0x100022e0      0x15c CMakeFiles/pa1010d_i2c.dir/home/umetsu/HDD2/pico/pico-sdk/src/rp2_common/pico_double/double_v1_rom_shim_rp2040.S.obj
                0x100022e0                dmul_shim
 .text.ddiv_shim
                0x1000243c      0x1b0 CMakeFiles/pa1010d_i2c.dir/home/umetsu/HDD2/pico/pico-sdk/src/rp2_common/pico_double/double_v1_rom_shim_rp2040.S.obj
                0x1000243c                ddiv_shim
 .text.double2uint_shim
                0x100025ec        0xe CMakeFiles/pa1010d_i2c.dir/home/umetsu/HDD2/pico/pico-sdk/src/rp2_common/pico_double/double_v1_rom_shim_rp2040.S.obj
                0x100025ec                double2uint_shim
                0x100025ee                double2ufix_shim
 *fill*         0x100025fa        0x2 
 .text.double2uint64_shim
                0x100025fc       0x70 CMakeFiles/pa1010d_i2c.dir/home/umetsu/HDD2/pico/pico-sdk/src/rp2_common/pico_double/double_v1_rom_shim_rp2040.S.obj
                0x100025fc                double2uint64_shim
                0x100025fe                double2ufix64_shim
                0x1000261e                d2fix_a
 .text.dunpacks
                0x1000266c       0x3c CMakeFiles/pa1010d_i2c.dir/home/umetsu/HDD2/pico/pico-sdk/src/rp2_common/pico_double/double_v1_rom_shim_rp2040.S.obj
                0x1000266c                dunpacks
 .text.__aeabi_lmul
                0x100026a8       0x32 CMakeFiles/pa1010d_i2c.dir/home/umetsu/HDD2/pico/pico-sdk/src/rp2_common/pico_int64_ops/pico_int64_ops_aeabi.S.obj
                0x100026a8                __wrap___aeabi_lmul
 *fill*         0x100026da        0x2 
 .text.__aeabi_float_init
                0x100026dc       0xfc CMakeFiles/pa1010d_i2c.dir/home/umetsu/HDD2/pico/pico-sdk/src/rp2_common/pico_float/float_init_rom_rp2040.c.obj
                0x100026dc                __aeabi_float_init
 .text.float_table_shim_on_use_helper
                0x100027d8       0x34 CMakeFiles/pa1010d_i2c.dir/home/umetsu/HDD2/pico/pico-sdk/src/rp2_common/pico_float/float_v1_rom_shim_rp2040.S.obj
                0x100027d8                float_table_shim_on_use_helper
 .text          0x1000280c       0x10 CMakeFiles/pa1010d_i2c.dir/home/umetsu/HDD2/pico/pico-sdk/src/rp2_common/pico_mem_ops/mem_ops_aeabi.S.obj
                0x1000280c                __aeabi_mem_init
 .text.memset   0x1000281c        0xc CMakeFiles/pa1010d_i2c.dir/home/umetsu/HDD2/pico/pico-sdk/src/rp2_common/pico_mem_ops/mem_ops_aeabi.S.obj
                0x1000281c                __wrap_memset
 .text.memcpy   0x10002828        0xc CMakeFiles/pa1010d_i2c.dir/home/umetsu/HDD2/pico/pico-sdk/src/rp2_common/pico_mem_ops/mem_ops_aeabi.S.obj
                0x10002828                __wrap___aeabi_memcpy
                0x10002828                __wrap_memcpy
 .text._out_null
                0x10002834        0x2 CMakeFiles/pa1010d_i2c.dir/home/umetsu/HDD2/pico/pico-sdk/src/rp2_common/pico_printf/printf.c.obj
 .text._out_fct
                0x10002836        0xe CMakeFiles/pa1010d_i2c.dir/home/umetsu/HDD2/pico/pico-sdk/src/rp2_common/pico_printf/printf.c.obj
 .text._atoi    0x10002844       0x24 CMakeFiles/pa1010d_i2c.dir/home/umetsu/HDD2/pico/pico-sdk/src/rp2_common/pico_printf/printf.c.obj
 .text._out_rev
                0x10002868       0xae CMakeFiles/pa1010d_i2c.dir/home/umetsu/HDD2/pico/pico-sdk/src/rp2_common/pico_printf/printf.c.obj
 .text._ntoa_format
                0x10002916      0x110 CMakeFiles/pa1010d_i2c.dir/home/umetsu/HDD2/pico/pico-sdk/src/rp2_common/pico_printf/printf.c.obj
 .text._ntoa_long
                0x10002a26       0xbc CMakeFiles/pa1010d_i2c.dir/home/umetsu/HDD2/pico/pico-sdk/src/rp2_common/pico_printf/printf.c.obj
 .text._ntoa_long_long
                0x10002ae2      0x10e CMakeFiles/pa1010d_i2c.dir/home/umetsu/HDD2/pico/pico-sdk/src/rp2_common/pico_printf/printf.c.obj
 .text._etoa    0x10002bf0      0x420 CMakeFiles/pa1010d_i2c.dir/home/umetsu/HDD2/pico/pico-sdk/src/rp2_common/pico_printf/printf.c.obj
 .text._ftoa    0x10003010      0x354 CMakeFiles/pa1010d_i2c.dir/home/umetsu/HDD2/pico/pico-sdk/src/rp2_common/pico_printf/printf.c.obj
 .text._vsnprintf
                0x10003364      0x668 CMakeFiles/pa1010d_i2c.dir/home/umetsu/HDD2/pico/pico-sdk/src/rp2_common/pico_printf/printf.c.obj
 .text.vfctprintf
                0x100039cc       0x20 CMakeFiles/pa1010d_i2c.dir/home/umetsu/HDD2/pico/pico-sdk/src/rp2_common/pico_printf/printf.c.obj
                0x100039cc                vfctprintf
 .text._exit    0x100039ec        0x4 CMakeFiles/pa1010d_i2c.dir/home/umetsu/HDD2/pico/pico-sdk/src/rp2_common/pico_clib_interface/newlib_interface.c.obj
                0x100039ec                _exit
 .text.exit     0x100039f0        0x6 CMakeFiles/pa1010d_i2c.dir/home/umetsu/HDD2/pico/pico-sdk/src/rp2_common/pico_clib_interface/newlib_interface.c.obj
                0x100039f0                exit
 *fill*         0x100039f6        0x2 
 .text.__assert_func
                0x100039f8       0x38 CMakeFiles/pa1010d_i2c.dir/home/umetsu/HDD2/pico/pico-sdk/src/rp2_common/pico_clib_interface/newlib_interface.c.obj
                0x100039f8                __assert_func
 .text.runtime_init
                0x10003a30       0x28 CMakeFiles/pa1010d_i2c.dir/home/umetsu/HDD2/pico/pico-sdk/src/rp2_common/pico_clib_interface/newlib_interface.c.obj
                0x10003a30                runtime_init
 .text.stdio_out_chars_no_crlf
                0x10003a58        0xe CMakeFiles/pa1010d_i2c.dir/home/umetsu/HDD2/pico/pico-sdk/src/rp2_common/pico_stdio/stdio.c.obj
 *fill*         0x10003a66        0x2 
 .text.stdio_out_chars_crlf
                0x10003a68       0x80 CMakeFiles/pa1010d_i2c.dir/home/umetsu/HDD2/pico/pico-sdk/src/rp2_common/pico_stdio/stdio.c.obj
 .text.stdio_stack_buffer_flush
                0x10003ae8       0x44 CMakeFiles/pa1010d_i2c.dir/home/umetsu/HDD2/pico/pico-sdk/src/rp2_common/pico_stdio/stdio.c.obj
 .text.stdio_buffered_printer
                0x10003b2c       0x20 CMakeFiles/pa1010d_i2c.dir/home/umetsu/HDD2/pico/pico-sdk/src/rp2_common/pico_stdio/stdio.c.obj
 .text.stdout_serialize_begin
                0x10003b4c       0x30 CMakeFiles/pa1010d_i2c.dir/home/umetsu/HDD2/pico/pico-sdk/src/rp2_common/pico_stdio/stdio.c.obj
                0x10003b4c                stdout_serialize_begin
 .text.stdout_serialize_end
                0x10003b7c       0x10 CMakeFiles/pa1010d_i2c.dir/home/umetsu/HDD2/pico/pico-sdk/src/rp2_common/pico_stdio/stdio.c.obj
                0x10003b7c                stdout_serialize_end
 .text.stdio_put_string
                0x10003b8c       0x94 CMakeFiles/pa1010d_i2c.dir/home/umetsu/HDD2/pico/pico-sdk/src/rp2_common/pico_stdio/stdio.c.obj
                0x10003b8c                stdio_put_string
 .text.stdio_set_driver_enabled
                0x10003c20       0x2c CMakeFiles/pa1010d_i2c.dir/home/umetsu/HDD2/pico/pico-sdk/src/rp2_common/pico_stdio/stdio.c.obj
                0x10003c20                stdio_set_driver_enabled
 .text.stdio_flush
                0x10003c4c       0x20 CMakeFiles/pa1010d_i2c.dir/home/umetsu/HDD2/pico/pico-sdk/src/rp2_common/pico_stdio/stdio.c.obj
                0x10003c4c                stdio_flush
 .text.stdio_init_all
                0x10003c6c        0xa CMakeFiles/pa1010d_i2c.dir/home/umetsu/HDD2/pico/pico-sdk/src/rp2_common/pico_stdio/stdio.c.obj
                0x10003c6c                stdio_init_all
 .text.__wrap_puts
                0x10003c76       0x1e CMakeFiles/pa1010d_i2c.dir/home/umetsu/HDD2/pico/pico-sdk/src/rp2_common/pico_stdio/stdio.c.obj
                0x10003c76                __wrap_puts
                0x10003c76                stdio_puts
 .text.__wrap_vprintf
                0x10003c94       0x40 CMakeFiles/pa1010d_i2c.dir/home/umetsu/HDD2/pico/pico-sdk/src/rp2_common/pico_stdio/stdio.c.obj
                0x10003c94                __wrap_vprintf
                0x10003c94                stdio_vprintf
 .text.__wrap_printf
                0x10003cd4       0x18 CMakeFiles/pa1010d_i2c.dir/home/umetsu/HDD2/pico/pico-sdk/src/rp2_common/pico_stdio/stdio.c.obj
                0x10003cd4                stdio_printf
                0x10003cd4                __wrap_printf
 .text.uart_putc
                0x10003cec       0x60 CMakeFiles/pa1010d_i2c.dir/home/umetsu/HDD2/pico/pico-sdk/src/rp2_common/pico_stdio_uart/stdio_uart.c.obj
 .text.uart_getc
                0x10003d4c       0x24 CMakeFiles/pa1010d_i2c.dir/home/umetsu/HDD2/pico/pico-sdk/src/rp2_common/pico_stdio_uart/stdio_uart.c.obj
 .text.stdio_uart_out_chars
                0x10003d70       0x20 CMakeFiles/pa1010d_i2c.dir/home/umetsu/HDD2/pico/pico-sdk/src/rp2_common/pico_stdio_uart/stdio_uart.c.obj
 .text.stdio_uart_in_chars
                0x10003d90       0x5c CMakeFiles/pa1010d_i2c.dir/home/umetsu/HDD2/pico/pico-sdk/src/rp2_common/pico_stdio_uart/stdio_uart.c.obj
                0x10003d90                stdio_uart_in_chars
 .text.on_uart_rx
                0x10003dec       0x28 CMakeFiles/pa1010d_i2c.dir/home/umetsu/HDD2/pico/pico-sdk/src/rp2_common/pico_stdio_uart/stdio_uart.c.obj
 .text.stdio_uart_out_flush
                0x10003e14       0x10 CMakeFiles/pa1010d_i2c.dir/home/umetsu/HDD2/pico/pico-sdk/src/rp2_common/pico_stdio_uart/stdio_uart.c.obj
 .text.stdio_uart_set_chars_available_callback
                0x10003e24       0x8c CMakeFiles/pa1010d_i2c.dir/home/umetsu/HDD2/pico/pico-sdk/src/rp2_common/pico_stdio_uart/stdio_uart.c.obj
 .text.stdio_uart_init_full
                0x10003eb0       0x44 CMakeFiles/pa1010d_i2c.dir/home/umetsu/HDD2/pico/pico-sdk/src/rp2_common/pico_stdio_uart/stdio_uart.c.obj
                0x10003eb0                stdio_uart_init_full
 .text.stdio_uart_init
                0x10003ef4       0x30 CMakeFiles/pa1010d_i2c.dir/home/umetsu/HDD2/pico/pico-sdk/src/rp2_common/pico_stdio_uart/stdio_uart.c.obj
                0x10003ef4                stdio_uart_init
 .text.i2c_unreset
                0x10003f24       0x2c CMakeFiles/pa1010d_i2c.dir/home/umetsu/HDD2/pico/pico-sdk/src/rp2_common/hardware_i2c/i2c.c.obj
 .text.i2c_write_blocking_internal
                0x10003f50      0x158 CMakeFiles/pa1010d_i2c.dir/home/umetsu/HDD2/pico/pico-sdk/src/rp2_common/hardware_i2c/i2c.c.obj
 .text.i2c_read_blocking_internal
                0x100040a8       0xee CMakeFiles/pa1010d_i2c.dir/home/umetsu/HDD2/pico/pico-sdk/src/rp2_common/hardware_i2c/i2c.c.obj
 *fill*         0x10004196        0x2 
 .text.i2c_set_baudrate
                0x10004198       0xf0 CMakeFiles/pa1010d_i2c.dir/home/umetsu/HDD2/pico/pico-sdk/src/rp2_common/hardware_i2c/i2c.c.obj
                0x10004198                i2c_set_baudrate
 .text.i2c_init
                0x10004288       0x54 CMakeFiles/pa1010d_i2c.dir/home/umetsu/HDD2/pico/pico-sdk/src/rp2_common/hardware_i2c/i2c.c.obj
                0x10004288                i2c_init
 .text.i2c_write_blocking
                0x100042dc       0x18 CMakeFiles/pa1010d_i2c.dir/home/umetsu/HDD2/pico/pico-sdk/src/rp2_common/hardware_i2c/i2c.c.obj
                0x100042dc                i2c_write_blocking
 .text.i2c_read_blocking
                0x100042f4       0x18 CMakeFiles/pa1010d_i2c.dir/home/umetsu/HDD2/pico/pico-sdk/src/rp2_common/hardware_i2c/i2c.c.obj
                0x100042f4                i2c_read_blocking
 .text          0x1000430c       0x88 /usr/lib/gcc/arm-none-eabi/13.2.1/../../../arm-none-eabi/lib/thumb/v6-m/nofp/libg.a(libc_a-strcmp.o)
                0x1000430c                strcmp
 .text          0x10004394      0x600 /usr/lib/gcc/arm-none-eabi/13.2.1/../../../arm-none-eabi/lib/thumb/v6-m/nofp/libg.a(libc_a-strstr.o)
                0x10004818                strstr
 .text          0x10004994       0x48 /usr/lib/gcc/arm-none-eabi/13.2.1/../../../arm-none-eabi/lib/thumb/v6-m/nofp/libg.a(libc_a-memcmp.o)
                0x10004994                memcmp
 .text          0x100049dc       0x10 /usr/lib/gcc/arm-none-eabi/13.2.1/../../../arm-none-eabi/lib/thumb/v6-m/nofp/libg.a(libc_a-atexit.o)
                0x100049dc                atexit
 .text          0x100049ec       0x24 /usr/lib/gcc/arm-none-eabi/13.2.1/../../../arm-none-eabi/lib/thumb/v6-m/nofp/libg.a(libc_a-strnlen.o)
                0x100049ec                strnlen
 .text          0x10004a10       0x5c /usr/lib/gcc/arm-none-eabi/13.2.1/../../../arm-none-eabi/lib/thumb/v6-m/nofp/libg.a(libc_a-strlen-stub.o)
                0x10004a10                strlen
 .text          0x10004a6c       0x28 /usr/lib/gcc/arm-none-eabi/13.2.1/../../../arm-none-eabi/lib/thumb/v6-m/nofp/libg.a(libc_a-fini.o)
                0x10004a6c                __libc_fini_array
 .text          0x10004a94       0xc4 /usr/lib/gcc/arm-none-eabi/13.2.1/../../../arm-none-eabi/lib/thumb/v6-m/nofp/libg.a(libc_a-strchr.o)
                0x10004a94                strchr
 .text          0x10004b58       0x78 /usr/lib/gcc/arm-none-eabi/13.2.1/../../../arm-none-eabi/lib/thumb/v6-m/nofp/libg.a(libc_a-__atexit.o)
                0x10004b58                __register_exitproc
 .text.startup  0x10004bd0       0x18 /usr/lib/gcc/arm-none-eabi/13.2.1/../../../arm-none-eabi/lib/thumb/v6-m/nofp/libg.a(libc_a-__call_atexit.o)
 *(.fini)
 .fini          0x10004be8        0x4 /usr/lib/gcc/arm-none-eabi/13.2.1/thumb/v6-m/nofp/crti.o
                0x10004be8                _fini
 *fill*         0x10004bec        0x4 
 .fini.__stub   0x10004bf0       0x40 linker stubs
 *crtbegin.o(.ctors)
 *crtbegin?.o(.ctors)
 *(EXCLUDE_FILE(*crtend.o *crtend?.o) .ctors)
 *(SORT_BY_NAME(.ctors.*))
 *(.ctors)
 *crtbegin.o(.dtors)
 *crtbegin?.o(.dtors)
 *(EXCLUDE_FILE(*crtend.o *crtend?.o) .dtors)
 *(SORT_BY_NAME(.dtors.*))
 *(.dtors)
                0x10004c30                        . = ALIGN (0x4)
                0x10004c30                        PROVIDE (__preinit_array_start = .)
 *(SORT_BY_NAME(.preinit_array.*))
 .preinit_array.00100
                0x10004c30        0x4 CMakeFiles/pa1010d_i2c.dir/home/umetsu/HDD2/pico/pico-sdk/src/rp2_common/pico_runtime_init/runtime_init.c.obj
                0x10004c30                __pre_init_runtime_init_early_resets
 .preinit_array.00101
                0x10004c34        0x4 CMakeFiles/pa1010d_i2c.dir/home/umetsu/HDD2/pico/pico-sdk/src/rp2_common/pico_runtime_init/runtime_init.c.obj
                0x10004c34                __pre_init_runtime_init_usb_power_down
 .preinit_array.00275
                0x10004c38        0x4 CMakeFiles/pa1010d_i2c.dir/home/umetsu/HDD2/pico/pico-sdk/src/rp2_common/pico_bit_ops/bit_ops_aeabi.S.obj
 .preinit_array.00300
                0x10004c3c        0x4 CMakeFiles/pa1010d_i2c.dir/home/umetsu/HDD2/pico/pico-sdk/src/rp2_common/pico_mem_ops/mem_ops_aeabi.S.obj
 .preinit_array.00350
                0x10004c40        0x4 CMakeFiles/pa1010d_i2c.dir/home/umetsu/HDD2/pico/pico-sdk/src/rp2_common/pico_double/double_aeabi_rp2040.S.obj
 .preinit_array.00350
                0x10004c44        0x4 CMakeFiles/pa1010d_i2c.dir/home/umetsu/HDD2/pico/pico-sdk/src/rp2_common/pico_float/float_aeabi_rp2040.S.obj
 .preinit_array.00500
                0x10004c48        0x4 CMakeFiles/pa1010d_i2c.dir/home/umetsu/HDD2/pico/pico-sdk/src/rp2_common/pico_runtime_init/runtime_init.c.obj
                0x10004c48                __pre_init_runtime_init_clocks
 .preinit_array.00600
                0x10004c4c        0x4 CMakeFiles/pa1010d_i2c.dir/home/umetsu/HDD2/pico/pico-sdk/src/rp2_common/pico_runtime_init/runtime_init.c.obj
                0x10004c4c                __pre_init_runtime_init_post_clock_resets
 .preinit_array.00700
                0x10004c50        0x4 CMakeFiles/pa1010d_i2c.dir/home/umetsu/HDD2/pico/pico-sdk/src/rp2_common/pico_runtime_init/runtime_init.c.obj
                0x10004c50                __pre_init_runtime_init_rp2040_gpio_ie_disable
 .preinit_array.01000
                0x10004c54        0x4 CMakeFiles/pa1010d_i2c.dir/home/umetsu/HDD2/pico/pico-sdk/src/rp2_common/pico_runtime_init/runtime_init.c.obj
                0x10004c54                __pre_init_runtime_init_spin_locks_reset
 .preinit_array.01100
                0x10004c58        0x4 CMakeFiles/pa1010d_i2c.dir/home/umetsu/HDD2/pico/pico-sdk/src/common/pico_sync/mutex.c.obj
                0x10004c58                __pre_init_runtime_init_mutex
 .preinit_array.10080
                0x10004c5c        0x4 CMakeFiles/pa1010d_i2c.dir/home/umetsu/HDD2/pico/pico-sdk/src/rp2_common/pico_runtime_init/runtime_init.c.obj
                0x10004c5c                __pre_init_runtime_init_install_ram_vector_table
 .preinit_array.11000
                0x10004c60        0x4 CMakeFiles/pa1010d_i2c.dir/home/umetsu/HDD2/pico/pico-sdk/src/common/pico_time/time.c.obj
                0x10004c60                __pre_init_runtime_init_default_alarm_pool
 .preinit_array.YYYYY
                0x10004c64        0x4 CMakeFiles/pa1010d_i2c.dir/home/umetsu/HDD2/pico/pico-sdk/src/rp2_common/pico_runtime/runtime.c.obj
                0x10004c64                __pre_init_first_per_core_initializer
 .preinit_array.ZZZZZ.01200
                0x10004c68        0x4 CMakeFiles/pa1010d_i2c.dir/home/umetsu/HDD2/pico/pico-sdk/src/rp2_common/hardware_irq/irq.c.obj
                0x10004c68                __pre_init_runtime_init_per_core_irq_priorities
 *(.preinit_array)
                0x10004c6c                        PROVIDE (__preinit_array_end = .)
                0x10004c6c                        . = ALIGN (0x4)
                0x10004c6c                        PROVIDE (__init_array_start = .)
 *(SORT_BY_NAME(.init_array.*))
 .init_array.00000
                0x10004c6c        0x4 /usr/lib/gcc/arm-none-eabi/13.2.1/../../../arm-none-eabi/lib/thumb/v6-m/nofp/libg.a(libc_a-__call_atexit.o)
 *(.init_array)
 .init_array    0x10004c70        0x4 /usr/lib/gcc/arm-none-eabi/13.2.1/thumb/v6-m/nofp/crtbegin.o
                0x10004c74                        PROVIDE (__init_array_end = .)
                0x10004c74                        . = ALIGN (0x4)
                0x10004c74                        PROVIDE (__fini_array_start = .)
 *(SORT_BY_NAME(.fini_array.*))
 *(.fini_array)
                0x10004c74                        PROVIDE (__fini_array_end = .)
 *(.eh_frame*)
 .eh_frame      0x10004c74        0x0 /usr/lib/gcc/arm-none-eabi/13.2.1/thumb/v6-m/nofp/crtbegin.o
                0x10004c74                        . = ALIGN (0x4)

.glue_7         0x10004c74        0x0
 .glue_7        0x10004c74        0x0 linker stubs

.glue_7t        0x10004c74        0x0
 .glue_7t       0x10004c74        0x0 linker stubs

.vfp11_veneer   0x10004c74        0x0
 .vfp11_veneer  0x10004c74        0x0 linker stubs

.v4_bx          0x10004c74        0x0
 .v4_bx         0x10004c74        0x0 linker stubs

.iplt           0x10004c74        0x0
 .iplt          0x10004c74        0x0 /usr/lib/gcc/arm-none-eabi/13.2.1/thumb/v6-m/nofp/crtbegin.o

.rodata         0x10004c78      0xbec
 *(EXCLUDE_FILE(*libm.a: *libc.a:*lib_a-mem*.o *libgcc.a:) .rodata*)
 .rodata.pa1010d_parse_string.str1.4
                0x10004c78      0x856 CMakeFiles/pa1010d_i2c.dir/pa1010d_i2c.c.obj
                                0x144 (size before relaxing)
 .rodata.main.str1.4
                0x100054ce       0x6c CMakeFiles/pa1010d_i2c.dir/pa1010d_i2c.c.obj
 *fill*         0x100054ce        0x2 
 .rodata.__bi_135.0
                0x100054d0        0x8 CMakeFiles/pa1010d_i2c.dir/pa1010d_i2c.c.obj
 .rodata.panic.str1.4
                0x100054d8       0x12 CMakeFiles/pa1010d_i2c.dir/home/umetsu/HDD2/pico/pico-sdk/src/rp2_common/pico_platform_panic/panic.c.obj
 .rodata.resolve_j_16.str1.4
                0x100054d8       0x5a CMakeFiles/pa1010d_i2c.dir/home/umetsu/HDD2/pico/pico-sdk/src/rp2_common/hardware_irq/irq.c.obj
 .rodata.make_j_16.str1.4
                0x100054d8       0x30 CMakeFiles/pa1010d_i2c.dir/home/umetsu/HDD2/pico/pico-sdk/src/rp2_common/hardware_irq/irq.c.obj
 .rodata.insert_bl_32.str1.4
                0x100054d8       0x10 CMakeFiles/pa1010d_i2c.dir/home/umetsu/HDD2/pico/pico-sdk/src/rp2_common/hardware_irq/irq.c.obj
 .rodata.irq_set_exclusive_handler.str1.4
                0x100054d8       0x36 CMakeFiles/pa1010d_i2c.dir/home/umetsu/HDD2/pico/pico-sdk/src/rp2_common/hardware_irq/irq.c.obj
 .rodata.irq_remove_handler.str1.4
                0x100054d8       0x3a CMakeFiles/pa1010d_i2c.dir/home/umetsu/HDD2/pico/pico-sdk/src/rp2_common/hardware_irq/irq.c.obj
 .rodata.irq_add_tail_to_free_list.str1.4
                0x100054d8       0x3a CMakeFiles/pa1010d_i2c.dir/home/umetsu/HDD2/pico/pico-sdk/src/rp2_common/hardware_irq/irq.c.obj
 .rodata.__func__.0
                0x100054d8       0x1a CMakeFiles/pa1010d_i2c.dir/home/umetsu/HDD2/pico/pico-sdk/src/rp2_common/hardware_irq/irq.c.obj
 *fill*         0x100054f2        0x2 
 .rodata.__func__.1
                0x100054f4        0xd CMakeFiles/pa1010d_i2c.dir/home/umetsu/HDD2/pico/pico-sdk/src/rp2_common/hardware_irq/irq.c.obj
 *fill*         0x10005501        0x3 
 .rodata.__func__.2
                0x10005504       0x13 CMakeFiles/pa1010d_i2c.dir/home/umetsu/HDD2/pico/pico-sdk/src/rp2_common/hardware_irq/irq.c.obj
 *fill*         0x10005517        0x1 
 .rodata.__func__.3
                0x10005518        0xa CMakeFiles/pa1010d_i2c.dir/home/umetsu/HDD2/pico/pico-sdk/src/rp2_common/hardware_irq/irq.c.obj
 *fill*         0x10005522        0x2 
 .rodata.__func__.4
                0x10005524        0xd CMakeFiles/pa1010d_i2c.dir/home/umetsu/HDD2/pico/pico-sdk/src/rp2_common/hardware_irq/irq.c.obj
 *fill*         0x10005531        0x3 
 .rodata.__func__.6
                0x10005534       0x1a CMakeFiles/pa1010d_i2c.dir/home/umetsu/HDD2/pico/pico-sdk/src/rp2_common/hardware_irq/irq.c.obj
 .rodata.runtime_init_mutex.str1.4
                0x1000554e       0x5d CMakeFiles/pa1010d_i2c.dir/home/umetsu/HDD2/pico/pico-sdk/src/common/pico_sync/mutex.c.obj
 .rodata.str1.4
                0x1000554e       0x51 CMakeFiles/pa1010d_i2c.dir/home/umetsu/HDD2/pico/pico-sdk/src/common/pico_sync/mutex.c.obj
 *fill*         0x1000554e        0x2 
 .rodata.__func__.1
                0x10005550        0xb CMakeFiles/pa1010d_i2c.dir/home/umetsu/HDD2/pico/pico-sdk/src/common/pico_sync/mutex.c.obj
 *fill*         0x1000555b        0x1 
 .rodata.__func__.3
                0x1000555c       0x18 CMakeFiles/pa1010d_i2c.dir/home/umetsu/HDD2/pico/pico-sdk/src/common/pico_sync/mutex.c.obj
 .rodata.__func__.6
                0x10005574       0x13 CMakeFiles/pa1010d_i2c.dir/home/umetsu/HDD2/pico/pico-sdk/src/common/pico_sync/mutex.c.obj
 .rodata.alarm_pool_irq_handler.str1.4
                0x10005587       0x68 CMakeFiles/pa1010d_i2c.dir/home/umetsu/HDD2/pico/pico-sdk/src/common/pico_time/time.c.obj
 .rodata.alarm_pool_get_default.str1.4
                0x10005587       0x21 CMakeFiles/pa1010d_i2c.dir/home/umetsu/HDD2/pico/pico-sdk/src/common/pico_time/time.c.obj
 .rodata.sleep_until.str1.4
                0x10005587       0x4d CMakeFiles/pa1010d_i2c.dir/home/umetsu/HDD2/pico/pico-sdk/src/common/pico_time/time.c.obj
 *fill*         0x10005587        0x1 
 .rodata.__func__.1
                0x10005588       0x17 CMakeFiles/pa1010d_i2c.dir/home/umetsu/HDD2/pico/pico-sdk/src/common/pico_time/time.c.obj
 *fill*         0x1000559f        0x1 
 .rodata.__func__.2
                0x100055a0       0x17 CMakeFiles/pa1010d_i2c.dir/home/umetsu/HDD2/pico/pico-sdk/src/common/pico_time/time.c.obj
 .rodata.timer_hardware_alarm_claim.str1.4
                0x100055b7       0x22 CMakeFiles/pa1010d_i2c.dir/home/umetsu/HDD2/pico/pico-sdk/src/rp2_common/hardware_timer/timer.c.obj
 .rodata.pll_init.str1.4
                0x100055b7      0x118 CMakeFiles/pa1010d_i2c.dir/home/umetsu/HDD2/pico/pico-sdk/src/rp2_common/hardware_pll/pll.c.obj
 *fill*         0x100055b7        0x1 
 .rodata.__func__.0
                0x100055b8        0x9 CMakeFiles/pa1010d_i2c.dir/home/umetsu/HDD2/pico/pico-sdk/src/rp2_common/hardware_pll/pll.c.obj
 .rodata.__aeabi_double_init.str1.4
                0x100055c1       0x98 CMakeFiles/pa1010d_i2c.dir/home/umetsu/HDD2/pico/pico-sdk/src/rp2_common/pico_double/double_init_rom_rp2040.c.obj
 *fill*         0x100055c1        0x3 
 .rodata.__func__.0
                0x100055c4       0x14 CMakeFiles/pa1010d_i2c.dir/home/umetsu/HDD2/pico/pico-sdk/src/rp2_common/pico_double/double_init_rom_rp2040.c.obj
 .rodata.__aeabi_float_init.str1.4
                0x100055d8       0x8a CMakeFiles/pa1010d_i2c.dir/home/umetsu/HDD2/pico/pico-sdk/src/rp2_common/pico_float/float_init_rom_rp2040.c.obj
 .rodata.__func__.0
                0x100055d8       0x13 CMakeFiles/pa1010d_i2c.dir/home/umetsu/HDD2/pico/pico-sdk/src/rp2_common/pico_float/float_init_rom_rp2040.c.obj
 .rodata.str1.4
                0x100055eb       0x78 CMakeFiles/pa1010d_i2c.dir/home/umetsu/HDD2/pico/pico-sdk/src/rp2_common/pico_standard_binary_info/standard_binary_info.c.obj
 *fill*         0x100055eb        0x1 
 .rodata.__bi_84
                0x100055ec        0xc CMakeFiles/pa1010d_i2c.dir/home/umetsu/HDD2/pico/pico-sdk/src/rp2_common/pico_standard_binary_info/standard_binary_info.c.obj
 .rodata.__bi_72
                0x100055f8        0xc CMakeFiles/pa1010d_i2c.dir/home/umetsu/HDD2/pico/pico-sdk/src/rp2_common/pico_standard_binary_info/standard_binary_info.c.obj
 .rodata.__bi_54
                0x10005604        0xc CMakeFiles/pa1010d_i2c.dir/home/umetsu/HDD2/pico/pico-sdk/src/rp2_common/pico_standard_binary_info/standard_binary_info.c.obj
 .rodata.__bi_48
                0x10005610        0xc CMakeFiles/pa1010d_i2c.dir/home/umetsu/HDD2/pico/pico-sdk/src/rp2_common/pico_standard_binary_info/standard_binary_info.c.obj
 .rodata.__bi_42
                0x1000561c        0xc CMakeFiles/pa1010d_i2c.dir/home/umetsu/HDD2/pico/pico-sdk/src/rp2_common/pico_standard_binary_info/standard_binary_info.c.obj
 .rodata.__bi_34
                0x10005628        0xc CMakeFiles/pa1010d_i2c.dir/home/umetsu/HDD2/pico/pico-sdk/src/rp2_common/pico_standard_binary_info/standard_binary_info.c.obj
 .rodata.__bi_26
                0x10005634        0xc CMakeFiles/pa1010d_i2c.dir/home/umetsu/HDD2/pico/pico-sdk/src/rp2_common/pico_standard_binary_info/standard_binary_info.c.obj
 .rodata._ftoa.str1.4
                0x10005640       0x15 CMakeFiles/pa1010d_i2c.dir/home/umetsu/HDD2/pico/pico-sdk/src/rp2_common/pico_printf/printf.c.obj
 .rodata._vsnprintf
                0x10005640      0x19c CMakeFiles/pa1010d_i2c.dir/home/umetsu/HDD2/pico/pico-sdk/src/rp2_common/pico_printf/printf.c.obj
 *fill*         0x100057dc        0x4 
 .rodata.pow10.0
                0x100057e0       0x50 CMakeFiles/pa1010d_i2c.dir/home/umetsu/HDD2/pico/pico-sdk/src/rp2_common/pico_printf/printf.c.obj
 .rodata.__assert_func.str1.4
                0x10005830       0x43 CMakeFiles/pa1010d_i2c.dir/home/umetsu/HDD2/pico/pico-sdk/src/rp2_common/pico_clib_interface/newlib_interface.c.obj
 .rodata.crlf_str.0
                0x10005830        0x2 CMakeFiles/pa1010d_i2c.dir/home/umetsu/HDD2/pico/pico-sdk/src/rp2_common/pico_stdio/stdio.c.obj
 .rodata.str1.4
                0x10005832       0x2c CMakeFiles/pa1010d_i2c.dir/home/umetsu/HDD2/pico/pico-sdk/src/rp2_common/pico_stdio_uart/stdio_uart.c.obj
 *fill*         0x10005832        0x2 
 .rodata.__bi_45.4
                0x10005834        0xc CMakeFiles/pa1010d_i2c.dir/home/umetsu/HDD2/pico/pico-sdk/src/rp2_common/pico_stdio_uart/stdio_uart.c.obj
 .rodata.__bi_49.5
                0x10005840        0x8 CMakeFiles/pa1010d_i2c.dir/home/umetsu/HDD2/pico/pico-sdk/src/rp2_common/pico_stdio_uart/stdio_uart.c.obj
 .rodata.__bi_50.6
                0x10005848        0x8 CMakeFiles/pa1010d_i2c.dir/home/umetsu/HDD2/pico/pico-sdk/src/rp2_common/pico_stdio_uart/stdio_uart.c.obj
 .rodata.i2c_set_baudrate.str1.4
                0x10005850       0x62 CMakeFiles/pa1010d_i2c.dir/home/umetsu/HDD2/pico/pico-sdk/src/rp2_common/hardware_i2c/i2c.c.obj
 .rodata.__func__.0
                0x10005850       0x11 CMakeFiles/pa1010d_i2c.dir/home/umetsu/HDD2/pico/pico-sdk/src/rp2_common/hardware_i2c/i2c.c.obj
                0x100058b4                        . = ALIGN (0x4)
 *fill*         0x10005861        0x3 
 *(SORT_BY_ALIGNMENT(SORT_BY_NAME(.flashdata*)))
                0x10005864                        . = ALIGN (0x4)

.ARM.extab
 *(.ARM.extab* .gnu.linkonce.armextab.*)
                0x10005864                        __exidx_start = .

.ARM.exidx
 *(.ARM.exidx* .gnu.linkonce.armexidx.*)
                0x10005864                        __exidx_end = .
                0x10005864                        . = ALIGN (0x4)
                0x10005864                        __binary_info_start = .

.binary_info    0x10005864       0x2c
 *(.binary_info.keep.*)
 .binary_info.keep.__bi_ptr135
                0x10005864        0x4 CMakeFiles/pa1010d_i2c.dir/pa1010d_i2c.c.obj
 .binary_info.keep.__bi_ptr84
                0x10005868        0x4 CMakeFiles/pa1010d_i2c.dir/home/umetsu/HDD2/pico/pico-sdk/src/rp2_common/pico_standard_binary_info/standard_binary_info.c.obj
 .binary_info.keep.__bi_ptr72
                0x1000586c        0x4 CMakeFiles/pa1010d_i2c.dir/home/umetsu/HDD2/pico/pico-sdk/src/rp2_common/pico_standard_binary_info/standard_binary_info.c.obj
 .binary_info.keep.__bi_ptr54
                0x10005870        0x4 CMakeFiles/pa1010d_i2c.dir/home/umetsu/HDD2/pico/pico-sdk/src/rp2_common/pico_standard_binary_info/standard_binary_info.c.obj
 .binary_info.keep.__bi_ptr48
                0x10005874        0x4 CMakeFiles/pa1010d_i2c.dir/home/umetsu/HDD2/pico/pico-sdk/src/rp2_common/pico_standard_binary_info/standard_binary_info.c.obj
 .binary_info.keep.__bi_ptr42
                0x10005878        0x4 CMakeFiles/pa1010d_i2c.dir/home/umetsu/HDD2/pico/pico-sdk/src/rp2_common/pico_standard_binary_info/standard_binary_info.c.obj
 .binary_info.keep.__bi_ptr34
                0x1000587c        0x4 CMakeFiles/pa1010d_i2c.dir/home/umetsu/HDD2/pico/pico-sdk/src/rp2_common/pico_standard_binary_info/standard_binary_info.c.obj
 .binary_info.keep.__bi_ptr26
                0x10005880        0x4 CMakeFiles/pa1010d_i2c.dir/home/umetsu/HDD2/pico/pico-sdk/src/rp2_common/pico_standard_binary_info/standard_binary_info.c.obj
 *(.binary_info.*)
 .binary_info.__bi_ptr50
                0x10005884        0x4 CMakeFiles/pa1010d_i2c.dir/home/umetsu/HDD2/pico/pico-sdk/src/rp2_common/pico_stdio_uart/stdio_uart.c.obj
 .binary_info.__bi_ptr49
                0x10005888        0x4 CMakeFiles/pa1010d_i2c.dir/home/umetsu/HDD2/pico/pico-sdk/src/rp2_common/pico_stdio_uart/stdio_uart.c.obj
 .binary_info.__bi_ptr45
                0x1000588c        0x4 CMakeFiles/pa1010d_i2c.dir/home/umetsu/HDD2/pico/pico-sdk/src/rp2_common/pico_stdio_uart/stdio_uart.c.obj
                0x10005890                        __binary_info_end = .

.rel.dyn        0x10005890        0x0
 .rel.iplt      0x10005890        0x0 /usr/lib/gcc/arm-none-eabi/13.2.1/thumb/v6-m/nofp/crtbegin.o
                0x10005890                        . = ALIGN (0x4)

.ram_vector_table
                0x20000000       0xc0
 *(.ram_vector_table)
 .ram_vector_table
                0x20000000       0xc0 CMakeFiles/pa1010d_i2c.dir/home/umetsu/HDD2/pico/pico-sdk/src/rp2_common/pico_runtime_init/runtime_init.c.obj
                0x20000000                ram_vector_table

.uninitialized_data
                0x200000c0        0x0
                0x200000c0                        . = ALIGN (0x4)
 *(.uninitialized_data*)

.data           0x200000c0      0x238 load address 0x10005890
                0x200000c0                        __data_start__ = .
 *(vtable)
 *(.time_critical*)
 .time_critical.mutex_try_enter
                0x200000c0       0x48 CMakeFiles/pa1010d_i2c.dir/home/umetsu/HDD2/pico/pico-sdk/src/common/pico_sync/mutex.c.obj
                0x200000c0                mutex_try_enter
 .time_critical.mutex_enter_block_until
                0x20000108       0x90 CMakeFiles/pa1010d_i2c.dir/home/umetsu/HDD2/pico/pico-sdk/src/common/pico_sync/mutex.c.obj
                0x20000108                mutex_enter_block_until
 .time_critical.mutex_try_enter_block_until
                0x20000198       0x34 CMakeFiles/pa1010d_i2c.dir/home/umetsu/HDD2/pico/pico-sdk/src/common/pico_sync/mutex.c.obj
                0x20000198                mutex_try_enter_block_until
 .time_critical.mutex_exit
                0x200001cc       0x4c CMakeFiles/pa1010d_i2c.dir/home/umetsu/HDD2/pico/pico-sdk/src/common/pico_sync/mutex.c.obj
                0x200001cc                mutex_exit
 *(.text*)
 .text          0x20000218        0x4 /usr/lib/gcc/arm-none-eabi/13.2.1/thumb/v6-m/nofp/libgcc.a(_dvmd_tls.o)
                0x20000218                __aeabi_ldiv0
                0x20000218                __aeabi_idiv0
 *fill*         0x2000021c        0x4 
 .text.__stub   0x20000220       0x20 linker stubs
                0x20000240                        . = ALIGN (0x4)
 *(.rodata*)
                0x20000240                        . = ALIGN (0x4)
 *(.data*)
 .data.striped_spin_lock_num
                0x20000240        0x1 CMakeFiles/pa1010d_i2c.dir/home/umetsu/HDD2/pico/pico-sdk/src/rp2_common/hardware_sync/sync.c.obj
 *fill*         0x20000241        0x3 
 .data          0x20000244       0x48 CMakeFiles/pa1010d_i2c.dir/home/umetsu/HDD2/pico/pico-sdk/src/rp2_common/hardware_irq/irq_handler_chain.S.obj
                0x20000244                irq_handler_chain_slots
                0x20000274                irq_handler_chain_first_slot
                0x2000027e                irq_handler_chain_remove_tail
 .data.default_alarm_pool
                0x2000028c       0x18 CMakeFiles/pa1010d_i2c.dir/home/umetsu/HDD2/pico/pico-sdk/src/common/pico_time/time.c.obj
 *fill*         0x200002a4        0xc 
 .data.aeabi_bits_funcs
                0x200002b0       0x10 CMakeFiles/pa1010d_i2c.dir/home/umetsu/HDD2/pico/pico-sdk/src/rp2_common/pico_bit_ops/bit_ops_aeabi.S.obj
                0x200002b0                aeabi_bits_funcs
                0x200002c0                aeabi_bits_funcs_end
 .data.aeabi_mem_funcs
                0x200002c0       0x10 CMakeFiles/pa1010d_i2c.dir/home/umetsu/HDD2/pico/pico-sdk/src/rp2_common/pico_mem_ops/mem_ops_aeabi.S.obj
                0x200002c0                aeabi_mem_funcs
                0x200002d0                aeabi_mem_funcs_end
 .data.stdio_uart
                0x200002d0       0x18 CMakeFiles/pa1010d_i2c.dir/home/umetsu/HDD2/pico/pico-sdk/src/rp2_common/pico_stdio_uart/stdio_uart.c.obj
                0x200002d0                stdio_uart
 .data.i2c0_inst
                0x200002e8        0x8 CMakeFiles/pa1010d_i2c.dir/home/umetsu/HDD2/pico/pico-sdk/src/rp2_common/hardware_i2c/i2c.c.obj
                0x200002e8                i2c0_inst
                0x200002f0                        . = ALIGN (0x4)
 *(.after_data.*)
                0x200002f0                        . = ALIGN (0x4)
                0x200002f0                        PROVIDE (__mutex_array_start = .)
 *(SORT_BY_NAME(.mutex_array.*))
 *(.mutex_array)
 .mutex_array   0x200002f0        0x8 CMakeFiles/pa1010d_i2c.dir/home/umetsu/HDD2/pico/pico-sdk/src/rp2_common/pico_stdio/stdio.c.obj
                0x200002f8                        PROVIDE (__mutex_array_end = .)
                0x200002f8                        . = ALIGN (0x4)
 *(.jcr)
                0x200002f8                        . = ALIGN (0x4)

.tm_clone_table
                0x200002f8        0x0 load address 0x10005ac8
 .tm_clone_table
                0x200002f8        0x0 /usr/lib/gcc/arm-none-eabi/13.2.1/thumb/v6-m/nofp/crtbegin.o
 .tm_clone_table
                0x200002f8        0x0 /usr/lib/gcc/arm-none-eabi/13.2.1/thumb/v6-m/nofp/crtend.o

.igot.plt       0x200002f8        0x0 load address 0x10005ac8
 .igot.plt      0x200002f8        0x0 /usr/lib/gcc/arm-none-eabi/13.2.1/thumb/v6-m/nofp/crtbegin.o

.tdata          0x200002f8        0x0 load address 0x10005ac8
                0x200002f8                        . = ALIGN (0x4)
 *(.tdata .tdata.* .gnu.linkonce.td.*)
                0x200002f8                        __tdata_end = .
                0x200002f8                        PROVIDE (__data_end__ = .)
                0x10005890                        __etext = LOADADDR (.data)

.tbss           0x200002f8        0x0 load address 0x10005ac8
                0x200002f8                        . = ALIGN (0x4)
                0x200002f8                        __bss_start__ = .
                0x200002f8                        __tls_base = .
 *(.tbss .tbss.* .gnu.linkonce.tb.*)
 *(.tcommon)
                0x200002f8                        __tls_end = .

.bss            0x200002f8      0x590 load address 0x10005ac8
                0x200002f8                        . = ALIGN (0x4)
                0x200002f8                        __tbss_end = .
 *(SORT_BY_ALIGNMENT(SORT_BY_NAME(.bss*)))
 .bss.default_alarm_pool_entries
                0x200002f8      0x180 CMakeFiles/pa1010d_i2c.dir/home/umetsu/HDD2/pico/pico-sdk/src/common/pico_time/time.c.obj
 .bss           0x20000478       0x1c /usr/lib/gcc/arm-none-eabi/13.2.1/thumb/v6-m/nofp/crtbegin.o
 .bss           0x20000494      0x190 /usr/lib/gcc/arm-none-eabi/13.2.1/../../../arm-none-eabi/lib/thumb/v6-m/nofp/libg.a(libc_a-__atexit.o)
                0x20000494                __atexit0
 .bss           0x20000624        0x4 /usr/lib/gcc/arm-none-eabi/13.2.1/../../../arm-none-eabi/lib/thumb/v6-m/nofp/libg.a(libc_a-__call_atexit.o)
                0x20000624                __atexit
 .bss.chars_available_callback
                0x20000628        0x4 CMakeFiles/pa1010d_i2c.dir/home/umetsu/HDD2/pico/pico-sdk/src/rp2_common/pico_stdio_uart/stdio_uart.c.obj
 .bss.chars_available_param
                0x2000062c        0x4 CMakeFiles/pa1010d_i2c.dir/home/umetsu/HDD2/pico/pico-sdk/src/rp2_common/pico_stdio_uart/stdio_uart.c.obj
 .bss.claimed   0x20000630        0x1 CMakeFiles/pa1010d_i2c.dir/home/umetsu/HDD2/pico/pico-sdk/src/rp2_common/hardware_timer/timer.c.obj
 *fill*         0x20000631        0x3 
 .bss.configured_freq
                0x20000634       0x28 CMakeFiles/pa1010d_i2c.dir/home/umetsu/HDD2/pico/pico-sdk/src/rp2_common/hardware_clocks/clocks.c.obj
 .bss.drivers   0x2000065c        0x4 CMakeFiles/pa1010d_i2c.dir/home/umetsu/HDD2/pico/pico-sdk/src/rp2_common/pico_stdio/stdio.c.obj
 .bss.filter    0x20000660        0x4 CMakeFiles/pa1010d_i2c.dir/home/umetsu/HDD2/pico/pico-sdk/src/rp2_common/pico_stdio/stdio.c.obj
 .bss.pools     0x20000664       0x10 CMakeFiles/pa1010d_i2c.dir/home/umetsu/HDD2/pico/pico-sdk/src/common/pico_time/time.c.obj
 .bss.sd_table  0x20000674      0x100 CMakeFiles/pa1010d_i2c.dir/home/umetsu/HDD2/pico/pico-sdk/src/rp2_common/pico_double/double_init_rom_rp2040.c.obj
                0x20000674                sd_table
 .bss.sf_clz_func
                0x20000774        0x4 CMakeFiles/pa1010d_i2c.dir/home/umetsu/HDD2/pico/pico-sdk/src/rp2_common/pico_double/double_init_rom_rp2040.c.obj
                0x20000774                sf_clz_func
 .bss.sf_table  0x20000778      0x100 CMakeFiles/pa1010d_i2c.dir/home/umetsu/HDD2/pico/pico-sdk/src/rp2_common/pico_float/float_init_rom_rp2040.c.obj
                0x20000778                sf_table
 .bss.sleep_notifier
                0x20000878        0x4 CMakeFiles/pa1010d_i2c.dir/home/umetsu/HDD2/pico/pico-sdk/src/common/pico_time/time.c.obj
 .bss.uart_char_to_line_feed
                0x2000087c        0x4 CMakeFiles/pa1010d_i2c.dir/home/umetsu/HDD2/pico/pico-sdk/src/rp2_common/hardware_uart/uart.c.obj
                0x2000087c                uart_char_to_line_feed
 .bss.uart_instance
                0x20000880        0x4 CMakeFiles/pa1010d_i2c.dir/home/umetsu/HDD2/pico/pico-sdk/src/rp2_common/pico_stdio_uart/stdio_uart.c.obj
 .bss.irq_handler_chain_free_slot_head
                0x20000884        0x1 CMakeFiles/pa1010d_i2c.dir/home/umetsu/HDD2/pico/pico-sdk/src/rp2_common/hardware_irq/irq.c.obj
 *(COMMON)
                0x20000888                        . = ALIGN (0x4)
 *fill*         0x20000885        0x3 
                0x20000888                        __bss_end__ = .

.heap           0x20000888    0x3f778 load address 0x10005ac8
                0x20000888                        __end__ = .
                0x20000888                        end = __end__
 *(.heap*)
 .heap          0x20000888      0x800 CMakeFiles/pa1010d_i2c.dir/home/umetsu/HDD2/pico/pico-sdk/src/rp2_common/pico_crt0/crt0.S.obj
                0x20040000                        . = (ORIGIN (RAM) + LENGTH (RAM))
 *fill*         0x20001088    0x3ef78 
                0x20040000                        __HeapLimit = .

.scratch_x      0x20040000        0x0 load address 0x10005ac8
                0x20040000                        __scratch_x_start__ = .
 *(.scratch_x.*)
                0x20040000                        . = ALIGN (0x4)
                0x20040000                        __scratch_x_end__ = .
                0x10005ac8                        __scratch_x_source__ = LOADADDR (.scratch_x)

.scratch_y      0x20041000        0x0 load address 0x10005ac8
                0x20041000                        __scratch_y_start__ = .
 *(.scratch_y.*)
                0x20041000                        . = ALIGN (0x4)
                0x20041000                        __scratch_y_end__ = .
                0x10005ac8                        __scratch_y_source__ = LOADADDR (.scratch_y)

.stack1_dummy
 *(.stack1*)

.stack_dummy    0x20041000      0x800
 *(.stack*)
 .stack         0x20041000      0x800 CMakeFiles/pa1010d_i2c.dir/home/umetsu/HDD2/pico/pico-sdk/src/rp2_common/pico_crt0/crt0.S.obj

.flash_end      0x10005ac8        0x0
 *(.embedded_end_block*)
                0x10005ac8                        PROVIDE (__flash_binary_end = .)
                0x20040000                        __StackLimit = (ORIGIN (RAM) + LENGTH (RAM))
                0x20041000                        __StackOneTop = (ORIGIN (SCRATCH_X) + LENGTH (SCRATCH_X))
                0x20042000                        __StackTop = (ORIGIN (SCRATCH_Y) + LENGTH (SCRATCH_Y))
                0x20041000                        __StackOneBottom = (__StackOneTop - SIZEOF (.stack1_dummy))
                0x20041800                        __StackBottom = (__StackTop - SIZEOF (.stack_dummy))
                0x20042000                        PROVIDE (__stack = __StackTop)
                [!provide]                        PROVIDE (__heap_start = __end__)
                [!provide]                        PROVIDE (__heap_end = __HeapLimit)
                [!provide]                        PROVIDE (__tls_align = MAX (ALIGNOF (.tdata), ALIGNOF (.tbss)))
                [!provide]                        PROVIDE (__tls_size_align = (((__tls_size + __tls_align) - 0x1) & ~ ((__tls_align - 0x1))))
                [!provide]                        PROVIDE (__arm32_tls_tcb_offset = MAX (0x8, __tls_align))
                [!provide]                        PROVIDE (_end = __end__)
                [!provide]                        PROVIDE (__llvm_libc_heap_limit = __HeapLimit)
                0x00000001                        ASSERT ((__StackLimit >= __HeapLimit), region RAM overflowed)
                0x00000001                        ASSERT (((__binary_info_header_end - __logical_binary_start) <= 0x100), Binary info must be in first 256 bytes of the binary)
LOAD CMakeFiles/pa1010d_i2c.dir/pa1010d_i2c.c.obj
LOAD CMakeFiles/pa1010d_i2c.dir/home/umetsu/HDD2/pico/pico-sdk/src/rp2_common/pico_stdlib/stdlib.c.obj
LOAD CMakeFiles/pa1010d_i2c.dir/home/umetsu/HDD2/pico/pico-sdk/src/rp2_common/hardware_gpio/gpio.c.obj
LOAD CMakeFiles/pa1010d_i2c.dir/home/umetsu/HDD2/pico/pico-sdk/src/rp2040/pico_platform/platform.c.obj
LOAD CMakeFiles/pa1010d_i2c.dir/home/umetsu/HDD2/pico/pico-sdk/src/rp2_common/pico_platform_panic/panic.c.obj
LOAD CMakeFiles/pa1010d_i2c.dir/home/umetsu/HDD2/pico/pico-sdk/src/common/hardware_claim/claim.c.obj
LOAD CMakeFiles/pa1010d_i2c.dir/home/umetsu/HDD2/pico/pico-sdk/src/rp2_common/hardware_sync/sync.c.obj
LOAD CMakeFiles/pa1010d_i2c.dir/home/umetsu/HDD2/pico/pico-sdk/src/rp2_common/hardware_sync_spin_lock/sync_spin_lock.c.obj
LOAD CMakeFiles/pa1010d_i2c.dir/home/umetsu/HDD2/pico/pico-sdk/src/rp2_common/hardware_irq/irq.c.obj
LOAD CMakeFiles/pa1010d_i2c.dir/home/umetsu/HDD2/pico/pico-sdk/src/rp2_common/hardware_irq/irq_handler_chain.S.obj
LOAD CMakeFiles/pa1010d_i2c.dir/home/umetsu/HDD2/pico/pico-sdk/src/common/pico_sync/sem.c.obj
LOAD CMakeFiles/pa1010d_i2c.dir/home/umetsu/HDD2/pico/pico-sdk/src/common/pico_sync/lock_core.c.obj
LOAD CMakeFiles/pa1010d_i2c.dir/home/umetsu/HDD2/pico/pico-sdk/src/common/pico_sync/mutex.c.obj
LOAD CMakeFiles/pa1010d_i2c.dir/home/umetsu/HDD2/pico/pico-sdk/src/common/pico_sync/critical_section.c.obj
LOAD CMakeFiles/pa1010d_i2c.dir/home/umetsu/HDD2/pico/pico-sdk/src/common/pico_time/time.c.obj
LOAD CMakeFiles/pa1010d_i2c.dir/home/umetsu/HDD2/pico/pico-sdk/src/common/pico_time/timeout_helper.c.obj
LOAD CMakeFiles/pa1010d_i2c.dir/home/umetsu/HDD2/pico/pico-sdk/src/rp2_common/hardware_timer/timer.c.obj
LOAD CMakeFiles/pa1010d_i2c.dir/home/umetsu/HDD2/pico/pico-sdk/src/common/pico_util/datetime.c.obj
LOAD CMakeFiles/pa1010d_i2c.dir/home/umetsu/HDD2/pico/pico-sdk/src/common/pico_util/pheap.c.obj
LOAD CMakeFiles/pa1010d_i2c.dir/home/umetsu/HDD2/pico/pico-sdk/src/common/pico_util/queue.c.obj
LOAD CMakeFiles/pa1010d_i2c.dir/home/umetsu/HDD2/pico/pico-sdk/src/rp2_common/hardware_uart/uart.c.obj
LOAD CMakeFiles/pa1010d_i2c.dir/home/umetsu/HDD2/pico/pico-sdk/src/rp2_common/hardware_clocks/clocks.c.obj
LOAD CMakeFiles/pa1010d_i2c.dir/home/umetsu/HDD2/pico/pico-sdk/src/rp2_common/hardware_pll/pll.c.obj
LOAD CMakeFiles/pa1010d_i2c.dir/home/umetsu/HDD2/pico/pico-sdk/src/rp2_common/hardware_vreg/vreg.c.obj
LOAD CMakeFiles/pa1010d_i2c.dir/home/umetsu/HDD2/pico/pico-sdk/src/rp2_common/hardware_watchdog/watchdog.c.obj
LOAD CMakeFiles/pa1010d_i2c.dir/home/umetsu/HDD2/pico/pico-sdk/src/rp2_common/hardware_ticks/ticks.c.obj
LOAD CMakeFiles/pa1010d_i2c.dir/home/umetsu/HDD2/pico/pico-sdk/src/rp2_common/hardware_xosc/xosc.c.obj
LOAD CMakeFiles/pa1010d_i2c.dir/home/umetsu/HDD2/pico/pico-sdk/src/rp2_common/hardware_divider/divider.S.obj
LOAD CMakeFiles/pa1010d_i2c.dir/home/umetsu/HDD2/pico/pico-sdk/src/rp2_common/pico_runtime/runtime.c.obj
LOAD CMakeFiles/pa1010d_i2c.dir/home/umetsu/HDD2/pico/pico-sdk/src/rp2_common/pico_runtime_init/runtime_init.c.obj
LOAD CMakeFiles/pa1010d_i2c.dir/home/umetsu/HDD2/pico/pico-sdk/src/rp2_common/pico_runtime_init/runtime_init_clocks.c.obj
LOAD CMakeFiles/pa1010d_i2c.dir/home/umetsu/HDD2/pico/pico-sdk/src/rp2_common/pico_runtime_init/runtime_init_stack_guard.c.obj
LOAD CMakeFiles/pa1010d_i2c.dir/home/umetsu/HDD2/pico/pico-sdk/src/rp2_common/pico_bit_ops/bit_ops_aeabi.S.obj
LOAD CMakeFiles/pa1010d_i2c.dir/home/umetsu/HDD2/pico/pico-sdk/src/rp2_common/pico_bootrom/bootrom.c.obj
LOAD CMakeFiles/pa1010d_i2c.dir/home/umetsu/HDD2/pico/pico-sdk/src/rp2_common/pico_bootrom/bootrom_lock.c.obj
LOAD CMakeFiles/pa1010d_i2c.dir/home/umetsu/HDD2/pico/pico-sdk/src/rp2_common/hardware_boot_lock/boot_lock.c.obj
LOAD CMakeFiles/pa1010d_i2c.dir/home/umetsu/HDD2/pico/pico-sdk/src/rp2_common/pico_divider/divider_hardware.S.obj
LOAD CMakeFiles/pa1010d_i2c.dir/home/umetsu/HDD2/pico/pico-sdk/src/rp2_common/pico_double/double_aeabi_rp2040.S.obj
LOAD CMakeFiles/pa1010d_i2c.dir/home/umetsu/HDD2/pico/pico-sdk/src/rp2_common/pico_double/double_init_rom_rp2040.c.obj
LOAD CMakeFiles/pa1010d_i2c.dir/home/umetsu/HDD2/pico/pico-sdk/src/rp2_common/pico_double/double_math.c.obj
LOAD CMakeFiles/pa1010d_i2c.dir/home/umetsu/HDD2/pico/pico-sdk/src/rp2_common/pico_double/double_v1_rom_shim_rp2040.S.obj
LOAD CMakeFiles/pa1010d_i2c.dir/home/umetsu/HDD2/pico/pico-sdk/src/rp2_common/pico_int64_ops/pico_int64_ops_aeabi.S.obj
LOAD CMakeFiles/pa1010d_i2c.dir/home/umetsu/HDD2/pico/pico-sdk/src/rp2_common/pico_float/float_aeabi_rp2040.S.obj
LOAD CMakeFiles/pa1010d_i2c.dir/home/umetsu/HDD2/pico/pico-sdk/src/rp2_common/pico_float/float_init_rom_rp2040.c.obj
LOAD CMakeFiles/pa1010d_i2c.dir/home/umetsu/HDD2/pico/pico-sdk/src/rp2_common/pico_float/float_math.c.obj
LOAD CMakeFiles/pa1010d_i2c.dir/home/umetsu/HDD2/pico/pico-sdk/src/rp2_common/pico_float/float_v1_rom_shim_rp2040.S.obj
LOAD CMakeFiles/pa1010d_i2c.dir/home/umetsu/HDD2/pico/pico-sdk/src/rp2_common/pico_malloc/malloc.c.obj
LOAD CMakeFiles/pa1010d_i2c.dir/home/umetsu/HDD2/pico/pico-sdk/src/rp2_common/pico_mem_ops/mem_ops_aeabi.S.obj
LOAD CMakeFiles/pa1010d_i2c.dir/home/umetsu/HDD2/pico/pico-sdk/src/rp2_common/pico_atomic/atomic.c.obj
LOAD CMakeFiles/pa1010d_i2c.dir/home/umetsu/HDD2/pico/pico-sdk/src/rp2_common/pico_cxx_options/new_delete.cpp.obj
LOAD CMakeFiles/pa1010d_i2c.dir/home/umetsu/HDD2/pico/pico-sdk/src/rp2_common/pico_standard_binary_info/standard_binary_info.c.obj
LOAD CMakeFiles/pa1010d_i2c.dir/home/umetsu/HDD2/pico/pico-sdk/src/rp2_common/pico_printf/printf.c.obj
LOAD CMakeFiles/pa1010d_i2c.dir/home/umetsu/HDD2/pico/pico-sdk/src/rp2_common/pico_crt0/crt0.S.obj
LOAD CMakeFiles/pa1010d_i2c.dir/home/umetsu/HDD2/pico/pico-sdk/src/rp2_common/pico_clib_interface/newlib_interface.c.obj
LOAD CMakeFiles/pa1010d_i2c.dir/home/umetsu/HDD2/pico/pico-sdk/src/rp2_common/pico_stdio/stdio.c.obj
LOAD CMakeFiles/pa1010d_i2c.dir/home/umetsu/HDD2/pico/pico-sdk/src/rp2_common/pico_stdio_uart/stdio_uart.c.obj
LOAD CMakeFiles/pa1010d_i2c.dir/home/umetsu/HDD2/pico/pico-sdk/src/rp2_common/hardware_i2c/i2c.c.obj
LOAD /tmp/ccoiG5Y1.o
LOAD /usr/lib/gcc/arm-none-eabi/13.2.1/../../../arm-none-eabi/lib/thumb/v6-m/nofp/libstdc++.a
LOAD /usr/lib/gcc/arm-none-eabi/13.2.1/../../../arm-none-eabi/lib/thumb/v6-m/nofp/libm.a
START GROUP
LOAD /usr/lib/gcc/arm-none-eabi/13.2.1/thumb/v6-m/nofp/libgcc.a
LOAD /usr/lib/gcc/arm-none-eabi/13.2.1/../../../arm-none-eabi/lib/thumb/v6-m/nofp/libg.a
LOAD /usr/lib/gcc/arm-none-eabi/13.2.1/../../../arm-none-eabi/lib/thumb/v6-m/nofp/libc.a
END GROUP
START GROUP
LOAD /usr/lib/gcc/arm-none-eabi/13.2.1/thumb/v6-m/nofp/libgcc.a
LOAD /usr/lib/gcc/arm-none-eabi/13.2.1/../../../arm-none-eabi/lib/thumb/v6-m/nofp/libc.a
LOAD /usr/lib/gcc/arm-none-eabi/13.2.1/../../../arm-none-eabi/lib/thumb/v6-m/nofp/libnosys.a
END GROUP
LOAD /usr/lib/gcc/arm-none-eabi/13.2.1/thumb/v6-m/nofp/crtend.o
LOAD /usr/lib/gcc/arm-none-eabi/13.2.1/thumb/v6-m/nofp/crtn.o
OUTPUT(pa1010d_i2c.elf elf32-littlearm)
LOAD linker stubs

.ARM.attributes
                0x00000000       0x28
 .ARM.attributes
                0x00000000       0x1e /usr/lib/gcc/arm-none-eabi/13.2.1/thumb/v6-m/nofp/crti.o
 .ARM.attributes
                0x0000001e       0x2c /usr/lib/gcc/arm-none-eabi/13.2.1/thumb/v6-m/nofp/crtbegin.o
 .ARM.attributes
                0x0000004a       0x2c CMakeFiles/pa1010d_i2c.dir/pa1010d_i2c.c.obj
 .ARM.attributes
                0x00000076       0x2c CMakeFiles/pa1010d_i2c.dir/home/umetsu/HDD2/pico/pico-sdk/src/rp2_common/hardware_gpio/gpio.c.obj
 .ARM.attributes
                0x000000a2       0x2c CMakeFiles/pa1010d_i2c.dir/home/umetsu/HDD2/pico/pico-sdk/src/rp2_common/pico_platform_panic/panic.c.obj
 .ARM.attributes
                0x000000ce       0x2c CMakeFiles/pa1010d_i2c.dir/home/umetsu/HDD2/pico/pico-sdk/src/common/hardware_claim/claim.c.obj
 .ARM.attributes
                0x000000fa       0x2c CMakeFiles/pa1010d_i2c.dir/home/umetsu/HDD2/pico/pico-sdk/src/rp2_common/hardware_sync/sync.c.obj
 .ARM.attributes
                0x00000126       0x2c CMakeFiles/pa1010d_i2c.dir/home/umetsu/HDD2/pico/pico-sdk/src/rp2_common/hardware_sync_spin_lock/sync_spin_lock.c.obj
 .ARM.attributes
                0x00000152       0x2c CMakeFiles/pa1010d_i2c.dir/home/umetsu/HDD2/pico/pico-sdk/src/rp2_common/hardware_irq/irq.c.obj
 .ARM.attributes
                0x0000017e       0x22 CMakeFiles/pa1010d_i2c.dir/home/umetsu/HDD2/pico/pico-sdk/src/rp2_common/hardware_irq/irq_handler_chain.S.obj
 .ARM.attributes
                0x000001a0       0x2c CMakeFiles/pa1010d_i2c.dir/home/umetsu/HDD2/pico/pico-sdk/src/common/pico_sync/lock_core.c.obj
 .ARM.attributes
                0x000001cc       0x2c CMakeFiles/pa1010d_i2c.dir/home/umetsu/HDD2/pico/pico-sdk/src/common/pico_sync/mutex.c.obj
 .ARM.attributes
                0x000001f8       0x2c CMakeFiles/pa1010d_i2c.dir/home/umetsu/HDD2/pico/pico-sdk/src/common/pico_time/time.c.obj
 .ARM.attributes
                0x00000224       0x2c CMakeFiles/pa1010d_i2c.dir/home/umetsu/HDD2/pico/pico-sdk/src/rp2_common/hardware_timer/timer.c.obj
 .ARM.attributes
                0x00000250       0x2c CMakeFiles/pa1010d_i2c.dir/home/umetsu/HDD2/pico/pico-sdk/src/rp2_common/hardware_uart/uart.c.obj
 .ARM.attributes
                0x0000027c       0x2c CMakeFiles/pa1010d_i2c.dir/home/umetsu/HDD2/pico/pico-sdk/src/rp2_common/hardware_clocks/clocks.c.obj
 .ARM.attributes
                0x000002a8       0x2c CMakeFiles/pa1010d_i2c.dir/home/umetsu/HDD2/pico/pico-sdk/src/rp2_common/hardware_pll/pll.c.obj
 .ARM.attributes
                0x000002d4       0x2c CMakeFiles/pa1010d_i2c.dir/home/umetsu/HDD2/pico/pico-sdk/src/rp2_common/hardware_ticks/ticks.c.obj
 .ARM.attributes
                0x00000300       0x2c CMakeFiles/pa1010d_i2c.dir/home/umetsu/HDD2/pico/pico-sdk/src/rp2_common/hardware_xosc/xosc.c.obj
 .ARM.attributes
                0x0000032c       0x2c CMakeFiles/pa1010d_i2c.dir/home/umetsu/HDD2/pico/pico-sdk/src/rp2_common/pico_runtime/runtime.c.obj
 .ARM.attributes
                0x00000358       0x2c CMakeFiles/pa1010d_i2c.dir/home/umetsu/HDD2/pico/pico-sdk/src/rp2_common/pico_runtime_init/runtime_init.c.obj
 .ARM.attributes
                0x00000384       0x2c CMakeFiles/pa1010d_i2c.dir/home/umetsu/HDD2/pico/pico-sdk/src/rp2_common/pico_runtime_init/runtime_init_clocks.c.obj
 .ARM.attributes
                0x000003b0       0x22 CMakeFiles/pa1010d_i2c.dir/home/umetsu/HDD2/pico/pico-sdk/src/rp2_common/pico_bit_ops/bit_ops_aeabi.S.obj
 .ARM.attributes
                0x000003d2       0x2c CMakeFiles/pa1010d_i2c.dir/home/umetsu/HDD2/pico/pico-sdk/src/rp2_common/pico_bootrom/bootrom.c.obj
 .ARM.attributes
                0x000003fe       0x22 CMakeFiles/pa1010d_i2c.dir/home/umetsu/HDD2/pico/pico-sdk/src/rp2_common/pico_divider/divider_hardware.S.obj
 .ARM.attributes
                0x00000420       0x22 CMakeFiles/pa1010d_i2c.dir/home/umetsu/HDD2/pico/pico-sdk/src/rp2_common/pico_double/double_aeabi_rp2040.S.obj
 .ARM.attributes
                0x00000442       0x2c CMakeFiles/pa1010d_i2c.dir/home/umetsu/HDD2/pico/pico-sdk/src/rp2_common/pico_double/double_init_rom_rp2040.c.obj
 .ARM.attributes
                0x0000046e       0x22 CMakeFiles/pa1010d_i2c.dir/home/umetsu/HDD2/pico/pico-sdk/src/rp2_common/pico_double/double_v1_rom_shim_rp2040.S.obj
 .ARM.attributes
                0x00000490       0x22 CMakeFiles/pa1010d_i2c.dir/home/umetsu/HDD2/pico/pico-sdk/src/rp2_common/pico_int64_ops/pico_int64_ops_aeabi.S.obj
 .ARM.attributes
                0x000004b2       0x22 CMakeFiles/pa1010d_i2c.dir/home/umetsu/HDD2/pico/pico-sdk/src/rp2_common/pico_float/float_aeabi_rp2040.S.obj
 .ARM.attributes
                0x000004d4       0x2c CMakeFiles/pa1010d_i2c.dir/home/umetsu/HDD2/pico/pico-sdk/src/rp2_common/pico_float/float_init_rom_rp2040.c.obj
 .ARM.attributes
                0x00000500       0x22 CMakeFiles/pa1010d_i2c.dir/home/umetsu/HDD2/pico/pico-sdk/src/rp2_common/pico_float/float_v1_rom_shim_rp2040.S.obj
 .ARM.attributes
                0x00000522       0x22 CMakeFiles/pa1010d_i2c.dir/home/umetsu/HDD2/pico/pico-sdk/src/rp2_common/pico_mem_ops/mem_ops_aeabi.S.obj
 .ARM.attributes
                0x00000544       0x2c CMakeFiles/pa1010d_i2c.dir/home/umetsu/HDD2/pico/pico-sdk/src/rp2_common/pico_standard_binary_info/standard_binary_info.c.obj
 .ARM.attributes
                0x00000570       0x2c CMakeFiles/pa1010d_i2c.dir/home/umetsu/HDD2/pico/pico-sdk/src/rp2_common/pico_printf/printf.c.obj
 .ARM.attributes
                0x0000059c       0x22 CMakeFiles/pa1010d_i2c.dir/home/umetsu/HDD2/pico/pico-sdk/src/rp2_common/pico_crt0/crt0.S.obj
 .ARM.attributes
                0x000005be       0x2c CMakeFiles/pa1010d_i2c.dir/home/umetsu/HDD2/pico/pico-sdk/src/rp2_common/pico_clib_interface/newlib_interface.c.obj
 .ARM.attributes
                0x000005ea       0x2c CMakeFiles/pa1010d_i2c.dir/home/umetsu/HDD2/pico/pico-sdk/src/rp2_common/pico_stdio/stdio.c.obj
 .ARM.attributes
                0x00000616       0x2c CMakeFiles/pa1010d_i2c.dir/home/umetsu/HDD2/pico/pico-sdk/src/rp2_common/pico_stdio_uart/stdio_uart.c.obj
 .ARM.attributes
                0x00000642       0x2c CMakeFiles/pa1010d_i2c.dir/home/umetsu/HDD2/pico/pico-sdk/src/rp2_common/hardware_i2c/i2c.c.obj
 .ARM.attributes
                0x0000066e       0x22 /tmp/ccoiG5Y1.o
 .ARM.attributes
                0x00000690       0x1e /usr/lib/gcc/arm-none-eabi/13.2.1/thumb/v6-m/nofp/libgcc.a(_dvmd_tls.o)
 .ARM.attributes
                0x000006ae       0x1b /usr/lib/gcc/arm-none-eabi/13.2.1/../../../arm-none-eabi/lib/thumb/v6-m/nofp/libg.a(libc_a-strcmp.o)
 .ARM.attributes
                0x000006c9       0x2c /usr/lib/gcc/arm-none-eabi/13.2.1/../../../arm-none-eabi/lib/thumb/v6-m/nofp/libg.a(libc_a-strstr.o)
 .ARM.attributes
                0x000006f5       0x2c /usr/lib/gcc/arm-none-eabi/13.2.1/../../../arm-none-eabi/lib/thumb/v6-m/nofp/libg.a(libc_a-memcmp.o)
 .ARM.attributes
                0x00000721       0x2c /usr/lib/gcc/arm-none-eabi/13.2.1/../../../arm-none-eabi/lib/thumb/v6-m/nofp/libg.a(libc_a-atexit.o)
 .ARM.attributes
                0x0000074d       0x2c /usr/lib/gcc/arm-none-eabi/13.2.1/../../../arm-none-eabi/lib/thumb/v6-m/nofp/libg.a(libc_a-strnlen.o)
 .ARM.attributes
                0x00000779       0x2c /usr/lib/gcc/arm-none-eabi/13.2.1/../../../arm-none-eabi/lib/thumb/v6-m/nofp/libg.a(libc_a-strlen-stub.o)
 .ARM.attributes
                0x000007a5       0x2c /usr/lib/gcc/arm-none-eabi/13.2.1/../../../arm-none-eabi/lib/thumb/v6-m/nofp/libg.a(libc_a-fini.o)
 .ARM.attributes
                0x000007d1       0x2c /usr/lib/gcc/arm-none-eabi/13.2.1/../../../arm-none-eabi/lib/thumb/v6-m/nofp/libg.a(libc_a-strchr.o)
 .ARM.attributes
                0x000007fd       0x2c /usr/lib/gcc/arm-none-eabi/13.2.1/../../../arm-none-eabi/lib/thumb/v6-m/nofp/libg.a(libc_a-__atexit.o)
 .ARM.attributes
                0x00000829       0x2c /usr/lib/gcc/arm-none-eabi/13.2.1/../../../arm-none-eabi/lib/thumb/v6-m/nofp/libg.a(libc_a-__call_atexit.o)
 .ARM.attributes
                0x00000855       0x2c /usr/lib/gcc/arm-none-eabi/13.2.1/thumb/v6-m/nofp/crtend.o

.comment        0x00000000       0x26
 .comment       0x00000000       0x26 /usr/lib/gcc/arm-none-eabi/13.2.1/thumb/v6-m/nofp/crtbegin.o
                                 0x27 (size before relaxing)
 .comment       0x00000026       0x27 CMakeFiles/pa1010d_i2c.dir/pa1010d_i2c.c.obj
 .comment       0x00000026       0x27 CMakeFiles/pa1010d_i2c.dir/home/umetsu/HDD2/pico/pico-sdk/src/rp2_common/hardware_gpio/gpio.c.obj
 .comment       0x00000026       0x27 CMakeFiles/pa1010d_i2c.dir/home/umetsu/HDD2/pico/pico-sdk/src/rp2_common/pico_platform_panic/panic.c.obj
 .comment       0x00000026       0x27 CMakeFiles/pa1010d_i2c.dir/home/umetsu/HDD2/pico/pico-sdk/src/common/hardware_claim/claim.c.obj
 .comment       0x00000026       0x27 CMakeFiles/pa1010d_i2c.dir/home/umetsu/HDD2/pico/pico-sdk/src/rp2_common/hardware_sync/sync.c.obj
 .comment       0x00000026       0x27 CMakeFiles/pa1010d_i2c.dir/home/umetsu/HDD2/pico/pico-sdk/src/rp2_common/hardware_sync_spin_lock/sync_spin_lock.c.obj
 .comment       0x00000026       0x27 CMakeFiles/pa1010d_i2c.dir/home/umetsu/HDD2/pico/pico-sdk/src/rp2_common/hardware_irq/irq.c.obj
 .comment       0x00000026       0x27 CMakeFiles/pa1010d_i2c.dir/home/umetsu/HDD2/pico/pico-sdk/src/common/pico_sync/lock_core.c.obj
 .comment       0x00000026       0x27 CMakeFiles/pa1010d_i2c.dir/home/umetsu/HDD2/pico/pico-sdk/src/common/pico_sync/mutex.c.obj
 .comment       0x00000026       0x27 CMakeFiles/pa1010d_i2c.dir/home/umetsu/HDD2/pico/pico-sdk/src/common/pico_time/time.c.obj
 .comment       0x00000026       0x27 CMakeFiles/pa1010d_i2c.dir/home/umetsu/HDD2/pico/pico-sdk/src/rp2_common/hardware_timer/timer.c.obj
 .comment       0x00000026       0x27 CMakeFiles/pa1010d_i2c.dir/home/umetsu/HDD2/pico/pico-sdk/src/rp2_common/hardware_uart/uart.c.obj
 .comment       0x00000026       0x27 CMakeFiles/pa1010d_i2c.dir/home/umetsu/HDD2/pico/pico-sdk/src/rp2_common/hardware_clocks/clocks.c.obj
 .comment       0x00000026       0x27 CMakeFiles/pa1010d_i2c.dir/home/umetsu/HDD2/pico/pico-sdk/src/rp2_common/hardware_pll/pll.c.obj
 .comment       0x00000026       0x27 CMakeFiles/pa1010d_i2c.dir/home/umetsu/HDD2/pico/pico-sdk/src/rp2_common/hardware_ticks/ticks.c.obj
 .comment       0x00000026       0x27 CMakeFiles/pa1010d_i2c.dir/home/umetsu/HDD2/pico/pico-sdk/src/rp2_common/hardware_xosc/xosc.c.obj
 .comment       0x00000026       0x27 CMakeFiles/pa1010d_i2c.dir/home/umetsu/HDD2/pico/pico-sdk/src/rp2_common/pico_runtime/runtime.c.obj
 .comment       0x00000026       0x27 CMakeFiles/pa1010d_i2c.dir/home/umetsu/HDD2/pico/pico-sdk/src/rp2_common/pico_runtime_init/runtime_init.c.obj
 .comment       0x00000026       0x27 CMakeFiles/pa1010d_i2c.dir/home/umetsu/HDD2/pico/pico-sdk/src/rp2_common/pico_runtime_init/runtime_init_clocks.c.obj
 .comment       0x00000026       0x27 CMakeFiles/pa1010d_i2c.dir/home/umetsu/HDD2/pico/pico-sdk/src/rp2_common/pico_bootrom/bootrom.c.obj
 .comment       0x00000026       0x27 CMakeFiles/pa1010d_i2c.dir/home/umetsu/HDD2/pico/pico-sdk/src/rp2_common/pico_double/double_init_rom_rp2040.c.obj
 .comment       0x00000026       0x27 CMakeFiles/pa1010d_i2c.dir/home/umetsu/HDD2/pico/pico-sdk/src/rp2_common/pico_float/float_init_rom_rp2040.c.obj
 .comment       0x00000026       0x27 CMakeFiles/pa1010d_i2c.dir/home/umetsu/HDD2/pico/pico-sdk/src/rp2_common/pico_standard_binary_info/standard_binary_info.c.obj
 .comment       0x00000026       0x27 CMakeFiles/pa1010d_i2c.dir/home/umetsu/HDD2/pico/pico-sdk/src/rp2_common/pico_printf/printf.c.obj
 .comment       0x00000026       0x27 CMakeFiles/pa1010d_i2c.dir/home/umetsu/HDD2/pico/pico-sdk/src/rp2_common/pico_clib_interface/newlib_interface.c.obj
 .comment       0x00000026       0x27 CMakeFiles/pa1010d_i2c.dir/home/umetsu/HDD2/pico/pico-sdk/src/rp2_common/pico_stdio/stdio.c.obj
 .comment       0x00000026       0x27 CMakeFiles/pa1010d_i2c.dir/home/umetsu/HDD2/pico/pico-sdk/src/rp2_common/pico_stdio_uart/stdio_uart.c.obj
 .comment       0x00000026       0x27 CMakeFiles/pa1010d_i2c.dir/home/umetsu/HDD2/pico/pico-sdk/src/rp2_common/hardware_i2c/i2c.c.obj
 .comment       0x00000026       0x27 /usr/lib/gcc/arm-none-eabi/13.2.1/../../../arm-none-eabi/lib/thumb/v6-m/nofp/libg.a(libc_a-strstr.o)
 .comment       0x00000026       0x27 /usr/lib/gcc/arm-none-eabi/13.2.1/../../../arm-none-eabi/lib/thumb/v6-m/nofp/libg.a(libc_a-memcmp.o)
 .comment       0x00000026       0x27 /usr/lib/gcc/arm-none-eabi/13.2.1/../../../arm-none-eabi/lib/thumb/v6-m/nofp/libg.a(libc_a-atexit.o)
 .comment       0x00000026       0x27 /usr/lib/gcc/arm-none-eabi/13.2.1/../../../arm-none-eabi/lib/thumb/v6-m/nofp/libg.a(libc_a-strnlen.o)
 .comment       0x00000026       0x27 /usr/lib/gcc/arm-none-eabi/13.2.1/../../../arm-none-eabi/lib/thumb/v6-m/nofp/libg.a(libc_a-strlen-stub.o)
 .comment       0x00000026       0x27 /usr/lib/gcc/arm-none-eabi/13.2.1/../../../arm-none-eabi/lib/thumb/v6-m/nofp/libg.a(libc_a-fini.o)
 .comment       0x00000026       0x27 /usr/lib/gcc/arm-none-eabi/13.2.1/../../../arm-none-eabi/lib/thumb/v6-m/nofp/libg.a(libc_a-strchr.o)
 .comment       0x00000026       0x27 /usr/lib/gcc/arm-none-eabi/13.2.1/../../../arm-none-eabi/lib/thumb/v6-m/nofp/libg.a(libc_a-__atexit.o)
 .comment       0x00000026       0x27 /usr/lib/gcc/arm-none-eabi/13.2.1/../../../arm-none-eabi/lib/thumb/v6-m/nofp/libg.a(libc_a-__call_atexit.o)
 .comment       0x00000026       0x27 /usr/lib/gcc/arm-none-eabi/13.2.1/thumb/v6-m/nofp/crtend.o

.debug_info     0x00000000    0x19257
 .debug_info    0x00000000      0xdbc CMakeFiles/pa1010d_i2c.dir/pa1010d_i2c.c.obj
 .debug_info    0x00000dbc     0x1d0f CMakeFiles/pa1010d_i2c.dir/home/umetsu/HDD2/pico/pico-sdk/src/rp2_common/hardware_gpio/gpio.c.obj
 .debug_info    0x00002acb      0x1b4 CMakeFiles/pa1010d_i2c.dir/home/umetsu/HDD2/pico/pico-sdk/src/rp2_common/pico_platform_panic/panic.c.obj
 .debug_info    0x00002c7f      0x699 CMakeFiles/pa1010d_i2c.dir/home/umetsu/HDD2/pico/pico-sdk/src/common/hardware_claim/claim.c.obj
 .debug_info    0x00003318      0x44d CMakeFiles/pa1010d_i2c.dir/home/umetsu/HDD2/pico/pico-sdk/src/rp2_common/hardware_sync/sync.c.obj
 .debug_info    0x00003765      0x2eb CMakeFiles/pa1010d_i2c.dir/home/umetsu/HDD2/pico/pico-sdk/src/rp2_common/hardware_sync_spin_lock/sync_spin_lock.c.obj
 .debug_info    0x00003a50     0x1fa1 CMakeFiles/pa1010d_i2c.dir/home/umetsu/HDD2/pico/pico-sdk/src/rp2_common/hardware_irq/irq.c.obj
 .debug_info    0x000059f1      0x1a3 CMakeFiles/pa1010d_i2c.dir/home/umetsu/HDD2/pico/pico-sdk/src/common/pico_sync/lock_core.c.obj
 .debug_info    0x00005b94     0x1e34 CMakeFiles/pa1010d_i2c.dir/home/umetsu/HDD2/pico/pico-sdk/src/common/pico_sync/mutex.c.obj
 .debug_info    0x000079c8     0x32f3 CMakeFiles/pa1010d_i2c.dir/home/umetsu/HDD2/pico/pico-sdk/src/common/pico_time/time.c.obj
 .debug_info    0x0000acbb     0x1974 CMakeFiles/pa1010d_i2c.dir/home/umetsu/HDD2/pico/pico-sdk/src/rp2_common/hardware_timer/timer.c.obj
 .debug_info    0x0000c62f     0x12c1 CMakeFiles/pa1010d_i2c.dir/home/umetsu/HDD2/pico/pico-sdk/src/rp2_common/hardware_uart/uart.c.obj
 .debug_info    0x0000d8f0     0x14d9 CMakeFiles/pa1010d_i2c.dir/home/umetsu/HDD2/pico/pico-sdk/src/rp2_common/hardware_clocks/clocks.c.obj
 .debug_info    0x0000edc9      0x637 CMakeFiles/pa1010d_i2c.dir/home/umetsu/HDD2/pico/pico-sdk/src/rp2_common/hardware_pll/pll.c.obj
 .debug_info    0x0000f400      0x29a CMakeFiles/pa1010d_i2c.dir/home/umetsu/HDD2/pico/pico-sdk/src/rp2_common/hardware_ticks/ticks.c.obj
 .debug_info    0x0000f69a      0x1b8 CMakeFiles/pa1010d_i2c.dir/home/umetsu/HDD2/pico/pico-sdk/src/rp2_common/hardware_xosc/xosc.c.obj
 .debug_info    0x0000f852      0x1b0 CMakeFiles/pa1010d_i2c.dir/home/umetsu/HDD2/pico/pico-sdk/src/rp2_common/pico_runtime/runtime.c.obj
 .debug_info    0x0000fa02      0x795 CMakeFiles/pa1010d_i2c.dir/home/umetsu/HDD2/pico/pico-sdk/src/rp2_common/pico_runtime_init/runtime_init.c.obj
 .debug_info    0x00010197      0x74d CMakeFiles/pa1010d_i2c.dir/home/umetsu/HDD2/pico/pico-sdk/src/rp2_common/pico_runtime_init/runtime_init_clocks.c.obj
 .debug_info    0x000108e4       0x23 CMakeFiles/pa1010d_i2c.dir/home/umetsu/HDD2/pico/pico-sdk/src/rp2_common/pico_bit_ops/bit_ops_aeabi.S.obj
 .debug_info    0x00010907      0x3b2 CMakeFiles/pa1010d_i2c.dir/home/umetsu/HDD2/pico/pico-sdk/src/rp2_common/pico_bootrom/bootrom.c.obj
 .debug_info    0x00010cb9       0x23 CMakeFiles/pa1010d_i2c.dir/home/umetsu/HDD2/pico/pico-sdk/src/rp2_common/pico_divider/divider_hardware.S.obj
 .debug_info    0x00010cdc       0x23 CMakeFiles/pa1010d_i2c.dir/home/umetsu/HDD2/pico/pico-sdk/src/rp2_common/pico_double/double_aeabi_rp2040.S.obj
 .debug_info    0x00010cff      0x31c CMakeFiles/pa1010d_i2c.dir/home/umetsu/HDD2/pico/pico-sdk/src/rp2_common/pico_double/double_init_rom_rp2040.c.obj
 .debug_info    0x0001101b       0x23 CMakeFiles/pa1010d_i2c.dir/home/umetsu/HDD2/pico/pico-sdk/src/rp2_common/pico_double/double_v1_rom_shim_rp2040.S.obj