Archive member included to satisfy reference by file (symbol)

/usr/lib/gcc/arm-none-eabi/13.2.1/thumb/v6-m/nofp/libgcc.a(_dvmd_tls.o)
                              CMakeFiles/hello_double_tap.dir/home/umetsu/HDD2/pico/pico-sdk/src/rp2_common/pico_divider/divider_hardware.S.obj (__aeabi_idiv0)
/usr/lib/gcc/arm-none-eabi/13.2.1/../../../arm-none-eabi/lib/thumb/v6-m/nofp/libg.a(libc_a-calloc.o)
                              CMakeFiles/hello_double_tap.dir/home/umetsu/HDD2/pico/pico-sdk/src/rp2_common/pico_malloc/malloc.c.obj (calloc)
/usr/lib/gcc/arm-none-eabi/13.2.1/../../../arm-none-eabi/lib/thumb/v6-m/nofp/libg.a(libc_a-impure.o)
                              /usr/lib/gcc/arm-none-eabi/13.2.1/../../../arm-none-eabi/lib/thumb/v6-m/nofp/libg.a(libc_a-calloc.o) (_impure_ptr)
/usr/lib/gcc/arm-none-eabi/13.2.1/../../../arm-none-eabi/lib/thumb/v6-m/nofp/libg.a(libc_a-callocr.o)
                              /usr/lib/gcc/arm-none-eabi/13.2.1/../../../arm-none-eabi/lib/thumb/v6-m/nofp/libg.a(libc_a-calloc.o) (_calloc_r)
/usr/lib/gcc/arm-none-eabi/13.2.1/../../../arm-none-eabi/lib/thumb/v6-m/nofp/libg.a(libc_a-realloc.o)
                              CMakeFiles/hello_double_tap.dir/home/umetsu/HDD2/pico/pico-sdk/src/rp2_common/pico_malloc/malloc.c.obj (realloc)
/usr/lib/gcc/arm-none-eabi/13.2.1/../../../arm-none-eabi/lib/thumb/v6-m/nofp/libg.a(libc_a-mallocr.o)
                              /usr/lib/gcc/arm-none-eabi/13.2.1/../../../arm-none-eabi/lib/thumb/v6-m/nofp/libg.a(libc_a-callocr.o) (_malloc_r)
/usr/lib/gcc/arm-none-eabi/13.2.1/../../../arm-none-eabi/lib/thumb/v6-m/nofp/libg.a(libc_a-freer.o)
                              /usr/lib/gcc/arm-none-eabi/13.2.1/../../../arm-none-eabi/lib/thumb/v6-m/nofp/libg.a(libc_a-mallocr.o) (_free_r)
/usr/lib/gcc/arm-none-eabi/13.2.1/../../../arm-none-eabi/lib/thumb/v6-m/nofp/libg.a(libc_a-memcmp.o)
                              CMakeFiles/hello_double_tap.dir/home/umetsu/HDD2/pico/pico-sdk/src/rp2_common/pico_atomic/atomic.c.obj (memcmp)
/usr/lib/gcc/arm-none-eabi/13.2.1/../../../arm-none-eabi/lib/thumb/v6-m/nofp/libg.a(libc_a-malloc.o)
                              CMakeFiles/hello_double_tap.dir/home/umetsu/HDD2/pico/pico-sdk/src/rp2_common/pico_malloc/malloc.c.obj (malloc)
/usr/lib/gcc/arm-none-eabi/13.2.1/../../../arm-none-eabi/lib/thumb/v6-m/nofp/libg.a(libc_a-sysconf.o)
                              /usr/lib/gcc/arm-none-eabi/13.2.1/../../../arm-none-eabi/lib/thumb/v6-m/nofp/libg.a(libc_a-mallocr.o) (sysconf)
/usr/lib/gcc/arm-none-eabi/13.2.1/../../../arm-none-eabi/lib/thumb/v6-m/nofp/libg.a(libc_a-init.o)
                              /usr/lib/gcc/arm-none-eabi/13.2.1/../../../arm-none-eabi/lib/thumb/v6-m/nofp/crt0.o (__libc_init_array)
/usr/lib/gcc/arm-none-eabi/13.2.1/../../../arm-none-eabi/lib/thumb/v6-m/nofp/libg.a(libc_a-reallocr.o)
                              /usr/lib/gcc/arm-none-eabi/13.2.1/../../../arm-none-eabi/lib/thumb/v6-m/nofp/libg.a(libc_a-realloc.o) (_realloc_r)
/usr/lib/gcc/arm-none-eabi/13.2.1/../../../arm-none-eabi/lib/thumb/v6-m/nofp/libg.a(libc_a-mktime.o)
                              CMakeFiles/hello_double_tap.dir/home/umetsu/HDD2/pico/pico-sdk/src/common/pico_util/datetime.c.obj (mktime)
/usr/lib/gcc/arm-none-eabi/13.2.1/../../../arm-none-eabi/lib/thumb/v6-m/nofp/libg.a(libc_a-mlock.o)
                              /usr/lib/gcc/arm-none-eabi/13.2.1/../../../arm-none-eabi/lib/thumb/v6-m/nofp/libg.a(libc_a-mallocr.o) (__malloc_lock)
/usr/lib/gcc/arm-none-eabi/13.2.1/../../../arm-none-eabi/lib/thumb/v6-m/nofp/libg.a(libc_a-findfp.o)
                              /usr/lib/gcc/arm-none-eabi/13.2.1/../../../arm-none-eabi/lib/thumb/v6-m/nofp/libg.a(libc_a-impure.o) (__sf)
/usr/lib/gcc/arm-none-eabi/13.2.1/../../../arm-none-eabi/lib/thumb/v6-m/nofp/libg.a(libc_a-tzlock.o)
                              /usr/lib/gcc/arm-none-eabi/13.2.1/../../../arm-none-eabi/lib/thumb/v6-m/nofp/libg.a(libc_a-mktime.o) (__tz_lock)
/usr/lib/gcc/arm-none-eabi/13.2.1/../../../arm-none-eabi/lib/thumb/v6-m/nofp/libg.a(libc_a-atexit.o)
                              /usr/lib/gcc/arm-none-eabi/13.2.1/../../../arm-none-eabi/lib/thumb/v6-m/nofp/crt0.o (atexit)
/usr/lib/gcc/arm-none-eabi/13.2.1/../../../arm-none-eabi/lib/thumb/v6-m/nofp/libg.a(libc_a-lcltime_r.o)
                              CMakeFiles/hello_double_tap.dir/home/umetsu/HDD2/pico/pico-sdk/src/common/pico_util/datetime.c.obj (localtime_r)
/usr/lib/gcc/arm-none-eabi/13.2.1/../../../arm-none-eabi/lib/thumb/v6-m/nofp/libg.a(libc_a-strlen-stub.o)
                              CMakeFiles/hello_double_tap.dir/home/umetsu/HDD2/pico/pico-sdk/src/rp2_common/pico_stdio/stdio.c.obj (strlen)
/usr/lib/gcc/arm-none-eabi/13.2.1/../../../arm-none-eabi/lib/thumb/v6-m/nofp/libg.a(libc_a-sbrkr.o)
                              /usr/lib/gcc/arm-none-eabi/13.2.1/../../../arm-none-eabi/lib/thumb/v6-m/nofp/libg.a(libc_a-mallocr.o) (_sbrk_r)
[...]
Memory Configuration

Name             Origin             Length             Attributes
FLASH            0x10000000         0x00200000         xr
RAM              0x20000000         0x00040000         xrw
SCRATCH_X        0x20040000         0x00001000         xrw
SCRATCH_Y        0x20041000         0x00001000         xrw
*default*        0x00000000         0xffffffff

Linker script and memory map

LOAD /usr/lib/gcc/arm-none-eabi/13.2.1/thumb/v6-m/nofp/crti.o
LOAD /usr/lib/gcc/arm-none-eabi/13.2.1/thumb/v6-m/nofp/crtbegin.o
LOAD /usr/lib/gcc/arm-none-eabi/13.2.1/../../../arm-none-eabi/lib/thumb/v6-m/nofp/crt0.o

.flash_begin    0x10000000        0x0
                0x10000000                        __flash_binary_start = .

.boot2          0x10000000      0x100
                0x10000000                        __boot2_start__ = .
 *(.boot2)
 .boot2         0x10000000      0x100 /tmp/ccOgn8KJ.o
                0x10000100                        __boot2_end__ = .
                0x00000001                        ASSERT (((__boot2_end__ - __boot2_start__) == 0x100), ERROR: Pico second stage bootloader must be 256 bytes in size)

.text           0x10000100     0x3688
                0x10000100                        __logical_binary_start = .
 *(.vectors)
 .vectors       0x10000100       0xd4 CMakeFiles/hello_double_tap.dir/home/umetsu/HDD2/pico/pico-sdk/src/rp2_common/pico_crt0/crt0.S.obj
                0x10000100                __vectors
                0x10000100                __VECTOR_TABLE
                0x100001c0                isr_invalid
                0x100001c0                __default_isrs_start
                0x100001c2                isr_nmi
                0x100001c4                isr_hardfault
                0x100001c6                isr_svcall
                0x100001c8                isr_pendsv
                0x100001ca                isr_systick
                0x100001cc                isr_irq30
                0x100001cc                __unhandled_user_irq
                0x100001cc                isr_irq13
                0x100001cc                isr_irq27
                0x100001cc                isr_irq31
                0x100001cc                isr_irq5
                0x100001cc                isr_irq11
                0x100001cc                isr_irq23
                0x100001cc                isr_irq18
                0x100001cc                isr_irq28
                0x100001cc                isr_irq19
                0x100001cc                isr_irq0
                0x100001cc                isr_irq6
                0x100001cc                isr_irq22
                0x100001cc                isr_irq17
                0x100001cc                isr_irq14
                0x100001cc                isr_irq2
                0x100001cc                isr_irq10
                0x100001cc                isr_irq8
                0x100001cc                isr_irq24
                0x100001cc                isr_irq1
                0x100001cc                isr_irq7
                0x100001cc                isr_irq21
                0x100001cc                isr_irq20
                0x100001cc                isr_irq15
                0x100001cc                isr_irq25
                0x100001cc                isr_irq4
                0x100001cc                isr_irq16
                0x100001cc                isr_irq29
                0x100001cc                isr_irq26
                0x100001cc                __default_isrs_end
                0x100001cc                isr_irq3
                0x100001cc                isr_irq12
                0x100001cc                isr_irq9
                0x100001d2                unhandled_user_irq_num_in_r0
 *(.binary_info_header)
 .binary_info_header
                0x100001d4       0x14 CMakeFiles/hello_double_tap.dir/home/umetsu/HDD2/pico/pico-sdk/src/rp2_common/pico_crt0/crt0.S.obj
                0x100001e8                        __binary_info_header_end = .
 *(.embedded_block)
                0x100001e8                        __embedded_block_end = .
 *(.reset)
 .reset         0x100001e8       0x9c CMakeFiles/hello_double_tap.dir/home/umetsu/HDD2/pico/pico-sdk/src/rp2_common/pico_crt0/crt0.S.obj
                0x100001e8                _entry_point
 *(.init)
 .init          0x10000284        0x4 /usr/lib/gcc/arm-none-eabi/13.2.1/thumb/v6-m/nofp/crti.o
                0x10000284                _init
 *(EXCLUDE_FILE(*libm.a: *libc.a:*lib_a-mem*.o *libgcc.a:) .text*)
 .text          0x10000288       0x98 /usr/lib/gcc/arm-none-eabi/13.2.1/thumb/v6-m/nofp/crtbegin.o
 .text.main     0x10000320       0x2c CMakeFiles/hello_double_tap.dir/hello_double_tap.c.obj
                0x10000320                main
 .text.gpio_set_function
                0x1000034c       0x34 CMakeFiles/hello_double_tap.dir/home/umetsu/HDD2/pico/pico-sdk/src/rp2_common/hardware_gpio/gpio.c.obj
                0x1000034c                gpio_set_function
 .text.gpio_init
                0x10000380       0x16 CMakeFiles/hello_double_tap.dir/home/umetsu/HDD2/pico/pico-sdk/src/rp2_common/hardware_gpio/gpio.c.obj
                0x10000380                gpio_init
 *fill*         0x10000396        0x2 
 .text.panic    0x10000398       0x30 CMakeFiles/hello_double_tap.dir/home/umetsu/HDD2/pico/pico-sdk/src/rp2_common/pico_platform_panic/panic.c.obj
                0x10000398                panic
 .text.hw_claim_lock
                0x100003c8       0x18 CMakeFiles/hello_double_tap.dir/home/umetsu/HDD2/pico/pico-sdk/src/common/hardware_claim/claim.c.obj
                0x100003c8                hw_claim_lock
 .text.hw_claim_unlock
                0x100003e0       0x14 CMakeFiles/hello_double_tap.dir/home/umetsu/HDD2/pico/pico-sdk/src/common/hardware_claim/claim.c.obj
                0x100003e0                hw_claim_unlock
 .text.hw_claim_or_assert
                0x100003f4       0x32 CMakeFiles/hello_double_tap.dir/home/umetsu/HDD2/pico/pico-sdk/src/common/hardware_claim/claim.c.obj
                0x100003f4                hw_claim_or_assert
 *fill*         0x10000426        0x2 
 .text.next_striped_spin_lock_num
                0x10000428       0x1c CMakeFiles/hello_double_tap.dir/home/umetsu/HDD2/pico/pico-sdk/src/rp2_common/hardware_sync/sync.c.obj
                0x10000428                next_striped_spin_lock_num
 .text.spin_locks_reset
                0x10000444       0x20 CMakeFiles/hello_double_tap.dir/home/umetsu/HDD2/pico/pico-sdk/src/rp2_common/hardware_sync_spin_lock/sync_spin_lock.c.obj
                0x10000444                spin_locks_reset
 .text.set_raw_irq_handler_and_unlock
                0x10000464       0x28 CMakeFiles/hello_double_tap.dir/home/umetsu/HDD2/pico/pico-sdk/src/rp2_common/hardware_irq/irq.c.obj
 .text.nvic_ipr0
                0x1000048c        0x8 CMakeFiles/hello_double_tap.dir/home/umetsu/HDD2/pico/pico-sdk/src/rp2_common/hardware_irq/irq.c.obj
 .text.runtime_init_per_core_irq_priorities
                0x10000494       0x1c CMakeFiles/hello_double_tap.dir/home/umetsu/HDD2/pico/pico-sdk/src/rp2_common/hardware_irq/irq.c.obj
                0x10000494                runtime_init_per_core_irq_priorities
 .text.irq_set_mask_n_enabled
                0x100004b0       0x1c CMakeFiles/hello_double_tap.dir/home/umetsu/HDD2/pico/pico-sdk/src/rp2_common/hardware_irq/irq.c.obj
                0x100004b0                irq_set_mask_n_enabled
 .text.irq_set_enabled
                0x100004cc       0x14 CMakeFiles/hello_double_tap.dir/home/umetsu/HDD2/pico/pico-sdk/src/rp2_common/hardware_irq/irq.c.obj
                0x100004cc                irq_set_enabled
 .text.irq_get_vtable_handler
                0x100004e0       0x10 CMakeFiles/hello_double_tap.dir/home/umetsu/HDD2/pico/pico-sdk/src/rp2_common/hardware_irq/irq.c.obj
                0x100004e0                irq_get_vtable_handler
 .text.irq_set_exclusive_handler
                0x100004f0       0x54 CMakeFiles/hello_double_tap.dir/home/umetsu/HDD2/pico/pico-sdk/src/rp2_common/hardware_irq/irq.c.obj
                0x100004f0                irq_set_exclusive_handler
 .text.lock_init
                0x10000544       0x10 CMakeFiles/hello_double_tap.dir/home/umetsu/HDD2/pico/pico-sdk/src/common/pico_sync/lock_core.c.obj
                0x10000544                lock_init
 .text.mutex_init
                0x10000554       0x1a CMakeFiles/hello_double_tap.dir/home/umetsu/HDD2/pico/pico-sdk/src/common/pico_sync/mutex.c.obj
                0x10000554                mutex_init
 .text.recursive_mutex_init
                0x1000056e       0x1e CMakeFiles/hello_double_tap.dir/home/umetsu/HDD2/pico/pico-sdk/src/common/pico_sync/mutex.c.obj
                0x1000056e                recursive_mutex_init
 .text.runtime_init_mutex
                0x1000058c       0x4c CMakeFiles/hello_double_tap.dir/home/umetsu/HDD2/pico/pico-sdk/src/common/pico_sync/mutex.c.obj
                0x1000058c                runtime_init_mutex
 .text.make_alarm_id
                0x100005d8        0x6 CMakeFiles/hello_double_tap.dir/home/umetsu/HDD2/pico/pico-sdk/src/common/pico_time/time.c.obj
 *fill*         0x100005de        0x2 
 .text.sleep_until_callback
                0x100005e0       0x30 CMakeFiles/hello_double_tap.dir/home/umetsu/HDD2/pico/pico-sdk/src/common/pico_time/time.c.obj
 .text.alarm_pool_irq_handler
                0x10000610      0x2e0 CMakeFiles/hello_double_tap.dir/home/umetsu/HDD2/pico/pico-sdk/src/common/pico_time/time.c.obj
 .text.ta_enable_irq_handler
                0x100008f0       0x2c CMakeFiles/hello_double_tap.dir/home/umetsu/HDD2/pico/pico-sdk/src/common/pico_time/time.c.obj
 .text.alarm_pool_post_alloc_init
                0x1000091c       0x78 CMakeFiles/hello_double_tap.dir/home/umetsu/HDD2/pico/pico-sdk/src/common/pico_time/time.c.obj
 .text.alarm_pool_get_default
                0x10000994       0x2c CMakeFiles/hello_double_tap.dir/home/umetsu/HDD2/pico/pico-sdk/src/common/pico_time/time.c.obj
                0x10000994                alarm_pool_get_default
 .text.alarm_pool_add_alarm_at_force_in_context
                0x100009c0       0xa4 CMakeFiles/hello_double_tap.dir/home/umetsu/HDD2/pico/pico-sdk/src/common/pico_time/time.c.obj
                0x100009c0                alarm_pool_add_alarm_at_force_in_context
 .text.alarm_pool_add_alarm_at
                0x10000a64       0x3c CMakeFiles/hello_double_tap.dir/home/umetsu/HDD2/pico/pico-sdk/src/common/pico_time/time.c.obj
                0x10000a64                alarm_pool_add_alarm_at
 .text.add_alarm_at
                0x10000aa0       0x2e CMakeFiles/hello_double_tap.dir/home/umetsu/HDD2/pico/pico-sdk/src/common/pico_time/time.c.obj
 *fill*         0x10000ace        0x2 
 .text.alarm_pool_cancel_alarm
                0x10000ad0       0x78 CMakeFiles/hello_double_tap.dir/home/umetsu/HDD2/pico/pico-sdk/src/common/pico_time/time.c.obj
                0x10000ad0                alarm_pool_cancel_alarm
 .text.cancel_alarm
                0x10000b48       0x10 CMakeFiles/hello_double_tap.dir/home/umetsu/HDD2/pico/pico-sdk/src/common/pico_time/time.c.obj
 .text.sleep_until
                0x10000b58       0xc0 CMakeFiles/hello_double_tap.dir/home/umetsu/HDD2/pico/pico-sdk/src/common/pico_time/time.c.obj
                0x10000b58                sleep_until
 .text.sleep_us
                0x10000c18       0x24 CMakeFiles/hello_double_tap.dir/home/umetsu/HDD2/pico/pico-sdk/src/common/pico_time/time.c.obj
                0x10000c18                sleep_us
 .text.sleep_ms
                0x10000c3c       0x14 CMakeFiles/hello_double_tap.dir/home/umetsu/HDD2/pico/pico-sdk/src/common/pico_time/time.c.obj
                0x10000c3c                sleep_ms
 .text.best_effort_wfe_or_timeout
                0x10000c50       0xc4 CMakeFiles/hello_double_tap.dir/home/umetsu/HDD2/pico/pico-sdk/src/common/pico_time/time.c.obj
                0x10000c50                best_effort_wfe_or_timeout
 .text.alarm_pool_get_default_timer
                0x10000d14        0x8 CMakeFiles/hello_double_tap.dir/home/umetsu/HDD2/pico/pico-sdk/src/common/pico_time/time.c.obj
                0x10000d14                alarm_pool_get_default_timer
 .text.runtime_init_default_alarm_pool
                0x10000d1c       0x38 CMakeFiles/hello_double_tap.dir/home/umetsu/HDD2/pico/pico-sdk/src/common/pico_time/time.c.obj
                0x10000d1c                runtime_init_default_alarm_pool
 .text.timer_hardware_alarm_claim
                0x10000d54       0x14 CMakeFiles/hello_double_tap.dir/home/umetsu/HDD2/pico/pico-sdk/src/rp2_common/hardware_timer/timer.c.obj
                0x10000d54                timer_hardware_alarm_claim
 .text.timer_time_us_64
                0x10000d68       0x10 CMakeFiles/hello_double_tap.dir/home/umetsu/HDD2/pico/pico-sdk/src/rp2_common/hardware_timer/timer.c.obj
                0x10000d68                timer_time_us_64
 .text.timer_busy_wait_until
                0x10000d78       0x1a CMakeFiles/hello_double_tap.dir/home/umetsu/HDD2/pico/pico-sdk/src/rp2_common/hardware_timer/timer.c.obj
                0x10000d78                timer_busy_wait_until
 .text.timer_busy_wait_us
                0x10000d92       0x38 CMakeFiles/hello_double_tap.dir/home/umetsu/HDD2/pico/pico-sdk/src/rp2_common/hardware_timer/timer.c.obj
                0x10000d92                timer_busy_wait_us
 *fill*         0x10000dca        0x2 
 .text.time_us_64
                0x10000dcc       0x10 CMakeFiles/hello_double_tap.dir/home/umetsu/HDD2/pico/pico-sdk/src/rp2_common/hardware_timer/timer.c.obj
                0x10000dcc                time_us_64
 .text.busy_wait_us
                0x10000ddc       0x14 CMakeFiles/hello_double_tap.dir/home/umetsu/HDD2/pico/pico-sdk/src/rp2_common/hardware_timer/timer.c.obj
                0x10000ddc                busy_wait_us
 .text.busy_wait_until
                0x10000df0       0x14 CMakeFiles/hello_double_tap.dir/home/umetsu/HDD2/pico/pico-sdk/src/rp2_common/hardware_timer/timer.c.obj
                0x10000df0                busy_wait_until
 .text.clock_configure_internal
                0x10000e04       0xc4 CMakeFiles/hello_double_tap.dir/home/umetsu/HDD2/pico/pico-sdk/src/rp2_common/hardware_clocks/clocks.c.obj
 .text.clock_configure_int_divider
                0x10000ec8       0x28 CMakeFiles/hello_double_tap.dir/home/umetsu/HDD2/pico/pico-sdk/src/rp2_common/hardware_clocks/clocks.c.obj
                0x10000ec8                clock_configure_int_divider
 .text.clock_configure_undivided
                0x10000ef0       0x12 CMakeFiles/hello_double_tap.dir/home/umetsu/HDD2/pico/pico-sdk/src/rp2_common/hardware_clocks/clocks.c.obj
                0x10000ef0                clock_configure_undivided
 *fill*         0x10000f02        0x2 
 .text.clock_get_hz
                0x10000f04        0xc CMakeFiles/hello_double_tap.dir/home/umetsu/HDD2/pico/pico-sdk/src/rp2_common/hardware_clocks/clocks.c.obj
                0x10000f04                clock_get_hz
 .text.pll_init
                0x10000f10      0x124 CMakeFiles/hello_double_tap.dir/home/umetsu/HDD2/pico/pico-sdk/src/rp2_common/hardware_pll/pll.c.obj
                0x10000f10                pll_init
 .text.tick_start
                0x10001034       0x10 CMakeFiles/hello_double_tap.dir/home/umetsu/HDD2/pico/pico-sdk/src/rp2_common/hardware_ticks/ticks.c.obj
                0x10001034                tick_start
 .text.xosc_init
                0x10001044       0x28 CMakeFiles/hello_double_tap.dir/home/umetsu/HDD2/pico/pico-sdk/src/rp2_common/hardware_xosc/xosc.c.obj
                0x10001044                xosc_init
 .text.runtime_run_initializers_from
                0x1000106c       0x18 CMakeFiles/hello_double_tap.dir/home/umetsu/HDD2/pico/pico-sdk/src/rp2_common/pico_runtime/runtime.c.obj
 .text.first_per_core_initializer
                0x10001084        0x2 CMakeFiles/hello_double_tap.dir/home/umetsu/HDD2/pico/pico-sdk/src/rp2_common/pico_runtime/runtime.c.obj
 *fill*         0x10001086        0x2 
 .text.runtime_run_initializers
                0x10001088       0x10 CMakeFiles/hello_double_tap.dir/home/umetsu/HDD2/pico/pico-sdk/src/rp2_common/pico_runtime/runtime.c.obj
                0x10001088                runtime_run_initializers
 .text.runtime_init_early_resets
                0x10001098       0x2c CMakeFiles/hello_double_tap.dir/home/umetsu/HDD2/pico/pico-sdk/src/rp2_common/pico_runtime_init/runtime_init.c.obj
                0x10001098                runtime_init_early_resets
 .text.runtime_init_usb_power_down
                0x100010c4       0x1c CMakeFiles/hello_double_tap.dir/home/umetsu/HDD2/pico/pico-sdk/src/rp2_common/pico_runtime_init/runtime_init.c.obj
                0x100010c4                runtime_init_usb_power_down
 .text.runtime_init_post_clock_resets
                0x100010e0       0x20 CMakeFiles/hello_double_tap.dir/home/umetsu/HDD2/pico/pico-sdk/src/rp2_common/pico_runtime_init/runtime_init.c.obj
                0x100010e0                runtime_init_post_clock_resets
 .text.runtime_init_rp2040_gpio_ie_disable
                0x10001100       0x14 CMakeFiles/hello_double_tap.dir/home/umetsu/HDD2/pico/pico-sdk/src/rp2_common/pico_runtime_init/runtime_init.c.obj
                0x10001100                runtime_init_rp2040_gpio_ie_disable
 .text.runtime_init_spin_locks_reset
                0x10001114        0x8 CMakeFiles/hello_double_tap.dir/home/umetsu/HDD2/pico/pico-sdk/src/rp2_common/pico_runtime_init/runtime_init.c.obj
                0x10001114                runtime_init_spin_locks_reset
 .text.runtime_init_install_ram_vector_table
                0x1000111c       0x1c CMakeFiles/hello_double_tap.dir/home/umetsu/HDD2/pico/pico-sdk/src/rp2_common/pico_runtime_init/runtime_init.c.obj
                0x1000111c                runtime_init_install_ram_vector_table
 .text.start_all_ticks
                0x10001138       0x28 CMakeFiles/hello_double_tap.dir/home/umetsu/HDD2/pico/pico-sdk/src/rp2_common/pico_runtime_init/runtime_init_clocks.c.obj
 .text.runtime_init_clocks
                0x10001160       0xcc CMakeFiles/hello_double_tap.dir/home/umetsu/HDD2/pico/pico-sdk/src/rp2_common/pico_runtime_init/runtime_init_clocks.c.obj
                0x10001160                runtime_init_clocks
 .text          0x1000122c       0x10 CMakeFiles/hello_double_tap.dir/home/umetsu/HDD2/pico/pico-sdk/src/rp2_common/pico_bit_ops/bit_ops_aeabi.S.obj
 .text.rom_func_lookup
                0x1000123c       0x10 CMakeFiles/hello_double_tap.dir/home/umetsu/HDD2/pico/pico-sdk/src/rp2_common/pico_bootrom/bootrom.c.obj
                0x1000123c                rom_func_lookup
 .text.rom_data_lookup
                0x1000124c       0x10 CMakeFiles/hello_double_tap.dir/home/umetsu/HDD2/pico/pico-sdk/src/rp2_common/pico_bootrom/bootrom.c.obj
                0x1000124c                rom_data_lookup
 .text.rom_funcs_lookup
                0x1000125c       0x36 CMakeFiles/hello_double_tap.dir/home/umetsu/HDD2/pico/pico-sdk/src/rp2_common/pico_bootrom/bootrom.c.obj
                0x1000125c                rom_funcs_lookup
 *fill*         0x10001292        0x2 
 .text.rom_reset_usb_boot
                0x10001294       0x18 CMakeFiles/hello_double_tap.dir/home/umetsu/HDD2/pico/pico-sdk/src/rp2_common/pico_bootrom/bootrom.c.obj
                0x10001294                rom_reset_usb_boot
 .text.__wrap___aeabi_idiv
                0x100012ac       0x50 CMakeFiles/hello_double_tap.dir/home/umetsu/HDD2/pico/pico-sdk/src/rp2_common/pico_divider/divider_hardware.S.obj
                0x100012ac                __wrap___aeabi_idivmod
                0x100012ac                divmod_s32s32
                0x100012ac                div_s32s32
                0x100012ac                __wrap___aeabi_idiv
                0x100012b4                divmod_s32s32_unsafe
                0x100012e0                divmod_s32s32_savestate
 .text.__wrap___aeabi_uidiv
                0x100012fc       0x4c CMakeFiles/hello_double_tap.dir/home/umetsu/HDD2/pico/pico-sdk/src/rp2_common/pico_divider/divider_hardware.S.obj
                0x100012fc                __wrap___aeabi_uidiv
                0x100012fc                __wrap___aeabi_uidivmod
                0x100012fc                div_u32u32
                0x100012fc                divmod_u32u32
                0x10001304                divmod_u32u32_unsafe
                0x1000132c                divmod_u32u32_savestate
 .text.__wrap___aeabi_ldiv
                0x10001348      0x424 CMakeFiles/hello_double_tap.dir/home/umetsu/HDD2/pico/pico-sdk/src/rp2_common/pico_divider/divider_hardware.S.obj
                0x10001348                div_s64s64
                0x10001348                divmod_s64s64
                0x10001348                __wrap___aeabi_ldivmod
                0x10001378                div_u64u64
                0x10001378                divmod_u64u64
                0x10001378                __wrap___aeabi_uldivmod
                0x10001388                divmod_u64u64_savestate
                0x100013a8                divmod_s64s64_unsafe
                0x10001430                divmod_u64u64_unsafe
 .text.__wrap___aeabi_darithmetic
                0x1000176c       0x80 CMakeFiles/hello_double_tap.dir/home/umetsu/HDD2/pico/pico-sdk/src/rp2_common/pico_double/double_aeabi_rp2040.S.obj
                0x1000176c                __wrap___aeabi_drsub
                0x10001772                __wrap___aeabi_dsub
                0x10001784                __wrap___aeabi_dadd
                0x10001796                __wrap___aeabi_ddiv
                0x100017d2                __wrap___aeabi_dmul
 .text.__wrap___aeabi_cdcmple
                0x100017ec       0x6c CMakeFiles/hello_double_tap.dir/home/umetsu/HDD2/pico/pico-sdk/src/rp2_common/pico_double/double_aeabi_rp2040.S.obj
                0x100017ec                __wrap___aeabi_cdrcmple
                0x100017fc                __wrap___aeabi_cdcmple
                0x100017fc                __wrap___aeabi_cdcmpeq
 .text.__wrap___aeabi_dcmplt
                0x10001858        0xc CMakeFiles/hello_double_tap.dir/home/umetsu/HDD2/pico/pico-sdk/src/rp2_common/pico_double/double_aeabi_rp2040.S.obj
                0x10001858                __wrap___aeabi_dcmplt
 .text.__wrap___aeabi_dcmple
                0x10001864       0x10 CMakeFiles/hello_double_tap.dir/home/umetsu/HDD2/pico/pico-sdk/src/rp2_common/pico_double/double_aeabi_rp2040.S.obj
                0x10001864                __wrap___aeabi_dcmple
 .text.__wrap___aeabi_dcmpge
                0x10001874       0x10 CMakeFiles/hello_double_tap.dir/home/umetsu/HDD2/pico/pico-sdk/src/rp2_common/pico_double/double_aeabi_rp2040.S.obj
                0x10001874                __wrap___aeabi_dcmpge
 .text.__wrap___aeabi_dcmpgt
                0x10001884        0xa CMakeFiles/hello_double_tap.dir/home/umetsu/HDD2/pico/pico-sdk/src/rp2_common/pico_double/double_aeabi_rp2040.S.obj
                0x10001884                __wrap___aeabi_dcmpgt
 .text.__wrap___aeabi_dcmpun
                0x1000188e       0x18 CMakeFiles/hello_double_tap.dir/home/umetsu/HDD2/pico/pico-sdk/src/rp2_common/pico_double/double_aeabi_rp2040.S.obj
                0x1000188e                __wrap___aeabi_dcmpun
 *fill*         0x100018a6        0x2 
 .text.__wrap___aeabi_i2d
                0x100018a8       0x38 CMakeFiles/hello_double_tap.dir/home/umetsu/HDD2/pico/pico-sdk/src/rp2_common/pico_double/double_aeabi_rp2040.S.obj
                0x100018a8                __wrap___aeabi_ui2d
                0x100018b0                __wrap___aeabi_i2d
 .text.__wrap___aeabi_d2iz
                0x100018e0       0x48 CMakeFiles/hello_double_tap.dir/home/umetsu/HDD2/pico/pico-sdk/src/rp2_common/pico_double/double_aeabi_rp2040.S.obj
                0x100018e0                __wrap___aeabi_d2iz
                0x100018e0                double2int_z
 .text.__wrap___aeabi_d2uiz
                0x10001928       0x18 CMakeFiles/hello_double_tap.dir/home/umetsu/HDD2/pico/pico-sdk/src/rp2_common/pico_double/double_aeabi_rp2040.S.obj
                0x10001928                double2uint
                0x10001928                __wrap___aeabi_d2uiz
 .text.__aeabi_double_init
                0x10001940       0xcc CMakeFiles/hello_double_tap.dir/home/umetsu/HDD2/pico/pico-sdk/src/rp2_common/pico_double/double_init_rom_rp2040.c.obj
                0x10001940                __aeabi_double_init
 .text.double_table_shim_on_use_helper
                0x10001a0c       0x34 CMakeFiles/hello_double_tap.dir/home/umetsu/HDD2/pico/pico-sdk/src/rp2_common/pico_double/double_v1_rom_shim_rp2040.S.obj
                0x10001a0c                double_table_shim_on_use_helper
 .text.__wrap___aeabi_dsub
                0x10001a40       0x10 CMakeFiles/hello_double_tap.dir/home/umetsu/HDD2/pico/pico-sdk/src/rp2_common/pico_double/double_v1_rom_shim_rp2040.S.obj
                0x10001a40                drsub_shim
                0x10001a46                dsub_shim
 .text.dadd_shim
                0x10001a50      0x15c CMakeFiles/hello_double_tap.dir/home/umetsu/HDD2/pico/pico-sdk/src/rp2_common/pico_double/double_v1_rom_shim_rp2040.S.obj
                0x10001a50                dadd_shim
 .text.dmul_shim
                0x10001bac      0x15c CMakeFiles/hello_double_tap.dir/home/umetsu/HDD2/pico/pico-sdk/src/rp2_common/pico_double/double_v1_rom_shim_rp2040.S.obj
                0x10001bac                dmul_shim
 .text.ddiv_shim
                0x10001d08      0x1b0 CMakeFiles/hello_double_tap.dir/home/umetsu/HDD2/pico/pico-sdk/src/rp2_common/pico_double/double_v1_rom_shim_rp2040.S.obj
                0x10001d08                ddiv_shim
 .text.double2uint_shim
                0x10001eb8        0xe CMakeFiles/hello_double_tap.dir/home/umetsu/HDD2/pico/pico-sdk/src/rp2_common/pico_double/double_v1_rom_shim_rp2040.S.obj
                0x10001eb8                double2uint_shim
                0x10001eba                double2ufix_shim
 *fill*         0x10001ec6        0x2 
 .text.double2uint64_shim
                0x10001ec8       0x70 CMakeFiles/hello_double_tap.dir/home/umetsu/HDD2/pico/pico-sdk/src/rp2_common/pico_double/double_v1_rom_shim_rp2040.S.obj
                0x10001ec8                double2uint64_shim
                0x10001eca                double2ufix64_shim
                0x10001eea                d2fix_a
 .text.dunpacks
                0x10001f38       0x3c CMakeFiles/hello_double_tap.dir/home/umetsu/HDD2/pico/pico-sdk/src/rp2_common/pico_double/double_v1_rom_shim_rp2040.S.obj
                0x10001f38                dunpacks
 .text.__aeabi_lmul
                0x10001f74       0x32 CMakeFiles/hello_double_tap.dir/home/umetsu/HDD2/pico/pico-sdk/src/rp2_common/pico_int64_ops/pico_int64_ops_aeabi.S.obj
                0x10001f74                __wrap___aeabi_lmul
 *fill*         0x10001fa6        0x2 
 .text.__aeabi_float_init
                0x10001fa8       0xfc CMakeFiles/hello_double_tap.dir/home/umetsu/HDD2/pico/pico-sdk/src/rp2_common/pico_float/float_init_rom_rp2040.c.obj
                0x10001fa8                __aeabi_float_init
 .text.float_table_shim_on_use_helper
                0x100020a4       0x34 CMakeFiles/hello_double_tap.dir/home/umetsu/HDD2/pico/pico-sdk/src/rp2_common/pico_float/float_v1_rom_shim_rp2040.S.obj
                0x100020a4                float_table_shim_on_use_helper
 .text          0x100020d8       0x10 CMakeFiles/hello_double_tap.dir/home/umetsu/HDD2/pico/pico-sdk/src/rp2_common/pico_mem_ops/mem_ops_aeabi.S.obj
                0x100020d8                __aeabi_mem_init
 .text.memcpy   0x100020e8        0xc CMakeFiles/hello_double_tap.dir/home/umetsu/HDD2/pico/pico-sdk/src/rp2_common/pico_mem_ops/mem_ops_aeabi.S.obj
                0x100020e8                __wrap___aeabi_memcpy
                0x100020e8                __wrap_memcpy
 .text._out_null
                0x100020f4        0x2 CMakeFiles/hello_double_tap.dir/home/umetsu/HDD2/pico/pico-sdk/src/rp2_common/pico_printf/printf.c.obj
 .text._out_fct
                0x100020f6        0xe CMakeFiles/hello_double_tap.dir/home/umetsu/HDD2/pico/pico-sdk/src/rp2_common/pico_printf/printf.c.obj
 .text._atoi    0x10002104       0x24 CMakeFiles/hello_double_tap.dir/home/umetsu/HDD2/pico/pico-sdk/src/rp2_common/pico_printf/printf.c.obj
 .text._out_rev
                0x10002128       0xae CMakeFiles/hello_double_tap.dir/home/umetsu/HDD2/pico/pico-sdk/src/rp2_common/pico_printf/printf.c.obj
 .text._ntoa_format
                0x100021d6      0x110 CMakeFiles/hello_double_tap.dir/home/umetsu/HDD2/pico/pico-sdk/src/rp2_common/pico_printf/printf.c.obj
 .text._ntoa_long
                0x100022e6       0xbc CMakeFiles/hello_double_tap.dir/home/umetsu/HDD2/pico/pico-sdk/src/rp2_common/pico_printf/printf.c.obj
 .text._ntoa_long_long
                0x100023a2      0x10e CMakeFiles/hello_double_tap.dir/home/umetsu/HDD2/pico/pico-sdk/src/rp2_common/pico_printf/printf.c.obj
 .text._etoa    0x100024b0      0x420 CMakeFiles/hello_double_tap.dir/home/umetsu/HDD2/pico/pico-sdk/src/rp2_common/pico_printf/printf.c.obj
 .text._ftoa    0x100028d0      0x354 CMakeFiles/hello_double_tap.dir/home/umetsu/HDD2/pico/pico-sdk/src/rp2_common/pico_printf/printf.c.obj
 .text._vsnprintf
                0x10002c24      0x668 CMakeFiles/hello_double_tap.dir/home/umetsu/HDD2/pico/pico-sdk/src/rp2_common/pico_printf/printf.c.obj
 .text.vfctprintf
                0x1000328c       0x20 CMakeFiles/hello_double_tap.dir/home/umetsu/HDD2/pico/pico-sdk/src/rp2_common/pico_printf/printf.c.obj
                0x1000328c                vfctprintf
 .text._exit    0x100032ac        0x4 CMakeFiles/hello_double_tap.dir/home/umetsu/HDD2/pico/pico-sdk/src/rp2_common/pico_clib_interface/newlib_interface.c.obj
                0x100032ac                _exit
 .text.exit     0x100032b0        0x6 CMakeFiles/hello_double_tap.dir/home/umetsu/HDD2/pico/pico-sdk/src/rp2_common/pico_clib_interface/newlib_interface.c.obj
                0x100032b0                exit
 *fill*         0x100032b6        0x2 
 .text.__assert_func
                0x100032b8       0x38 CMakeFiles/hello_double_tap.dir/home/umetsu/HDD2/pico/pico-sdk/src/rp2_common/pico_clib_interface/newlib_interface.c.obj
                0x100032b8                __assert_func
 .text.runtime_init
                0x100032f0       0x28 CMakeFiles/hello_double_tap.dir/home/umetsu/HDD2/pico/pico-sdk/src/rp2_common/pico_clib_interface/newlib_interface.c.obj
                0x100032f0                runtime_init
 .text.stdio_out_chars_no_crlf
                0x10003318        0xe CMakeFiles/hello_double_tap.dir/home/umetsu/HDD2/pico/pico-sdk/src/rp2_common/pico_stdio/stdio.c.obj
 *fill*         0x10003326        0x2 
 .text.stdio_out_chars_crlf
                0x10003328       0x80 CMakeFiles/hello_double_tap.dir/home/umetsu/HDD2/pico/pico-sdk/src/rp2_common/pico_stdio/stdio.c.obj
 .text.stdio_stack_buffer_flush
                0x100033a8       0x44 CMakeFiles/hello_double_tap.dir/home/umetsu/HDD2/pico/pico-sdk/src/rp2_common/pico_stdio/stdio.c.obj
 .text.stdio_buffered_printer
                0x100033ec       0x20 CMakeFiles/hello_double_tap.dir/home/umetsu/HDD2/pico/pico-sdk/src/rp2_common/pico_stdio/stdio.c.obj
 .text.stdout_serialize_begin
                0x1000340c       0x30 CMakeFiles/hello_double_tap.dir/home/umetsu/HDD2/pico/pico-sdk/src/rp2_common/pico_stdio/stdio.c.obj
                0x1000340c                stdout_serialize_begin
 .text.stdout_serialize_end
                0x1000343c       0x10 CMakeFiles/hello_double_tap.dir/home/umetsu/HDD2/pico/pico-sdk/src/rp2_common/pico_stdio/stdio.c.obj
                0x1000343c                stdout_serialize_end
 .text.stdio_put_string
                0x1000344c       0x94 CMakeFiles/hello_double_tap.dir/home/umetsu/HDD2/pico/pico-sdk/src/rp2_common/pico_stdio/stdio.c.obj
                0x1000344c                stdio_put_string
 .text.stdio_flush
                0x100034e0       0x20 CMakeFiles/hello_double_tap.dir/home/umetsu/HDD2/pico/pico-sdk/src/rp2_common/pico_stdio/stdio.c.obj
                0x100034e0                stdio_flush
 .text.__wrap_puts
                0x10003500       0x1e CMakeFiles/hello_double_tap.dir/home/umetsu/HDD2/pico/pico-sdk/src/rp2_common/pico_stdio/stdio.c.obj
                0x10003500                __wrap_puts
                0x10003500                stdio_puts
 *fill*         0x1000351e        0x2 
 .text.__wrap_vprintf
                0x10003520       0x40 CMakeFiles/hello_double_tap.dir/home/umetsu/HDD2/pico/pico-sdk/src/rp2_common/pico_stdio/stdio.c.obj
                0x10003520                __wrap_vprintf
                0x10003520                stdio_vprintf
 .text.__wrap_printf
                0x10003560       0x18 CMakeFiles/hello_double_tap.dir/home/umetsu/HDD2/pico/pico-sdk/src/rp2_common/pico_stdio/stdio.c.obj
                0x10003560                stdio_printf
                0x10003560                __wrap_printf
 .text.boot_double_tap_check
                0x10003578       0x5c CMakeFiles/hello_double_tap.dir/home/umetsu/HDD2/pico/pico-sdk/src/rp2_common/pico_bootsel_via_double_reset/pico_bootsel_via_double_reset.c.obj
 .text          0x100035d4       0x10 /usr/lib/gcc/arm-none-eabi/13.2.1/../../../arm-none-eabi/lib/thumb/v6-m/nofp/libg.a(libc_a-atexit.o)
                0x100035d4                atexit
 .text          0x100035e4       0x5c /usr/lib/gcc/arm-none-eabi/13.2.1/../../../arm-none-eabi/lib/thumb/v6-m/nofp/libg.a(libc_a-strlen-stub.o)
                0x100035e4                strlen
 .text          0x10003640       0x28 /usr/lib/gcc/arm-none-eabi/13.2.1/../../../arm-none-eabi/lib/thumb/v6-m/nofp/libg.a(libc_a-fini.o)
                0x10003640                __libc_fini_array
 .text          0x10003668       0x78 /usr/lib/gcc/arm-none-eabi/13.2.1/../../../arm-none-eabi/lib/thumb/v6-m/nofp/libg.a(libc_a-__atexit.o)
                0x10003668                __register_exitproc
 .text.startup  0x100036e0       0x18 /usr/lib/gcc/arm-none-eabi/13.2.1/../../../arm-none-eabi/lib/thumb/v6-m/nofp/libg.a(libc_a-__call_atexit.o)
 *(.fini)
 .fini          0x100036f8        0x4 /usr/lib/gcc/arm-none-eabi/13.2.1/thumb/v6-m/nofp/crti.o
                0x100036f8                _fini
 *fill*         0x100036fc        0x4 
 .fini.__stub   0x10003700       0x40 linker stubs
 *crtbegin.o(.ctors)
 *crtbegin?.o(.ctors)
 *(EXCLUDE_FILE(*crtend.o *crtend?.o) .ctors)
 *(SORT_BY_NAME(.ctors.*))
 *(.ctors)
 *crtbegin.o(.dtors)
 *crtbegin?.o(.dtors)
 *(EXCLUDE_FILE(*crtend.o *crtend?.o) .dtors)
 *(SORT_BY_NAME(.dtors.*))
 *(.dtors)
                0x10003740                        . = ALIGN (0x4)
                0x10003740                        PROVIDE (__preinit_array_start = .)
 *(SORT_BY_NAME(.preinit_array.*))
 .preinit_array.00100
                0x10003740        0x4 CMakeFiles/hello_double_tap.dir/home/umetsu/HDD2/pico/pico-sdk/src/rp2_common/pico_runtime_init/runtime_init.c.obj
                0x10003740                __pre_init_runtime_init_early_resets
 .preinit_array.00101
                0x10003744        0x4 CMakeFiles/hello_double_tap.dir/home/umetsu/HDD2/pico/pico-sdk/src/rp2_common/pico_runtime_init/runtime_init.c.obj
                0x10003744                __pre_init_runtime_init_usb_power_down
 .preinit_array.00275
                0x10003748        0x4 CMakeFiles/hello_double_tap.dir/home/umetsu/HDD2/pico/pico-sdk/src/rp2_common/pico_bit_ops/bit_ops_aeabi.S.obj
 .preinit_array.00300
                0x1000374c        0x4 CMakeFiles/hello_double_tap.dir/home/umetsu/HDD2/pico/pico-sdk/src/rp2_common/pico_mem_ops/mem_ops_aeabi.S.obj
 .preinit_array.00350
                0x10003750        0x4 CMakeFiles/hello_double_tap.dir/home/umetsu/HDD2/pico/pico-sdk/src/rp2_common/pico_double/double_aeabi_rp2040.S.obj
 .preinit_array.00350
                0x10003754        0x4 CMakeFiles/hello_double_tap.dir/home/umetsu/HDD2/pico/pico-sdk/src/rp2_common/pico_float/float_aeabi_rp2040.S.obj
 .preinit_array.00500
                0x10003758        0x4 CMakeFiles/hello_double_tap.dir/home/umetsu/HDD2/pico/pico-sdk/src/rp2_common/pico_runtime_init/runtime_init.c.obj
                0x10003758                __pre_init_runtime_init_clocks
 .preinit_array.00600
                0x1000375c        0x4 CMakeFiles/hello_double_tap.dir/home/umetsu/HDD2/pico/pico-sdk/src/rp2_common/pico_runtime_init/runtime_init.c.obj
                0x1000375c                __pre_init_runtime_init_post_clock_resets
 .preinit_array.00700
                0x10003760        0x4 CMakeFiles/hello_double_tap.dir/home/umetsu/HDD2/pico/pico-sdk/src/rp2_common/pico_runtime_init/runtime_init.c.obj
                0x10003760                __pre_init_runtime_init_rp2040_gpio_ie_disable
 .preinit_array.01000
                0x10003764        0x4 CMakeFiles/hello_double_tap.dir/home/umetsu/HDD2/pico/pico-sdk/src/rp2_common/pico_runtime_init/runtime_init.c.obj
                0x10003764                __pre_init_runtime_init_spin_locks_reset
 .preinit_array.01100
                0x10003768        0x4 CMakeFiles/hello_double_tap.dir/home/umetsu/HDD2/pico/pico-sdk/src/common/pico_sync/mutex.c.obj
                0x10003768                __pre_init_runtime_init_mutex
 .preinit_array.10080
                0x1000376c        0x4 CMakeFiles/hello_double_tap.dir/home/umetsu/HDD2/pico/pico-sdk/src/rp2_common/pico_runtime_init/runtime_init.c.obj
                0x1000376c                __pre_init_runtime_init_install_ram_vector_table
 .preinit_array.11000
                0x10003770        0x4 CMakeFiles/hello_double_tap.dir/home/umetsu/HDD2/pico/pico-sdk/src/common/pico_time/time.c.obj
                0x10003770                __pre_init_runtime_init_default_alarm_pool
 .preinit_array.YYYYY
                0x10003774        0x4 CMakeFiles/hello_double_tap.dir/home/umetsu/HDD2/pico/pico-sdk/src/rp2_common/pico_runtime/runtime.c.obj
                0x10003774                __pre_init_first_per_core_initializer
 .preinit_array.ZZZZZ.01200
                0x10003778        0x4 CMakeFiles/hello_double_tap.dir/home/umetsu/HDD2/pico/pico-sdk/src/rp2_common/hardware_irq/irq.c.obj
                0x10003778                __pre_init_runtime_init_per_core_irq_priorities
 *(.preinit_array)
                0x1000377c                        PROVIDE (__preinit_array_end = .)
                0x1000377c                        . = ALIGN (0x4)
                0x1000377c                        PROVIDE (__init_array_start = .)
 *(SORT_BY_NAME(.init_array.*))
 .init_array.00000
                0x1000377c        0x4 /usr/lib/gcc/arm-none-eabi/13.2.1/../../../arm-none-eabi/lib/thumb/v6-m/nofp/libg.a(libc_a-__call_atexit.o)
 *(.init_array)
 .init_array    0x10003780        0x4 /usr/lib/gcc/arm-none-eabi/13.2.1/thumb/v6-m/nofp/crtbegin.o
 .init_array    0x10003784        0x4 CMakeFiles/hello_double_tap.dir/home/umetsu/HDD2/pico/pico-sdk/src/rp2_common/pico_bootsel_via_double_reset/pico_bootsel_via_double_reset.c.obj
                0x10003788                        PROVIDE (__init_array_end = .)
                0x10003788                        . = ALIGN (0x4)
                0x10003788                        PROVIDE (__fini_array_start = .)
 *(SORT_BY_NAME(.fini_array.*))
 *(.fini_array)
                0x10003788                        PROVIDE (__fini_array_end = .)
 *(.eh_frame*)
 .eh_frame      0x10003788        0x0 /usr/lib/gcc/arm-none-eabi/13.2.1/thumb/v6-m/nofp/crtbegin.o
                0x10003788                        . = ALIGN (0x4)

.glue_7         0x10003788        0x0
 .glue_7        0x10003788        0x0 linker stubs

.glue_7t        0x10003788        0x0
 .glue_7t       0x10003788        0x0 linker stubs

.vfp11_veneer   0x10003788        0x0
 .vfp11_veneer  0x10003788        0x0 linker stubs

.v4_bx          0x10003788        0x0
 .v4_bx         0x10003788        0x0 linker stubs

.iplt           0x10003788        0x0
 .iplt          0x10003788        0x0 /usr/lib/gcc/arm-none-eabi/13.2.1/thumb/v6-m/nofp/crtbegin.o

.rodata         0x10003788      0x8a4
 *(EXCLUDE_FILE(*libm.a: *libc.a:*lib_a-mem*.o *libgcc.a:) .rodata*)
 .rodata.panic.str1.4
                0x10003788      0x58c CMakeFiles/hello_double_tap.dir/home/umetsu/HDD2/pico/pico-sdk/src/rp2_common/pico_platform_panic/panic.c.obj
                                 0x12 (size before relaxing)
 .rodata.resolve_j_16.str1.4
                0x10003d14       0x5a CMakeFiles/hello_double_tap.dir/home/umetsu/HDD2/pico/pico-sdk/src/rp2_common/hardware_irq/irq.c.obj
 .rodata.irq_set_exclusive_handler.str1.4
                0x10003d14       0x36 CMakeFiles/hello_double_tap.dir/home/umetsu/HDD2/pico/pico-sdk/src/rp2_common/hardware_irq/irq.c.obj
 .rodata.__func__.6
                0x10003d14       0x1a CMakeFiles/hello_double_tap.dir/home/umetsu/HDD2/pico/pico-sdk/src/rp2_common/hardware_irq/irq.c.obj
 .rodata.runtime_init_mutex.str1.4
                0x10003d2e       0x5d CMakeFiles/hello_double_tap.dir/home/umetsu/HDD2/pico/pico-sdk/src/common/pico_sync/mutex.c.obj
 .rodata.str1.4
                0x10003d2e       0x51 CMakeFiles/hello_double_tap.dir/home/umetsu/HDD2/pico/pico-sdk/src/common/pico_sync/mutex.c.obj
 *fill*         0x10003d2e        0x2 
 .rodata.__func__.1
                0x10003d30        0xb CMakeFiles/hello_double_tap.dir/home/umetsu/HDD2/pico/pico-sdk/src/common/pico_sync/mutex.c.obj
 *fill*         0x10003d3b        0x1 
 .rodata.__func__.3
                0x10003d3c       0x18 CMakeFiles/hello_double_tap.dir/home/umetsu/HDD2/pico/pico-sdk/src/common/pico_sync/mutex.c.obj
 .rodata.__func__.6
                0x10003d54       0x13 CMakeFiles/hello_double_tap.dir/home/umetsu/HDD2/pico/pico-sdk/src/common/pico_sync/mutex.c.obj
 .rodata.alarm_pool_irq_handler.str1.4
                0x10003d67       0x68 CMakeFiles/hello_double_tap.dir/home/umetsu/HDD2/pico/pico-sdk/src/common/pico_time/time.c.obj
 .rodata.alarm_pool_get_default.str1.4
                0x10003d67       0x21 CMakeFiles/hello_double_tap.dir/home/umetsu/HDD2/pico/pico-sdk/src/common/pico_time/time.c.obj
 .rodata.sleep_until.str1.4
                0x10003d67       0x4d CMakeFiles/hello_double_tap.dir/home/umetsu/HDD2/pico/pico-sdk/src/common/pico_time/time.c.obj
 *fill*         0x10003d67        0x1 
 .rodata.__func__.1
                0x10003d68       0x17 CMakeFiles/hello_double_tap.dir/home/umetsu/HDD2/pico/pico-sdk/src/common/pico_time/time.c.obj
 *fill*         0x10003d7f        0x1 
 .rodata.__func__.2
                0x10003d80       0x17 CMakeFiles/hello_double_tap.dir/home/umetsu/HDD2/pico/pico-sdk/src/common/pico_time/time.c.obj
 .rodata.timer_hardware_alarm_claim.str1.4
                0x10003d97       0x22 CMakeFiles/hello_double_tap.dir/home/umetsu/HDD2/pico/pico-sdk/src/rp2_common/hardware_timer/timer.c.obj
 .rodata.pll_init.str1.4
                0x10003d97      0x118 CMakeFiles/hello_double_tap.dir/home/umetsu/HDD2/pico/pico-sdk/src/rp2_common/hardware_pll/pll.c.obj
 *fill*         0x10003d97        0x1 
 .rodata.__func__.0
                0x10003d98        0x9 CMakeFiles/hello_double_tap.dir/home/umetsu/HDD2/pico/pico-sdk/src/rp2_common/hardware_pll/pll.c.obj
 .rodata.__aeabi_double_init.str1.4
                0x10003da1       0x98 CMakeFiles/hello_double_tap.dir/home/umetsu/HDD2/pico/pico-sdk/src/rp2_common/pico_double/double_init_rom_rp2040.c.obj
 *fill*         0x10003da1        0x3 
 .rodata.__func__.0
                0x10003da4       0x14 CMakeFiles/hello_double_tap.dir/home/umetsu/HDD2/pico/pico-sdk/src/rp2_common/pico_double/double_init_rom_rp2040.c.obj
 .rodata.__aeabi_float_init.str1.4
                0x10003db8       0x8a CMakeFiles/hello_double_tap.dir/home/umetsu/HDD2/pico/pico-sdk/src/rp2_common/pico_float/float_init_rom_rp2040.c.obj
 .rodata.__func__.0
                0x10003db8       0x13 CMakeFiles/hello_double_tap.dir/home/umetsu/HDD2/pico/pico-sdk/src/rp2_common/pico_float/float_init_rom_rp2040.c.obj
 .rodata.str1.4
                0x10003dcb       0x88 CMakeFiles/hello_double_tap.dir/home/umetsu/HDD2/pico/pico-sdk/src/rp2_common/pico_standard_binary_info/standard_binary_info.c.obj
 *fill*         0x10003dcb        0x1 
 .rodata.__bi_84
                0x10003dcc        0xc CMakeFiles/hello_double_tap.dir/home/umetsu/HDD2/pico/pico-sdk/src/rp2_common/pico_standard_binary_info/standard_binary_info.c.obj
 .rodata.__bi_72
                0x10003dd8        0xc CMakeFiles/hello_double_tap.dir/home/umetsu/HDD2/pico/pico-sdk/src/rp2_common/pico_standard_binary_info/standard_binary_info.c.obj
 .rodata.__bi_54
                0x10003de4        0xc CMakeFiles/hello_double_tap.dir/home/umetsu/HDD2/pico/pico-sdk/src/rp2_common/pico_standard_binary_info/standard_binary_info.c.obj
 .rodata.__bi_48
                0x10003df0        0xc CMakeFiles/hello_double_tap.dir/home/umetsu/HDD2/pico/pico-sdk/src/rp2_common/pico_standard_binary_info/standard_binary_info.c.obj
 .rodata.__bi_42
                0x10003dfc        0xc CMakeFiles/hello_double_tap.dir/home/umetsu/HDD2/pico/pico-sdk/src/rp2_common/pico_standard_binary_info/standard_binary_info.c.obj
 .rodata.__bi_34
                0x10003e08        0xc CMakeFiles/hello_double_tap.dir/home/umetsu/HDD2/pico/pico-sdk/src/rp2_common/pico_standard_binary_info/standard_binary_info.c.obj
 .rodata.__bi_26
                0x10003e14        0xc CMakeFiles/hello_double_tap.dir/home/umetsu/HDD2/pico/pico-sdk/src/rp2_common/pico_standard_binary_info/standard_binary_info.c.obj
 .rodata._ftoa.str1.4
                0x10003e20       0x15 CMakeFiles/hello_double_tap.dir/home/umetsu/HDD2/pico/pico-sdk/src/rp2_common/pico_printf/printf.c.obj
 .rodata._vsnprintf
                0x10003e20      0x19c CMakeFiles/hello_double_tap.dir/home/umetsu/HDD2/pico/pico-sdk/src/rp2_common/pico_printf/printf.c.obj
 *fill*         0x10003fbc        0x4 
 .rodata.pow10.0
                0x10003fc0       0x50 CMakeFiles/hello_double_tap.dir/home/umetsu/HDD2/pico/pico-sdk/src/rp2_common/pico_printf/printf.c.obj
 .rodata.__assert_func.str1.4
                0x10004010       0x43 CMakeFiles/hello_double_tap.dir/home/umetsu/HDD2/pico/pico-sdk/src/rp2_common/pico_clib_interface/newlib_interface.c.obj
 .rodata.crlf_str.0
                0x10004010        0x2 CMakeFiles/hello_double_tap.dir/home/umetsu/HDD2/pico/pico-sdk/src/rp2_common/pico_stdio/stdio.c.obj
 *fill*         0x10004012        0x2 
 .rodata.magic_token
                0x10004014        0xc CMakeFiles/hello_double_tap.dir/home/umetsu/HDD2/pico/pico-sdk/src/rp2_common/pico_bootsel_via_double_reset/pico_bootsel_via_double_reset.c.obj
 .rodata.str1.4
                0x10004020       0x18 CMakeFiles/hello_double_tap.dir/home/umetsu/HDD2/pico/pico-sdk/src/rp2_common/pico_bootsel_via_double_reset/pico_bootsel_via_double_reset.c.obj
 .rodata.__bi_41
                0x10004020        0xc CMakeFiles/hello_double_tap.dir/home/umetsu/HDD2/pico/pico-sdk/src/rp2_common/pico_bootsel_via_double_reset/pico_bootsel_via_double_reset.c.obj
                0x10004038                        . = ALIGN (0x4)
 *(SORT_BY_ALIGNMENT(SORT_BY_NAME(.flashdata*)))
                0x10004038                        . = ALIGN (0x4)

.ARM.extab
 *(.ARM.extab* .gnu.linkonce.armextab.*)
                0x1000402c                        __exidx_start = .

.ARM.exidx
 *(.ARM.exidx* .gnu.linkonce.armexidx.*)
                0x1000402c                        __exidx_end = .
                0x10004038                        . = ALIGN (0x4)
                0x1000402c                        __binary_info_start = .

.binary_info    0x1000402c       0x20
 *(.binary_info.keep.*)
 .binary_info.keep.__bi_ptr84
                0x1000402c        0x4 CMakeFiles/hello_double_tap.dir/home/umetsu/HDD2/pico/pico-sdk/src/rp2_common/pico_standard_binary_info/standard_binary_info.c.obj
 .binary_info.keep.__bi_ptr72
                0x10004030        0x4 CMakeFiles/hello_double_tap.dir/home/umetsu/HDD2/pico/pico-sdk/src/rp2_common/pico_standard_binary_info/standard_binary_info.c.obj
 .binary_info.keep.__bi_ptr54
                0x10004034        0x4 CMakeFiles/hello_double_tap.dir/home/umetsu/HDD2/pico/pico-sdk/src/rp2_common/pico_standard_binary_info/standard_binary_info.c.obj
 .binary_info.keep.__bi_ptr48
                0x10004038        0x4 CMakeFiles/hello_double_tap.dir/home/umetsu/HDD2/pico/pico-sdk/src/rp2_common/pico_standard_binary_info/standard_binary_info.c.obj
 .binary_info.keep.__bi_ptr42
                0x1000403c        0x4 CMakeFiles/hello_double_tap.dir/home/umetsu/HDD2/pico/pico-sdk/src/rp2_common/pico_standard_binary_info/standard_binary_info.c.obj
 .binary_info.keep.__bi_ptr34
                0x10004040        0x4 CMakeFiles/hello_double_tap.dir/home/umetsu/HDD2/pico/pico-sdk/src/rp2_common/pico_standard_binary_info/standard_binary_info.c.obj
 .binary_info.keep.__bi_ptr26
                0x10004044        0x4 CMakeFiles/hello_double_tap.dir/home/umetsu/HDD2/pico/pico-sdk/src/rp2_common/pico_standard_binary_info/standard_binary_info.c.obj
 .binary_info.keep.__bi_ptr41
                0x10004048        0x4 CMakeFiles/hello_double_tap.dir/home/umetsu/HDD2/pico/pico-sdk/src/rp2_common/pico_bootsel_via_double_reset/pico_bootsel_via_double_reset.c.obj
 *(.binary_info.*)
                0x1000404c                        __binary_info_end = .

.rel.dyn        0x1000404c        0x0
 .rel.iplt      0x1000404c        0x0 /usr/lib/gcc/arm-none-eabi/13.2.1/thumb/v6-m/nofp/crtbegin.o
                0x1000404c                        . = ALIGN (0x4)

.ram_vector_table
                0x20000000       0xc0
 *(.ram_vector_table)
 .ram_vector_table
                0x20000000       0xc0 CMakeFiles/hello_double_tap.dir/home/umetsu/HDD2/pico/pico-sdk/src/rp2_common/pico_runtime_init/runtime_init.c.obj
                0x20000000                ram_vector_table

.uninitialized_data
                0x200000c0        0xc
                0x200000c0                        . = ALIGN (0x4)
 *(.uninitialized_data*)
 .uninitialized_data.magic_location
                0x200000c0        0xc CMakeFiles/hello_double_tap.dir/home/umetsu/HDD2/pico/pico-sdk/src/rp2_common/pico_bootsel_via_double_reset/pico_bootsel_via_double_reset.c.obj

.data           0x200000d0      0x1c8 load address 0x1000404c
                0x200000d0                        __data_start__ = .
 *(vtable)
 *(.time_critical*)
 .time_critical.mutex_try_enter
                0x200000d0       0x48 CMakeFiles/hello_double_tap.dir/home/umetsu/HDD2/pico/pico-sdk/src/common/pico_sync/mutex.c.obj
                0x200000d0                mutex_try_enter
 .time_critical.mutex_enter_block_until
                0x20000118       0x90 CMakeFiles/hello_double_tap.dir/home/umetsu/HDD2/pico/pico-sdk/src/common/pico_sync/mutex.c.obj
                0x20000118                mutex_enter_block_until
 .time_critical.mutex_try_enter_block_until
                0x200001a8       0x34 CMakeFiles/hello_double_tap.dir/home/umetsu/HDD2/pico/pico-sdk/src/common/pico_sync/mutex.c.obj
                0x200001a8                mutex_try_enter_block_until
 .time_critical.mutex_exit
                0x200001dc       0x4c CMakeFiles/hello_double_tap.dir/home/umetsu/HDD2/pico/pico-sdk/src/common/pico_sync/mutex.c.obj
                0x200001dc                mutex_exit
 *(.text*)
 .text          0x20000228        0x4 /usr/lib/gcc/arm-none-eabi/13.2.1/thumb/v6-m/nofp/libgcc.a(_dvmd_tls.o)
                0x20000228                __aeabi_ldiv0
                0x20000228                __aeabi_idiv0
 *fill*         0x2000022c        0x4 
 .text.__stub   0x20000230       0x20 linker stubs
                0x20000250                        . = ALIGN (0x4)
 *(.rodata*)
                0x20000250                        . = ALIGN (0x4)
 *(.data*)
 .data.striped_spin_lock_num
                0x20000250        0x1 CMakeFiles/hello_double_tap.dir/home/umetsu/HDD2/pico/pico-sdk/src/rp2_common/hardware_sync/sync.c.obj
 *fill*         0x20000251        0x3 
 .data.default_alarm_pool
                0x20000254       0x18 CMakeFiles/hello_double_tap.dir/home/umetsu/HDD2/pico/pico-sdk/src/common/pico_time/time.c.obj
 *fill*         0x2000026c        0x4 
 .data.aeabi_bits_funcs
                0x20000270       0x10 CMakeFiles/hello_double_tap.dir/home/umetsu/HDD2/pico/pico-sdk/src/rp2_common/pico_bit_ops/bit_ops_aeabi.S.obj
                0x20000270                aeabi_bits_funcs
                0x20000280                aeabi_bits_funcs_end
 .data.aeabi_mem_funcs
                0x20000280       0x10 CMakeFiles/hello_double_tap.dir/home/umetsu/HDD2/pico/pico-sdk/src/rp2_common/pico_mem_ops/mem_ops_aeabi.S.obj
                0x20000280                aeabi_mem_funcs
                0x20000290                aeabi_mem_funcs_end
                0x20000290                        . = ALIGN (0x4)
 *(.after_data.*)
                0x20000290                        . = ALIGN (0x4)
                0x20000290                        PROVIDE (__mutex_array_start = .)
 *(SORT_BY_NAME(.mutex_array.*))
 *(.mutex_array)
 .mutex_array   0x20000290        0x8 CMakeFiles/hello_double_tap.dir/home/umetsu/HDD2/pico/pico-sdk/src/rp2_common/pico_stdio/stdio.c.obj
                0x20000298                        PROVIDE (__mutex_array_end = .)
                0x20000298                        . = ALIGN (0x4)
 *(.jcr)
                0x20000298                        . = ALIGN (0x4)

.tm_clone_table
                0x20000298        0x0 load address 0x10004214
 .tm_clone_table
                0x20000298        0x0 /usr/lib/gcc/arm-none-eabi/13.2.1/thumb/v6-m/nofp/crtbegin.o
 .tm_clone_table
                0x20000298        0x0 /usr/lib/gcc/arm-none-eabi/13.2.1/thumb/v6-m/nofp/crtend.o

.igot.plt       0x20000298        0x0 load address 0x10004214
 .igot.plt      0x20000298        0x0 /usr/lib/gcc/arm-none-eabi/13.2.1/thumb/v6-m/nofp/crtbegin.o

.tdata          0x20000298        0x0 load address 0x10004214
                0x20000298                        . = ALIGN (0x4)
 *(.tdata .tdata.* .gnu.linkonce.td.*)
                0x20000298                        __tdata_end = .
                0x20000298                        PROVIDE (__data_end__ = .)
                0x1000404c                        __etext = LOADADDR (.data)

.tbss           0x20000298        0x0 load address 0x10004214
                0x20000298                        . = ALIGN (0x4)
                0x20000298                        __bss_start__ = .
                0x20000298                        __tls_base = .
 *(.tbss .tbss.* .gnu.linkonce.tb.*)
 *(.tcommon)
                0x20000298                        __tls_end = .

.bss            0x20000298      0x57c load address 0x10004214
                0x20000298                        . = ALIGN (0x4)
                0x20000298                        __tbss_end = .
 *(SORT_BY_ALIGNMENT(SORT_BY_NAME(.bss*)))
 .bss.default_alarm_pool_entries
                0x20000298      0x180 CMakeFiles/hello_double_tap.dir/home/umetsu/HDD2/pico/pico-sdk/src/common/pico_time/time.c.obj
 .bss           0x20000418       0x1c /usr/lib/gcc/arm-none-eabi/13.2.1/thumb/v6-m/nofp/crtbegin.o
 .bss           0x20000434      0x190 /usr/lib/gcc/arm-none-eabi/13.2.1/../../../arm-none-eabi/lib/thumb/v6-m/nofp/libg.a(libc_a-__atexit.o)
                0x20000434                __atexit0
 .bss           0x200005c4        0x4 /usr/lib/gcc/arm-none-eabi/13.2.1/../../../arm-none-eabi/lib/thumb/v6-m/nofp/libg.a(libc_a-__call_atexit.o)
                0x200005c4                __atexit
 .bss.claimed   0x200005c8        0x1 CMakeFiles/hello_double_tap.dir/home/umetsu/HDD2/pico/pico-sdk/src/rp2_common/hardware_timer/timer.c.obj
 *fill*         0x200005c9        0x3 
 .bss.configured_freq
                0x200005cc       0x28 CMakeFiles/hello_double_tap.dir/home/umetsu/HDD2/pico/pico-sdk/src/rp2_common/hardware_clocks/clocks.c.obj
 .bss.drivers   0x200005f4        0x4 CMakeFiles/hello_double_tap.dir/home/umetsu/HDD2/pico/pico-sdk/src/rp2_common/pico_stdio/stdio.c.obj
 .bss.filter    0x200005f8        0x4 CMakeFiles/hello_double_tap.dir/home/umetsu/HDD2/pico/pico-sdk/src/rp2_common/pico_stdio/stdio.c.obj
 .bss.pools     0x200005fc       0x10 CMakeFiles/hello_double_tap.dir/home/umetsu/HDD2/pico/pico-sdk/src/common/pico_time/time.c.obj
 .bss.sd_table  0x2000060c      0x100 CMakeFiles/hello_double_tap.dir/home/umetsu/HDD2/pico/pico-sdk/src/rp2_common/pico_double/double_init_rom_rp2040.c.obj
                0x2000060c                sd_table
 .bss.sf_clz_func
                0x2000070c        0x4 CMakeFiles/hello_double_tap.dir/home/umetsu/HDD2/pico/pico-sdk/src/rp2_common/pico_double/double_init_rom_rp2040.c.obj
                0x2000070c                sf_clz_func
 .bss.sf_table  0x20000710      0x100 CMakeFiles/hello_double_tap.dir/home/umetsu/HDD2/pico/pico-sdk/src/rp2_common/pico_float/float_init_rom_rp2040.c.obj
                0x20000710                sf_table
 .bss.sleep_notifier
                0x20000810        0x4 CMakeFiles/hello_double_tap.dir/home/umetsu/HDD2/pico/pico-sdk/src/common/pico_time/time.c.obj
 *(COMMON)
                0x20000814                        . = ALIGN (0x4)
                0x20000814                        __bss_end__ = .

.heap           0x20000814    0x3f7ec load address 0x10004214
                0x20000814                        __end__ = .
                0x20000814                        end = __end__
 *(.heap*)
 .heap          0x20000814      0x800 CMakeFiles/hello_double_tap.dir/home/umetsu/HDD2/pico/pico-sdk/src/rp2_common/pico_crt0/crt0.S.obj
                0x20040000                        . = (ORIGIN (RAM) + LENGTH (RAM))
 *fill*         0x20001014    0x3efec 
                0x20040000                        __HeapLimit = .

.scratch_x      0x20040000        0x0 load address 0x10004214
                0x20040000                        __scratch_x_start__ = .
 *(.scratch_x.*)
                0x20040000                        . = ALIGN (0x4)
                0x20040000                        __scratch_x_end__ = .
                0x10004214                        __scratch_x_source__ = LOADADDR (.scratch_x)

.scratch_y      0x20041000        0x0 load address 0x10004214
                0x20041000                        __scratch_y_start__ = .
 *(.scratch_y.*)
                0x20041000                        . = ALIGN (0x4)
                0x20041000                        __scratch_y_end__ = .
                0x10004214                        __scratch_y_source__ = LOADADDR (.scratch_y)

.stack1_dummy
 *(.stack1*)

.stack_dummy    0x20041000      0x800
 *(.stack*)
 .stack         0x20041000      0x800 CMakeFiles/hello_double_tap.dir/home/umetsu/HDD2/pico/pico-sdk/src/rp2_common/pico_crt0/crt0.S.obj

.flash_end      0x10004214        0x0
 *(.embedded_end_block*)
                0x10004214                        PROVIDE (__flash_binary_end = .)
                0x20040000                        __StackLimit = (ORIGIN (RAM) + LENGTH (RAM))
                0x20041000                        __StackOneTop = (ORIGIN (SCRATCH_X) + LENGTH (SCRATCH_X))
                0x20042000                        __StackTop = (ORIGIN (SCRATCH_Y) + LENGTH (SCRATCH_Y))
                0x20041000                        __StackOneBottom = (__StackOneTop - SIZEOF (.stack1_dummy))
                0x20041800                        __StackBottom = (__StackTop - SIZEOF (.stack_dummy))
                0x20042000                        PROVIDE (__stack = __StackTop)
                [!provide]                        PROVIDE (__heap_start = __end__)
                [!provide]                        PROVIDE (__heap_end = __HeapLimit)
                [!provide]                        PROVIDE (__tls_align = MAX (ALIGNOF (.tdata), ALIGNOF (.tbss)))
                [!provide]                        PROVIDE (__tls_size_align = (((__tls_size + __tls_align) - 0x1) & ~ ((__tls_align - 0x1))))
                [!provide]                        PROVIDE (__arm32_tls_tcb_offset = MAX (0x8, __tls_align))
                [!provide]                        PROVIDE (_end = __end__)
                [!provide]                        PROVIDE (__llvm_libc_heap_limit = __HeapLimit)
                0x00000001                        ASSERT ((__StackLimit >= __HeapLimit), region RAM overflowed)
                0x00000001                        ASSERT (((__binary_info_header_end - __logical_binary_start) <= 0x100), Binary info must be in first 256 bytes of the binary)
LOAD CMakeFiles/hello_double_tap.dir/hello_double_tap.c.obj
LOAD CMakeFiles/hello_double_tap.dir/home/umetsu/HDD2/pico/pico-sdk/src/rp2_common/pico_stdlib/stdlib.c.obj
LOAD CMakeFiles/hello_double_tap.dir/home/umetsu/HDD2/pico/pico-sdk/src/rp2_common/hardware_gpio/gpio.c.obj
LOAD CMakeFiles/hello_double_tap.dir/home/umetsu/HDD2/pico/pico-sdk/src/rp2040/pico_platform/platform.c.obj
LOAD CMakeFiles/hello_double_tap.dir/home/umetsu/HDD2/pico/pico-sdk/src/rp2_common/pico_platform_panic/panic.c.obj
LOAD CMakeFiles/hello_double_tap.dir/home/umetsu/HDD2/pico/pico-sdk/src/common/hardware_claim/claim.c.obj
LOAD CMakeFiles/hello_double_tap.dir/home/umetsu/HDD2/pico/pico-sdk/src/rp2_common/hardware_sync/sync.c.obj
LOAD CMakeFiles/hello_double_tap.dir/home/umetsu/HDD2/pico/pico-sdk/src/rp2_common/hardware_sync_spin_lock/sync_spin_lock.c.obj
LOAD CMakeFiles/hello_double_tap.dir/home/umetsu/HDD2/pico/pico-sdk/src/rp2_common/hardware_irq/irq.c.obj
LOAD CMakeFiles/hello_double_tap.dir/home/umetsu/HDD2/pico/pico-sdk/src/rp2_common/hardware_irq/irq_handler_chain.S.obj
LOAD CMakeFiles/hello_double_tap.dir/home/umetsu/HDD2/pico/pico-sdk/src/common/pico_sync/sem.c.obj
LOAD CMakeFiles/hello_double_tap.dir/home/umetsu/HDD2/pico/pico-sdk/src/common/pico_sync/lock_core.c.obj
LOAD CMakeFiles/hello_double_tap.dir/home/umetsu/HDD2/pico/pico-sdk/src/common/pico_sync/mutex.c.obj
LOAD CMakeFiles/hello_double_tap.dir/home/umetsu/HDD2/pico/pico-sdk/src/common/pico_sync/critical_section.c.obj
LOAD CMakeFiles/hello_double_tap.dir/home/umetsu/HDD2/pico/pico-sdk/src/common/pico_time/time.c.obj
LOAD CMakeFiles/hello_double_tap.dir/home/umetsu/HDD2/pico/pico-sdk/src/common/pico_time/timeout_helper.c.obj
LOAD CMakeFiles/hello_double_tap.dir/home/umetsu/HDD2/pico/pico-sdk/src/rp2_common/hardware_timer/timer.c.obj
LOAD CMakeFiles/hello_double_tap.dir/home/umetsu/HDD2/pico/pico-sdk/src/common/pico_util/datetime.c.obj
LOAD CMakeFiles/hello_double_tap.dir/home/umetsu/HDD2/pico/pico-sdk/src/common/pico_util/pheap.c.obj
LOAD CMakeFiles/hello_double_tap.dir/home/umetsu/HDD2/pico/pico-sdk/src/common/pico_util/queue.c.obj
LOAD CMakeFiles/hello_double_tap.dir/home/umetsu/HDD2/pico/pico-sdk/src/rp2_common/hardware_uart/uart.c.obj
LOAD CMakeFiles/hello_double_tap.dir/home/umetsu/HDD2/pico/pico-sdk/src/rp2_common/hardware_clocks/clocks.c.obj
LOAD CMakeFiles/hello_double_tap.dir/home/umetsu/HDD2/pico/pico-sdk/src/rp2_common/hardware_pll/pll.c.obj
LOAD CMakeFiles/hello_double_tap.dir/home/umetsu/HDD2/pico/pico-sdk/src/rp2_common/hardware_vreg/vreg.c.obj
LOAD CMakeFiles/hello_double_tap.dir/home/umetsu/HDD2/pico/pico-sdk/src/rp2_common/hardware_watchdog/watchdog.c.obj
LOAD CMakeFiles/hello_double_tap.dir/home/umetsu/HDD2/pico/pico-sdk/src/rp2_common/hardware_ticks/ticks.c.obj
LOAD CMakeFiles/hello_double_tap.dir/home/umetsu/HDD2/pico/pico-sdk/src/rp2_common/hardware_xosc/xosc.c.obj
LOAD CMakeFiles/hello_double_tap.dir/home/umetsu/HDD2/pico/pico-sdk/src/rp2_common/hardware_divider/divider.S.obj
LOAD CMakeFiles/hello_double_tap.dir/home/umetsu/HDD2/pico/pico-sdk/src/rp2_common/pico_runtime/runtime.c.obj
LOAD CMakeFiles/hello_double_tap.dir/home/umetsu/HDD2/pico/pico-sdk/src/rp2_common/pico_runtime_init/runtime_init.c.obj
LOAD CMakeFiles/hello_double_tap.dir/home/umetsu/HDD2/pico/pico-sdk/src/rp2_common/pico_runtime_init/runtime_init_clocks.c.obj
LOAD CMakeFiles/hello_double_tap.dir/home/umetsu/HDD2/pico/pico-sdk/src/rp2_common/pico_runtime_init/runtime_init_stack_guard.c.obj
LOAD CMakeFiles/hello_double_tap.dir/home/umetsu/HDD2/pico/pico-sdk/src/rp2_common/pico_bit_ops/bit_ops_aeabi.S.obj
LOAD CMakeFiles/hello_double_tap.dir/home/umetsu/HDD2/pico/pico-sdk/src/rp2_common/pico_bootrom/bootrom.c.obj
LOAD CMakeFiles/hello_double_tap.dir/home/umetsu/HDD2/pico/pico-sdk/src/rp2_common/pico_bootrom/bootrom_lock.c.obj
LOAD CMakeFiles/hello_double_tap.dir/home/umetsu/HDD2/pico/pico-sdk/src/rp2_common/hardware_boot_lock/boot_lock.c.obj
LOAD CMakeFiles/hello_double_tap.dir/home/umetsu/HDD2/pico/pico-sdk/src/rp2_common/pico_divider/divider_hardware.S.obj
LOAD CMakeFiles/hello_double_tap.dir/home/umetsu/HDD2/pico/pico-sdk/src/rp2_common/pico_double/double_aeabi_rp2040.S.obj
LOAD CMakeFiles/hello_double_tap.dir/home/umetsu/HDD2/pico/pico-sdk/src/rp2_common/pico_double/double_init_rom_rp2040.c.obj
LOAD CMakeFiles/hello_double_tap.dir/home/umetsu/HDD2/pico/pico-sdk/src/rp2_common/pico_double/double_math.c.obj
LOAD CMakeFiles/hello_double_tap.dir/home/umetsu/HDD2/pico/pico-sdk/src/rp2_common/pico_double/double_v1_rom_shim_rp2040.S.obj
LOAD CMakeFiles/hello_double_tap.dir/home/umetsu/HDD2/pico/pico-sdk/src/rp2_common/pico_int64_ops/pico_int64_ops_aeabi.S.obj
LOAD CMakeFiles/hello_double_tap.dir/home/umetsu/HDD2/pico/pico-sdk/src/rp2_common/pico_float/float_aeabi_rp2040.S.obj
LOAD CMakeFiles/hello_double_tap.dir/home/umetsu/HDD2/pico/pico-sdk/src/rp2_common/pico_float/float_init_rom_rp2040.c.obj
LOAD CMakeFiles/hello_double_tap.dir/home/umetsu/HDD2/pico/pico-sdk/src/rp2_common/pico_float/float_math.c.obj
LOAD CMakeFiles/hello_double_tap.dir/home/umetsu/HDD2/pico/pico-sdk/src/rp2_common/pico_float/float_v1_rom_shim_rp2040.S.obj
LOAD CMakeFiles/hello_double_tap.dir/home/umetsu/HDD2/pico/pico-sdk/src/rp2_common/pico_malloc/malloc.c.obj
LOAD CMakeFiles/hello_double_tap.dir/home/umetsu/HDD2/pico/pico-sdk/src/rp2_common/pico_mem_ops/mem_ops_aeabi.S.obj
LOAD CMakeFiles/hello_double_tap.dir/home/umetsu/HDD2/pico/pico-sdk/src/rp2_common/pico_atomic/atomic.c.obj
LOAD CMakeFiles/hello_double_tap.dir/home/umetsu/HDD2/pico/pico-sdk/src/rp2_common/pico_cxx_options/new_delete.cpp.obj
LOAD CMakeFiles/hello_double_tap.dir/home/umetsu/HDD2/pico/pico-sdk/src/rp2_common/pico_standard_binary_info/standard_binary_info.c.obj
LOAD CMakeFiles/hello_double_tap.dir/home/umetsu/HDD2/pico/pico-sdk/src/rp2_common/pico_printf/printf.c.obj
LOAD CMakeFiles/hello_double_tap.dir/home/umetsu/HDD2/pico/pico-sdk/src/rp2_common/pico_crt0/crt0.S.obj
LOAD CMakeFiles/hello_double_tap.dir/home/umetsu/HDD2/pico/pico-sdk/src/rp2_common/pico_clib_interface/newlib_interface.c.obj
LOAD CMakeFiles/hello_double_tap.dir/home/umetsu/HDD2/pico/pico-sdk/src/rp2_common/pico_stdio/stdio.c.obj
LOAD CMakeFiles/hello_double_tap.dir/home/umetsu/HDD2/pico/pico-sdk/src/rp2_common/pico_stdio_uart/stdio_uart.c.obj
LOAD CMakeFiles/hello_double_tap.dir/home/umetsu/HDD2/pico/pico-sdk/src/rp2_common/pico_bootsel_via_double_reset/pico_bootsel_via_double_reset.c.obj
LOAD /tmp/ccOgn8KJ.o
LOAD /usr/lib/gcc/arm-none-eabi/13.2.1/../../../arm-none-eabi/lib/thumb/v6-m/nofp/libstdc++.a
LOAD /usr/lib/gcc/arm-none-eabi/13.2.1/../../../arm-none-eabi/lib/thumb/v6-m/nofp/libm.a
START GROUP
LOAD /usr/lib/gcc/arm-none-eabi/13.2.1/thumb/v6-m/nofp/libgcc.a
LOAD /usr/lib/gcc/arm-none-eabi/13.2.1/../../../arm-none-eabi/lib/thumb/v6-m/nofp/libg.a
LOAD /usr/lib/gcc/arm-none-eabi/13.2.1/../../../arm-none-eabi/lib/thumb/v6-m/nofp/libc.a
END GROUP
START GROUP
LOAD /usr/lib/gcc/arm-none-eabi/13.2.1/thumb/v6-m/nofp/libgcc.a
LOAD /usr/lib/gcc/arm-none-eabi/13.2.1/../../../arm-none-eabi/lib/thumb/v6-m/nofp/libc.a
LOAD /usr/lib/gcc/arm-none-eabi/13.2.1/../../../arm-none-eabi/lib/thumb/v6-m/nofp/libnosys.a
END GROUP
LOAD /usr/lib/gcc/arm-none-eabi/13.2.1/thumb/v6-m/nofp/crtend.o
LOAD /usr/lib/gcc/arm-none-eabi/13.2.1/thumb/v6-m/nofp/crtn.o
OUTPUT(hello_double_tap.elf elf32-littlearm)
LOAD linker stubs

.ARM.attributes
                0x00000000       0x28
 .ARM.attributes
                0x00000000       0x1e /usr/lib/gcc/arm-none-eabi/13.2.1/thumb/v6-m/nofp/crti.o
 .ARM.attributes
                0x0000001e       0x2c /usr/lib/gcc/arm-none-eabi/13.2.1/thumb/v6-m/nofp/crtbegin.o
 .ARM.attributes
                0x0000004a       0x2c CMakeFiles/hello_double_tap.dir/hello_double_tap.c.obj
 .ARM.attributes
                0x00000076       0x2c CMakeFiles/hello_double_tap.dir/home/umetsu/HDD2/pico/pico-sdk/src/rp2_common/hardware_gpio/gpio.c.obj
 .ARM.attributes
                0x000000a2       0x2c CMakeFiles/hello_double_tap.dir/home/umetsu/HDD2/pico/pico-sdk/src/rp2_common/pico_platform_panic/panic.c.obj
 .ARM.attributes
                0x000000ce       0x2c CMakeFiles/hello_double_tap.dir/home/umetsu/HDD2/pico/pico-sdk/src/common/hardware_claim/claim.c.obj
 .ARM.attributes
                0x000000fa       0x2c CMakeFiles/hello_double_tap.dir/home/umetsu/HDD2/pico/pico-sdk/src/rp2_common/hardware_sync/sync.c.obj
 .ARM.attributes
                0x00000126       0x2c CMakeFiles/hello_double_tap.dir/home/umetsu/HDD2/pico/pico-sdk/src/rp2_common/hardware_sync_spin_lock/sync_spin_lock.c.obj
 .ARM.attributes
                0x00000152       0x2c CMakeFiles/hello_double_tap.dir/home/umetsu/HDD2/pico/pico-sdk/src/rp2_common/hardware_irq/irq.c.obj
 .ARM.attributes
                0x0000017e       0x2c CMakeFiles/hello_double_tap.dir/home/umetsu/HDD2/pico/pico-sdk/src/common/pico_sync/lock_core.c.obj
 .ARM.attributes
                0x000001aa       0x2c CMakeFiles/hello_double_tap.dir/home/umetsu/HDD2/pico/pico-sdk/src/common/pico_sync/mutex.c.obj
 .ARM.attributes
                0x000001d6       0x2c CMakeFiles/hello_double_tap.dir/home/umetsu/HDD2/pico/pico-sdk/src/common/pico_time/time.c.obj
 .ARM.attributes
                0x00000202       0x2c CMakeFiles/hello_double_tap.dir/home/umetsu/HDD2/pico/pico-sdk/src/rp2_common/hardware_timer/timer.c.obj
 .ARM.attributes
                0x0000022e       0x2c CMakeFiles/hello_double_tap.dir/home/umetsu/HDD2/pico/pico-sdk/src/rp2_common/hardware_clocks/clocks.c.obj
 .ARM.attributes
                0x0000025a       0x2c CMakeFiles/hello_double_tap.dir/home/umetsu/HDD2/pico/pico-sdk/src/rp2_common/hardware_pll/pll.c.obj
 .ARM.attributes
                0x00000286       0x2c CMakeFiles/hello_double_tap.dir/home/umetsu/HDD2/pico/pico-sdk/src/rp2_common/hardware_ticks/ticks.c.obj
 .ARM.attributes
                0x000002b2       0x2c CMakeFiles/hello_double_tap.dir/home/umetsu/HDD2/pico/pico-sdk/src/rp2_common/hardware_xosc/xosc.c.obj
 .ARM.attributes
                0x000002de       0x2c CMakeFiles/hello_double_tap.dir/home/umetsu/HDD2/pico/pico-sdk/src/rp2_common/pico_runtime/runtime.c.obj
 .ARM.attributes
                0x0000030a       0x2c CMakeFiles/hello_double_tap.dir/home/umetsu/HDD2/pico/pico-sdk/src/rp2_common/pico_runtime_init/runtime_init.c.obj
 .ARM.attributes
                0x00000336       0x2c CMakeFiles/hello_double_tap.dir/home/umetsu/HDD2/pico/pico-sdk/src/rp2_common/pico_runtime_init/runtime_init_clocks.c.obj
 .ARM.attributes
                0x00000362       0x22 CMakeFiles/hello_double_tap.dir/home/umetsu/HDD2/pico/pico-sdk/src/rp2_common/pico_bit_ops/bit_ops_aeabi.S.obj
 .ARM.attributes
                0x00000384       0x2c CMakeFiles/hello_double_tap.dir/home/umetsu/HDD2/pico/pico-sdk/src/rp2_common/pico_bootrom/bootrom.c.obj
 .ARM.attributes
                0x000003b0       0x22 CMakeFiles/hello_double_tap.dir/home/umetsu/HDD2/pico/pico-sdk/src/rp2_common/pico_divider/divider_hardware.S.obj
 .ARM.attributes
                0x000003d2       0x22 CMakeFiles/hello_double_tap.dir/home/umetsu/HDD2/pico/pico-sdk/src/rp2_common/pico_double/double_aeabi_rp2040.S.obj
 .ARM.attributes
                0x000003f4       0x2c CMakeFiles/hello_double_tap.dir/home/umetsu/HDD2/pico/pico-sdk/src/rp2_common/pico_double/double_init_rom_rp2040.c.obj
 .ARM.attributes
                0x00000420       0x22 CMakeFiles/hello_double_tap.dir/home/umetsu/HDD2/pico/pico-sdk/src/rp2_common/pico_double/double_v1_rom_shim_rp2040.S.obj
 .ARM.attributes
                0x00000442       0x22 CMakeFiles/hello_double_tap.dir/home/umetsu/HDD2/pico/pico-sdk/src/rp2_common/pico_int64_ops/pico_int64_ops_aeabi.S.obj
 .ARM.attributes
                0x00000464       0x22 CMakeFiles/hello_double_tap.dir/home/umetsu/HDD2/pico/pico-sdk/src/rp2_common/pico_float/float_aeabi_rp2040.S.obj
 .ARM.attributes
                0x00000486       0x2c CMakeFiles/hello_double_tap.dir/home/umetsu/HDD2/pico/pico-sdk/src/rp2_common/pico_float/float_init_rom_rp2040.c.obj
 .ARM.attributes
                0x000004b2       0x22 CMakeFiles/hello_double_tap.dir/home/umetsu/HDD2/pico/pico-sdk/src/rp2_common/pico_float/float_v1_rom_shim_rp2040.S.obj
 .ARM.attributes
                0x000004d4       0x22 CMakeFiles/hello_double_tap.dir/home/umetsu/HDD2/pico/pico-sdk/src/rp2_common/pico_mem_ops/mem_ops_aeabi.S.obj
 .ARM.attributes
                0x000004f6       0x2c CMakeFiles/hello_double_tap.dir/home/umetsu/HDD2/pico/pico-sdk/src/rp2_common/pico_standard_binary_info/standard_binary_info.c.obj
 .ARM.attributes
                0x00000522       0x2c CMakeFiles/hello_double_tap.dir/home/umetsu/HDD2/pico/pico-sdk/src/rp2_common/pico_printf/printf.c.obj
 .ARM.attributes
                0x0000054e       0x22 CMakeFiles/hello_double_tap.dir/home/umetsu/HDD2/pico/pico-sdk/src/rp2_common/pico_crt0/crt0.S.obj
 .ARM.attributes
                0x00000570       0x2c CMakeFiles/hello_double_tap.dir/home/umetsu/HDD2/pico/pico-sdk/src/rp2_common/pico_clib_interface/newlib_interface.c.obj
 .ARM.attributes
                0x0000059c       0x2c CMakeFiles/hello_double_tap.dir/home/umetsu/HDD2/pico/pico-sdk/src/rp2_common/pico_stdio/stdio.c.obj
 .ARM.attributes
                0x000005c8       0x2c CMakeFiles/hello_double_tap.dir/home/umetsu/HDD2/pico/pico-sdk/src/rp2_common/pico_bootsel_via_double_reset/pico_bootsel_via_double_reset.c.obj
 .ARM.attributes
                0x000005f4       0x22 /tmp/ccOgn8KJ.o
 .ARM.attributes
                0x00000616       0x1e /usr/lib/gcc/arm-none-eabi/13.2.1/thumb/v6-m/nofp/libgcc.a(_dvmd_tls.o)
 .ARM.attributes
                0x00000634       0x2c /usr/lib/gcc/arm-none-eabi/13.2.1/../../../arm-none-eabi/lib/thumb/v6-m/nofp/libg.a(libc_a-atexit.o)
 .ARM.attributes
                0x00000660       0x2c /usr/lib/gcc/arm-none-eabi/13.2.1/../../../arm-none-eabi/lib/thumb/v6-m/nofp/libg.a(libc_a-strlen-stub.o)
 .ARM.attributes
                0x0000068c       0x2c /usr/lib/gcc/arm-none-eabi/13.2.1/../../../arm-none-eabi/lib/thumb/v6-m/nofp/libg.a(libc_a-fini.o)
 .ARM.attributes
                0x000006b8       0x2c /usr/lib/gcc/arm-none-eabi/13.2.1/../../../arm-none-eabi/lib/thumb/v6-m/nofp/libg.a(libc_a-__atexit.o)
 .ARM.attributes
                0x000006e4       0x2c /usr/lib/gcc/arm-none-eabi/13.2.1/../../../arm-none-eabi/lib/thumb/v6-m/nofp/libg.a(libc_a-__call_atexit.o)
 .ARM.attributes
                0x00000710       0x2c /usr/lib/gcc/arm-none-eabi/13.2.1/thumb/v6-m/nofp/crtend.o

.comment        0x00000000       0x26
 .comment       0x00000000       0x26 /usr/lib/gcc/arm-none-eabi/13.2.1/thumb/v6-m/nofp/crtbegin.o
                                 0x27 (size before relaxing)
 .comment       0x00000026       0x27 CMakeFiles/hello_double_tap.dir/hello_double_tap.c.obj
 .comment       0x00000026       0x27 CMakeFiles/hello_double_tap.dir/home/umetsu/HDD2/pico/pico-sdk/src/rp2_common/hardware_gpio/gpio.c.obj
 .comment       0x00000026       0x27 CMakeFiles/hello_double_tap.dir/home/umetsu/HDD2/pico/pico-sdk/src/rp2_common/pico_platform_panic/panic.c.obj
 .comment       0x00000026       0x27 CMakeFiles/hello_double_tap.dir/home/umetsu/HDD2/pico/pico-sdk/src/common/hardware_claim/claim.c.obj
 .comment       0x00000026       0x27 CMakeFiles/hello_double_tap.dir/home/umetsu/HDD2/pico/pico-sdk/src/rp2_common/hardware_sync/sync.c.obj
 .comment       0x00000026       0x27 CMakeFiles/hello_double_tap.dir/home/umetsu/HDD2/pico/pico-sdk/src/rp2_common/hardware_sync_spin_lock/sync_spin_lock.c.obj
 .comment       0x00000026       0x27 CMakeFiles/hello_double_tap.dir/home/umetsu/HDD2/pico/pico-sdk/src/rp2_common/hardware_irq/irq.c.obj
 .comment       0x00000026       0x27 CMakeFiles/hello_double_tap.dir/home/umetsu/HDD2/pico/pico-sdk/src/common/pico_sync/lock_core.c.obj
 .comment       0x00000026       0x27 CMakeFiles/hello_double_tap.dir/home/umetsu/HDD2/pico/pico-sdk/src/common/pico_sync/mutex.c.obj
 .comment       0x00000026       0x27 CMakeFiles/hello_double_tap.dir/home/umetsu/HDD2/pico/pico-sdk/src/common/pico_time/time.c.obj
 .comment       0x00000026       0x27 CMakeFiles/hello_double_tap.dir/home/umetsu/HDD2/pico/pico-sdk/src/rp2_common/hardware_timer/timer.c.obj
 .comment       0x00000026       0x27 CMakeFiles/hello_double_tap.dir/home/umetsu/HDD2/pico/pico-sdk/src/rp2_common/hardware_clocks/clocks.c.obj
 .comment       0x00000026       0x27 CMakeFiles/hello_double_tap.dir/home/umetsu/HDD2/pico/pico-sdk/src/rp2_common/hardware_pll/pll.c.obj
 .comment       0x00000026       0x27 CMakeFiles/hello_double_tap.dir/home/umetsu/HDD2/pico/pico-sdk/src/rp2_common/hardware_ticks/ticks.c.obj
 .comment       0x00000026       0x27 CMakeFiles/hello_double_tap.dir/home/umetsu/HDD2/pico/pico-sdk/src/rp2_common/hardware_xosc/xosc.c.obj
 .comment       0x00000026       0x27 CMakeFiles/hello_double_tap.dir/home/umetsu/HDD2/pico/pico-sdk/src/rp2_common/pico_runtime/runtime.c.obj
 .comment       0x00000026       0x27 CMakeFiles/hello_double_tap.dir/home/umetsu/HDD2/pico/pico-sdk/src/rp2_common/pico_runtime_init/runtime_init.c.obj
 .comment       0x00000026       0x27 CMakeFiles/hello_double_tap.dir/home/umetsu/HDD2/pico/pico-sdk/src/rp2_common/pico_runtime_init/runtime_init_clocks.c.obj
 .comment       0x00000026       0x27 CMakeFiles/hello_double_tap.dir/home/umetsu/HDD2/pico/pico-sdk/src/rp2_common/pico_bootrom/bootrom.c.obj
 .comment       0x00000026       0x27 CMakeFiles/hello_double_tap.dir/home/umetsu/HDD2/pico/pico-sdk/src/rp2_common/pico_double/double_init_rom_rp2040.c.obj
 .comment       0x00000026       0x27 CMakeFiles/hello_double_tap.dir/home/umetsu/HDD2/pico/pico-sdk/src/rp2_common/pico_float/float_init_rom_rp2040.c.obj
 .comment       0x00000026       0x27 CMakeFiles/hello_double_tap.dir/home/umetsu/HDD2/pico/pico-sdk/src/rp2_common/pico_standard_binary_info/standard_binary_info.c.obj
 .comment       0x00000026       0x27 CMakeFiles/hello_double_tap.dir/home/umetsu/HDD2/pico/pico-sdk/src/rp2_common/pico_printf/printf.c.obj
 .comment       0x00000026       0x27 CMakeFiles/hello_double_tap.dir/home/umetsu/HDD2/pico/pico-sdk/src/rp2_common/pico_clib_interface/newlib_interface.c.obj
 .comment       0x00000026       0x27 CMakeFiles/hello_double_tap.dir/home/umetsu/HDD2/pico/pico-sdk/src/rp2_common/pico_stdio/stdio.c.obj
 .comment       0x00000026       0x27 CMakeFiles/hello_double_tap.dir/home/umetsu/HDD2/pico/pico-sdk/src/rp2_common/pico_bootsel_via_double_reset/pico_bootsel_via_double_reset.c.obj
 .comment       0x00000026       0x27 /usr/lib/gcc/arm-none-eabi/13.2.1/../../../arm-none-eabi/lib/thumb/v6-m/nofp/libg.a(libc_a-atexit.o)
 .comment       0x00000026       0x27 /usr/lib/gcc/arm-none-eabi/13.2.1/../../../arm-none-eabi/lib/thumb/v6-m/nofp/libg.a(libc_a-strlen-stub.o)
 .comment       0x00000026       0x27 /usr/lib/gcc/arm-none-eabi/13.2.1/../../../arm-none-eabi/lib/thumb/v6-m/nofp/libg.a(libc_a-fini.o)
 .comment       0x00000026       0x27 /usr/lib/gcc/arm-none-eabi/13.2.1/../../../arm-none-eabi/lib/thumb/v6-m/nofp/libg.a(libc_a-__atexit.o)
 .comment       0x00000026       0x27 /usr/lib/gcc/arm-none-eabi/13.2.1/../../../arm-none-eabi/lib/thumb/v6-m/nofp/libg.a(libc_a-__call_atexit.o)
 .comment       0x00000026       0x27 /usr/lib/gcc/arm-none-eabi/13.2.1/thumb/v6-m/nofp/crtend.o

.debug_info     0x00000000    0x1409b
 .debug_info    0x00000000      0x5fd CMakeFiles/hello_double_tap.dir/hello_double_tap.c.obj
 .debug_info    0x000005fd     0x1d0f CMakeFiles/hello_double_tap.dir/home/umetsu/HDD2/pico/pico-sdk/src/rp2_common/hardware_gpio/gpio.c.obj
 .debug_info    0x0000230c      0x1b4 CMakeFiles/hello_double_tap.dir/home/umetsu/HDD2/pico/pico-sdk/src/rp2_common/pico_platform_panic/panic.c.obj
 .debug_info    0x000024c0      0x699 CMakeFiles/hello_double_tap.dir/home/umetsu/HDD2/pico/pico-sdk/src/common/hardware_claim/claim.c.obj
 .debug_info    0x00002b59      0x44d CMakeFiles/hello_double_tap.dir/home/umetsu/HDD2/pico/pico-sdk/src/rp2_common/hardware_sync/sync.c.obj
 .debug_info    0x00002fa6      0x2eb CMakeFiles/hello_double_tap.dir/home/umetsu/HDD2/pico/pico-sdk/src/rp2_common/hardware_sync_spin_lock/sync_spin_lock.c.obj
 .debug_info    0x00003291     0x1fa1 CMakeFiles/hello_double_tap.dir/home/umetsu/HDD2/pico/pico-sdk/src/rp2_common/hardware_irq/irq.c.obj
 .debug_info    0x00005232      0x1a3 CMakeFiles/hello_double_tap.dir/home/umetsu/HDD2/pico/pico-sdk/src/common/pico_sync/lock_core.c.obj
 .debug_info    0x000053d5     0x1e34 CMakeFiles/hello_double_tap.dir/home/umetsu/HDD2/pico/pico-sdk/src/common/pico_sync/mutex.c.obj
 .debug_info    0x00007209     0x32f3 CMakeFiles/hello_double_tap.dir/home/umetsu/HDD2/pico/pico-sdk/src/common/pico_time/time.c.obj
 .debug_info    0x0000a4fc     0x1974 CMakeFiles/hello_double_tap.dir/home/umetsu/HDD2/pico/pico-sdk/src/rp2_common/hardware_timer/timer.c.obj
 .debug_info    0x0000be70     0x14d9 CMakeFiles/hello_double_tap.dir/home/umetsu/HDD2/pico/pico-sdk/src/rp2_common/hardware_clocks/clocks.c.obj
 .debug_info    0x0000d349      0x637 CMakeFiles/hello_double_tap.dir/home/umetsu/HDD2/pico/pico-sdk/src/rp2_common/hardware_pll/pll.c.obj
 .debug_info    0x0000d980      0x29a CMakeFiles/hello_double_tap.dir/home/umetsu/HDD2/pico/pico-sdk/src/rp2_common/hardware_ticks/ticks.c.obj
 .debug_info    0x0000dc1a      0x1b8 CMakeFiles/hello_double_tap.dir/home/umetsu/HDD2/pico/pico-sdk/src/rp2_common/hardware_xosc/xosc.c.obj
 .debug_info    0x0000ddd2      0x1b0 CMakeFiles/hello_double_tap.dir/home/umetsu/HDD2/pico/pico-sdk/src/rp2_common/pico_runtime/runtime.c.obj
 .debug_info    0x0000df82      0x795 CMakeFiles/hello_double_tap.dir/home/umetsu/HDD2/pico/pico-sdk/src/rp2_common/pico_runtime_init/runtime_init.c.obj
 .debug_info    0x0000e717      0x74d CMakeFiles/hello_double_tap.dir/home/umetsu/HDD2/pico/pico-sdk/src/rp2_common/pico_runtime_init/runtime_init_clocks.c.obj
 .debug_info    0x0000ee64       0x23 CMakeFiles/hello_double_tap.dir/home/umetsu/HDD2/pico/pico-sdk/src/rp2_common/pico_bit_ops/bit_ops_aeabi.S.obj
 .debug_info    0x0000ee87      0x3b2 CMakeFiles/hello_double_tap.dir/home/umetsu/HDD2/pico/pico-sdk/src/rp2_common/pico_bootrom/bootrom.c.obj
 .debug_info    0x0000f239       0x23 CMakeFiles/hello_double_tap.dir/home/umetsu/HDD2/pico/pico-sdk/src/rp2_common/pico_divider/divider_hardware.S.obj
 .debug_info    0x0000f25c       0x23 CMakeFiles/hello_double_tap.dir/home/umetsu/HDD2/pico/pico-sdk/src/rp2_common/pico_double/double_aeabi_rp2040.S.obj
 .debug_info    0x0000f27f      0x31c CMakeFiles/hello_double_tap.dir/home/umetsu/HDD2/pico/pico-sdk/src/rp2_common/pico_double/double_init_rom_rp2040.c.obj
 .debug_info    0x0000f59b       0x23 CMakeFiles/hello_double_tap.dir/home/umetsu/HDD2/pico/pico-sdk/src/rp2_common/pico_double/double_v1_rom_shim_rp2040.S.obj
 .debug_info    0x0000f5be       0x24 CMakeFiles/hello_double_tap.dir/home/umetsu/HDD2/pico/pico-sdk/src/rp2_common/pico_int64_ops/pico_int64_ops_aeabi.S.obj
 .debug_info    0x0000f5e2       0x23 CMakeFiles/hello_double_tap.dir/home/umetsu/HDD2/pico/pico-sdk/src/rp2_common/pico_float/float_aeabi_rp2040.S.obj
 .debug_info    0x0000f605      0x31d CMakeFiles/hello_double_tap.dir/home/umetsu/HDD2/pico/pico-sdk/src/rp2_common/pico_float/float_init_rom_rp2040.c.obj
 .debug_info    0x0000f922       0x23 CMakeFiles/hello_double_tap.dir/home/umetsu/HDD2/pico/pico-sdk/src/rp2_common/pico_float/float_v1_rom_shim_rp2040.S.obj
 .debug_info    0x0000f945       0x23 CMakeFiles/hello_double_tap.dir/home/umetsu/HDD2/pico/pico-sdk/src/rp2_common/pico_mem_ops/mem_ops_aeabi.S.obj
 .debug_info    0x0000f968      0x288 CMakeFiles/hello_double_tap.dir/home/umetsu/HDD2/pico/pico-sdk/src/rp2_common/pico_standard_binary_info/standard_binary_info.c.obj
 .debug_info    0x0000fbf0     0x19c4 CMakeFiles/hello_double_tap.dir/home/umetsu/HDD2/pico/pico-sdk/src/rp2_common/pico_printf/printf.c.obj
 .debug_info    0x000115b4       0x23 CMakeFiles/hello_double_tap.dir/home/umetsu/HDD2/pico/pico-sdk/src/rp2_common/pico_crt0/crt0.S.obj
 .debug_info    0x000115d7      0xbb8 CMakeFiles/hello_double_tap.dir/home/umetsu/HDD2/pico/pico-sdk/src/rp2_common/pico_clib_interface/newlib_interface.c.obj
 .debug_info    0x0001218f     0x14df CMakeFiles/hello_double_tap.dir/home/umetsu/HDD2/pico/pico-sdk/src/rp2_common/pico_stdio/stdio.c.obj
 .debug_info    0x0001366e      0x270 CMakeFiles/hello_double_tap.dir/home/umetsu/HDD2/pico/pico-sdk/src/rp2_common/pico_bootsel_via_double_reset/pico_bootsel_via_double_reset.c.obj
 .debug_info    0x000138de       0x3c /usr/lib/gcc/arm-none-eabi/13.2.1/thumb/v6-m/nofp/libgcc.a(_dvmd_tls.o)
 .debug_info    0x0001391a      0x11e /usr/lib/gcc/arm-none-eabi/13.2.1/../../../arm-none-eabi/lib/thumb/v6-m/nofp/libg.a(libc_a-atexit.o)
 .debug_info    0x00013a38       0xeb /usr/lib/gcc/arm-none-eabi/13.2.1/../../../arm-none-eabi/lib/thumb/v6-m/nofp/libg.a(libc_a-strlen-stub.o)
 .debug_info    0x00013b23       0xf7 /usr/lib/gcc/arm-none-eabi/13.2.1/../../../arm-none-eabi/lib/thumb/v6-m/nofp/libg.a(libc_a-fini.o)
 .debug_info    0x00013c1a      0x1fd /usr/lib/gcc/arm-none-eabi/13.2.1/../../../arm-none-eabi/lib/thumb/v6-m/nofp/libg.a(libc_a-__atexit.o)
 .debug_info    0x00013e17      0x284 /usr/lib/gcc/arm-none-eabi/13.2.1/../../../arm-none-eabi/lib/thumb/v6-m/nofp/libg.a(libc_a-__call_atexit.o)

.debug_abbrev   0x00000000     0x4b9a
 .debug_abbrev  0x00000000      0x1ce CMakeFiles/hello_double_tap.dir/hello_double_tap.c.obj
 .debug_abbrev  0x000001ce      0x42d CMakeFiles/hello_double_tap.dir/home/umetsu/HDD2/pico/pico-sdk/src/rp2_common/hardware_gpio/gpio.c.obj
 .debug_abbrev  0x000005fb      0x12d CMakeFiles/hello_double_tap.dir/home/umetsu/HDD2/pico/pico-sdk/src/rp2_common/pico_platform_panic/panic.c.obj
 .debug_abbrev  0x00000728      0x2b4 CMakeFiles/hello_double_tap.dir/home/umetsu/HDD2/pico/pico-sdk/src/common/hardware_claim/claim.c.obj
 .debug_abbrev  0x000009dc      0x1f4 CMakeFiles/hello_double_tap.dir/home/umetsu/HDD2/pico/pico-sdk/src/rp2_common/hardware_sync/sync.c.obj
 .debug_abbrev  0x00000bd0      0x1f0 CMakeFiles/hello_double_tap.dir/home/umetsu/HDD2/pico/pico-sdk/src/rp2_common/hardware_sync_spin_lock/sync_spin_lock.c.obj
 .debug_abbrev  0x00000dc0      0x5d8 CMakeFiles/hello_double_tap.dir/home/umetsu/HDD2/pico/pico-sdk/src/rp2_common/hardware_irq/irq.c.obj
 .debug_abbrev  0x00001398      0x116 CMakeFiles/hello_double_tap.dir/home/umetsu/HDD2/pico/pico-sdk/src/common/pico_sync/lock_core.c.obj
 .debug_abbrev  0x000014ae      0x424 CMakeFiles/hello_double_tap.dir/home/umetsu/HDD2/pico/pico-sdk/src/common/pico_sync/mutex.c.obj
 .debug_abbrev  0x000018d2      0x630 CMakeFiles/hello_double_tap.dir/home/umetsu/HDD2/pico/pico-sdk/src/common/pico_time/time.c.obj
 .debug_abbrev  0x00001f02      0x473 CMakeFiles/hello_double_tap.dir/home/umetsu/HDD2/pico/pico-sdk/src/rp2_common/hardware_timer/timer.c.obj
 .debug_abbrev  0x00002375      0x431 CMakeFiles/hello_double_tap.dir/home/umetsu/HDD2/pico/pico-sdk/src/rp2_common/hardware_clocks/clocks.c.obj
 .debug_abbrev  0x000027a6      0x20e CMakeFiles/hello_double_tap.dir/home/umetsu/HDD2/pico/pico-sdk/src/rp2_common/hardware_pll/pll.c.obj
 .debug_abbrev  0x000029b4      0x152 CMakeFiles/hello_double_tap.dir/home/umetsu/HDD2/pico/pico-sdk/src/rp2_common/hardware_ticks/ticks.c.obj
 .debug_abbrev  0x00002b06      0x11d CMakeFiles/hello_double_tap.dir/home/umetsu/HDD2/pico/pico-sdk/src/rp2_common/hardware_xosc/xosc.c.obj
 .debug_abbrev  0x00002c23      0x149 CMakeFiles/hello_double_tap.dir/home/umetsu/HDD2/pico/pico-sdk/src/rp2_common/pico_runtime/runtime.c.obj
 .debug_abbrev  0x00002d6c      0x20f CMakeFiles/hello_double_tap.dir/home/umetsu/HDD2/pico/pico-sdk/src/rp2_common/pico_runtime_init/runtime_init.c.obj
 .debug_abbrev  0x00002f7b      0x2b3 CMakeFiles/hello_double_tap.dir/home/umetsu/HDD2/pico/pico-sdk/src/rp2_common/pico_runtime_init/runtime_init_clocks.c.obj
 .debug_abbrev  0x0000322e       0x12 CMakeFiles/hello_double_tap.dir/home/umetsu/HDD2/pico/pico-sdk/src/rp2_common/pico_bit_ops/bit_ops_aeabi.S.obj
 .debug_abbrev  0x00003240      0x1a0 CMakeFiles/hello_double_tap.dir/home/umetsu/HDD2/pico/pico-sdk/src/rp2_common/pico_bootrom/bootrom.c.obj
 .debug_abbrev  0x000033e0       0x12 CMakeFiles/hello_double_tap.dir/home/umetsu/HDD2/pico/pico-sdk/src/rp2_common/pico_divider/divider_hardware.S.obj
 .debug_abbrev  0x000033f2       0x12 CMakeFiles/hello_double_tap.dir/home/umetsu/HDD2/pico/pico-sdk/src/rp2_common/pico_double/double_aeabi_rp2040.S.obj
 .debug_abbrev  0x00003404      0x1ab CMakeFiles/hello_double_tap.dir/home/umetsu/HDD2/pico/pico-sdk/src/rp2_common/pico_double/double_init_rom_rp2040.c.obj
 .debug_abbrev  0x000035af       0x12 CMakeFiles/hello_double_tap.dir/home/umetsu/HDD2/pico/pico-sdk/src/rp2_common/pico_double/double_v1_rom_shim_rp2040.S.obj
 .debug_abbrev  0x000035c1       0x14 CMakeFiles/hello_double_tap.dir/home/umetsu/HDD2/pico/pico-sdk/src/rp2_common/pico_int64_ops/pico_int64_ops_aeabi.S.obj
 .debug_abbrev  0x000035d5       0x12 CMakeFiles/hello_double_tap.dir/home/umetsu/HDD2/pico/pico-sdk/src/rp2_common/pico_float/float_aeabi_rp2040.S.obj
 .debug_abbrev  0x000035e7      0x1ae CMakeFiles/hello_double_tap.dir/home/umetsu/HDD2/pico/pico-sdk/src/rp2_common/pico_float/float_init_rom_rp2040.c.obj
 .debug_abbrev  0x00003795       0x12 CMakeFiles/hello_double_tap.dir/home/umetsu/HDD2/pico/pico-sdk/src/rp2_common/pico_float/float_v1_rom_shim_rp2040.S.obj
 .debug_abbrev  0x000037a7       0x12 CMakeFiles/hello_double_tap.dir/home/umetsu/HDD2/pico/pico-sdk/src/rp2_common/pico_mem_ops/mem_ops_aeabi.S.obj
 .debug_abbrev  0x000037b9       0xb8 CMakeFiles/hello_double_tap.dir/home/umetsu/HDD2/pico/pico-sdk/src/rp2_common/pico_standard_binary_info/standard_binary_info.c.obj
 .debug_abbrev  0x00003871      0x38e CMakeFiles/hello_double_tap.dir/home/umetsu/HDD2/pico/pico-sdk/src/rp2_common/pico_printf/printf.c.obj
 .debug_abbrev  0x00003bff       0x12 CMakeFiles/hello_double_tap.dir/home/umetsu/HDD2/pico/pico-sdk/src/rp2_common/pico_crt0/crt0.S.obj
 .debug_abbrev  0x00003c11      0x35f CMakeFiles/hello_double_tap.dir/home/umetsu/HDD2/pico/pico-sdk/src/rp2_common/pico_clib_interface/newlib_interface.c.obj
 .debug_abbrev  0x00003f70      0x520 CMakeFiles/hello_double_tap.dir/home/umetsu/HDD2/pico/pico-sdk/src/rp2_common/pico_stdio/stdio.c.obj
 .debug_abbrev  0x00004490      0x19c CMakeFiles/hello_double_tap.dir/home/umetsu/HDD2/pico/pico-sdk/src/rp2_common/pico_bootsel_via_double_reset/pico_bootsel_via_double_reset.c.obj
 .debug_abbrev  0x0000462c       0x26 /usr/lib/gcc/arm-none-eabi/13.2.1/thumb/v6-m/nofp/libgcc.a(_dvmd_tls.o)
 .debug_abbrev  0x00004652       0xbe /usr/lib/gcc/arm-none-eabi/13.2.1/../../../arm-none-eabi/lib/thumb/v6-m/nofp/libg.a(libc_a-atexit.o)
 .debug_abbrev  0x00004710       0x90 /usr/lib/gcc/arm-none-eabi/13.2.1/../../../arm-none-eabi/lib/thumb/v6-m/nofp/libg.a(libc_a-strlen-stub.o)
 .debug_abbrev  0x000047a0       0xc9 /usr/lib/gcc/arm-none-eabi/13.2.1/../../../arm-none-eabi/lib/thumb/v6-m/nofp/libg.a(libc_a-fini.o)
 .debug_abbrev  0x00004869      0x157 /usr/lib/gcc/arm-none-eabi/13.2.1/../../../arm-none-eabi/lib/thumb/v6-m/nofp/libg.a(libc_a-__atexit.o)
 .debug_abbrev  0x000049c0      0x1da /usr/lib/gcc/arm-none-eabi/13.2.1/../../../arm-none-eabi/lib/thumb/v6-m/nofp/libg.a(libc_a-__call_atexit.o)

.debug_loclists
                0x00000000     0x83ac
 .debug_loclists
                0x00000000       0xa8 CMakeFiles/hello_double_tap.dir/hello_double_tap.c.obj
 .debug_loclists
                0x000000a8      0xf25 CMakeFiles/hello_double_tap.dir/home/umetsu/HDD2/pico/pico-sdk/src/rp2_common/hardware_gpio/gpio.c.obj
 .debug_loclists
                0x00000fcd      0x2af CMakeFiles/hello_double_tap.dir/home/umetsu/HDD2/pico/pico-sdk/src/common/hardware_claim/claim.c.obj
 .debug_loclists
                0x0000127c       0xe6 CMakeFiles/hello_double_tap.dir/home/umetsu/HDD2/pico/pico-sdk/src/rp2_common/hardware_sync/sync.c.obj
 .debug_loclists
                0x00001362       0xa8 CMakeFiles/hello_double_tap.dir/home/umetsu/HDD2/pico/pico-sdk/src/rp2_common/hardware_sync_spin_lock/sync_spin_lock.c.obj
 .debug_loclists
                0x0000140a      0xda2 CMakeFiles/hello_double_tap.dir/home/umetsu/HDD2/pico/pico-sdk/src/rp2_common/hardware_irq/irq.c.obj
 .debug_loclists
                0x000021ac       0x50 CMakeFiles/hello_double_tap.dir/home/umetsu/HDD2/pico/pico-sdk/src/common/pico_sync/lock_core.c.obj
 .debug_loclists
                0x000021fc      0xaec CMakeFiles/hello_double_tap.dir/home/umetsu/HDD2/pico/pico-sdk/src/common/pico_sync/mutex.c.obj
 .debug_loclists
                0x00002ce8     0x16eb CMakeFiles/hello_double_tap.dir/home/umetsu/HDD2/pico/pico-sdk/src/common/pico_time/time.c.obj
 .debug_loclists
                0x000043d3      0x971 CMakeFiles/hello_double_tap.dir/home/umetsu/HDD2/pico/pico-sdk/src/rp2_common/hardware_timer/timer.c.obj
 .debug_loclists
                0x00004d44      0x9d3 CMakeFiles/hello_double_tap.dir/home/umetsu/HDD2/pico/pico-sdk/src/rp2_common/hardware_clocks/clocks.c.obj
 .debug_loclists
                0x00005717      0x23b CMakeFiles/hello_double_tap.dir/home/umetsu/HDD2/pico/pico-sdk/src/rp2_common/hardware_pll/pll.c.obj
 .debug_loclists
                0x00005952       0x47 CMakeFiles/hello_double_tap.dir/home/umetsu/HDD2/pico/pico-sdk/src/rp2_common/hardware_ticks/ticks.c.obj
 .debug_loclists
                0x00005999       0x48 CMakeFiles/hello_double_tap.dir/home/umetsu/HDD2/pico/pico-sdk/src/rp2_common/hardware_xosc/xosc.c.obj
 .debug_loclists
                0x000059e1       0x58 CMakeFiles/hello_double_tap.dir/home/umetsu/HDD2/pico/pico-sdk/src/rp2_common/pico_runtime/runtime.c.obj
 .debug_loclists
                0x00005a39       0xba CMakeFiles/hello_double_tap.dir/home/umetsu/HDD2/pico/pico-sdk/src/rp2_common/pico_runtime_init/runtime_init.c.obj
 .debug_loclists
                0x00005af3       0x7b CMakeFiles/hello_double_tap.dir/home/umetsu/HDD2/pico/pico-sdk/src/rp2_common/pico_runtime_init/runtime_init_clocks.c.obj
 .debug_loclists
                0x00005b6e      0x189 CMakeFiles/hello_double_tap.dir/home/umetsu/HDD2/pico/pico-sdk/src/rp2_common/pico_bootrom/bootrom.c.obj
 .debug_loclists
                0x00005cf7       0x60 CMakeFiles/hello_double_tap.dir/home/umetsu/HDD2/pico/pico-sdk/src/rp2_common/pico_double/double_init_rom_rp2040.c.obj
 .debug_loclists